Component: ARM Compiler 5.06 update 7 (build 960) Tool: armlink [4d3601]

==============================================================================

Section Cross References

    startup_stm32f103xe.o(STACK) refers (Special) to heapauxi.o(.text) for __use_two_region_memory
    startup_stm32f103xe.o(HEAP) refers (Special) to heapauxi.o(.text) for __use_two_region_memory
    startup_stm32f103xe.o(RESET) refers (Special) to heapauxi.o(.text) for __use_two_region_memory
    startup_stm32f103xe.o(RESET) refers to startup_stm32f103xe.o(STACK) for __initial_sp
    startup_stm32f103xe.o(RESET) refers to startup_stm32f103xe.o(.text) for Reset_Handler
    startup_stm32f103xe.o(RESET) refers to stm32f1xx_it.o(i.NMI_Handler) for NMI_Handler
    startup_stm32f103xe.o(RESET) refers to stm32f1xx_it.o(i.HardFault_Handler) for HardFault_Handler
    startup_stm32f103xe.o(RESET) refers to stm32f1xx_it.o(i.MemManage_Handler) for MemManage_Handler
    startup_stm32f103xe.o(RESET) refers to stm32f1xx_it.o(i.BusFault_Handler) for BusFault_Handler
    startup_stm32f103xe.o(RESET) refers to stm32f1xx_it.o(i.UsageFault_Handler) for UsageFault_Handler
    startup_stm32f103xe.o(RESET) refers to stm32f1xx_it.o(i.SVC_Handler) for SVC_Handler
    startup_stm32f103xe.o(RESET) refers to stm32f1xx_it.o(i.DebugMon_Handler) for DebugMon_Handler
    startup_stm32f103xe.o(RESET) refers to stm32f1xx_it.o(i.PendSV_Handler) for PendSV_Handler
    startup_stm32f103xe.o(RESET) refers to stm32f1xx_it.o(i.SysTick_Handler) for SysTick_Handler
    startup_stm32f103xe.o(RESET) refers to stm32f1xx_it.o(i.DMA1_Channel3_IRQHandler) for DMA1_Channel3_IRQHandler
    startup_stm32f103xe.o(RESET) refers to stm32f1xx_it.o(i.DMA1_Channel6_IRQHandler) for DMA1_Channel6_IRQHandler
    startup_stm32f103xe.o(RESET) refers to stm32f1xx_it.o(i.USART2_IRQHandler) for USART2_IRQHandler
    startup_stm32f103xe.o(RESET) refers to stm32f1xx_it.o(i.USART3_IRQHandler) for USART3_IRQHandler
    startup_stm32f103xe.o(.text) refers (Special) to heapauxi.o(.text) for __use_two_region_memory
    startup_stm32f103xe.o(.text) refers to system_stm32f1xx.o(i.SystemInit) for SystemInit
    startup_stm32f103xe.o(.text) refers to __main.o(!!!main) for __main
    startup_stm32f103xe.o(.text) refers to startup_stm32f103xe.o(HEAP) for Heap_Mem
    startup_stm32f103xe.o(.text) refers to startup_stm32f103xe.o(STACK) for Stack_Mem
    main.o(i.PG_Status_Send) refers to _printf_pad.o(.text) for _printf_pre_padding
    main.o(i.PG_Status_Send) refers to _printf_percent.o(.ARM.Collect$$_printf_percent$$00000000) for _printf_percent
    main.o(i.PG_Status_Send) refers to _printf_d.o(.ARM.Collect$$_printf_percent$$00000009) for _printf_d
    main.o(i.PG_Status_Send) refers to _printf_dec.o(.text) for _printf_int_dec
    main.o(i.PG_Status_Send) refers to rt_memcpy_w.o(.text) for __aeabi_memcpy4
    main.o(i.PG_Status_Send) refers to stm32f1xx_hal_gpio.o(i.HAL_GPIO_ReadPin) for HAL_GPIO_ReadPin
    main.o(i.PG_Status_Send) refers to __2sprintf.o(.text) for __2sprintf
    main.o(i.PG_Status_Send) refers to stm32f1xx_hal_uart.o(i.HAL_UART_Transmit) for HAL_UART_Transmit
    main.o(i.PG_Status_Send) refers to main.o(.constdata) for .constdata
    main.o(i.PG_Status_Send) refers to usart.o(.bss) for huart2
    main.o(i.SystemClock_Config) refers to rt_memclr_w.o(.text) for __aeabi_memclr4
    main.o(i.SystemClock_Config) refers to stm32f1xx_hal_rcc.o(i.HAL_RCC_OscConfig) for HAL_RCC_OscConfig
    main.o(i.SystemClock_Config) refers to main.o(i.Error_Handler) for Error_Handler
    main.o(i.SystemClock_Config) refers to stm32f1xx_hal_rcc.o(i.HAL_RCC_ClockConfig) for HAL_RCC_ClockConfig
    main.o(i.main) refers to stm32f1xx_hal.o(i.HAL_Init) for HAL_Init
    main.o(i.main) refers to main.o(i.SystemClock_Config) for SystemClock_Config
    main.o(i.main) refers to gpio.o(i.MX_GPIO_Init) for MX_GPIO_Init
    main.o(i.main) refers to dma.o(i.MX_DMA_Init) for MX_DMA_Init
    main.o(i.main) refers to tim.o(i.MX_TIM1_Init) for MX_TIM1_Init
    main.o(i.main) refers to tim.o(i.MX_TIM2_Init) for MX_TIM2_Init
    main.o(i.main) refers to tim.o(i.MX_TIM3_Init) for MX_TIM3_Init
    main.o(i.main) refers to tim.o(i.MX_TIM4_Init) for MX_TIM4_Init
    main.o(i.main) refers to usart.o(i.MX_USART2_UART_Init) for MX_USART2_UART_Init
    main.o(i.main) refers to usart.o(i.MX_USART3_UART_Init) for MX_USART3_UART_Init
    main.o(i.main) refers to motor.o(i.Motor_Init) for Motor_Init
    main.o(i.main) refers to motor.o(i.Motor_TestAll) for Motor_TestAll
    main.o(i.main) refers to main.o(i.PG_Status_Send) for PG_Status_Send
    main.o(i.main) refers to stm32f1xx_hal.o(i.HAL_Delay) for HAL_Delay
    gpio.o(i.MX_GPIO_Init) refers to stm32f1xx_hal_gpio.o(i.HAL_GPIO_WritePin) for HAL_GPIO_WritePin
    gpio.o(i.MX_GPIO_Init) refers to stm32f1xx_hal_gpio.o(i.HAL_GPIO_Init) for HAL_GPIO_Init
    dma.o(i.MX_DMA_Init) refers to stm32f1xx_hal_cortex.o(i.HAL_NVIC_SetPriority) for HAL_NVIC_SetPriority
[...]
    Removing stm32f1xx_hal_uart.o(i.HAL_UARTEx_ReceiveToIdle_DMA), (112 bytes).
    Removing stm32f1xx_hal_uart.o(i.HAL_UARTEx_ReceiveToIdle_IT), (114 bytes).
    Removing stm32f1xx_hal_uart.o(i.HAL_UART_Abort), (278 bytes).
    Removing stm32f1xx_hal_uart.o(i.HAL_UART_AbortCpltCallback), (2 bytes).
    Removing stm32f1xx_hal_uart.o(i.HAL_UART_AbortReceive), (194 bytes).
    Removing stm32f1xx_hal_uart.o(i.HAL_UART_AbortReceiveCpltCallback), (2 bytes).
    Removing stm32f1xx_hal_uart.o(i.HAL_UART_AbortReceive_IT), (216 bytes).
    Removing stm32f1xx_hal_uart.o(i.HAL_UART_AbortTransmit), (124 bytes).
    Removing stm32f1xx_hal_uart.o(i.HAL_UART_AbortTransmitCpltCallback), (2 bytes).
    Removing stm32f1xx_hal_uart.o(i.HAL_UART_AbortTransmit_IT), (144 bytes).
    Removing stm32f1xx_hal_uart.o(i.HAL_UART_Abort_IT), (328 bytes).
    Removing stm32f1xx_hal_uart.o(i.HAL_UART_DMAPause), (166 bytes).
    Removing stm32f1xx_hal_uart.o(i.HAL_UART_DMAResume), (170 bytes).
    Removing stm32f1xx_hal_uart.o(i.HAL_UART_DMAStop), (138 bytes).
    Removing stm32f1xx_hal_uart.o(i.HAL_UART_DeInit), (62 bytes).
    Removing stm32f1xx_hal_uart.o(i.HAL_UART_GetError), (6 bytes).
    Removing stm32f1xx_hal_uart.o(i.HAL_UART_GetState), (20 bytes).
    Removing stm32f1xx_hal_uart.o(i.HAL_UART_MspDeInit), (2 bytes).
    Removing stm32f1xx_hal_uart.o(i.HAL_UART_MspInit), (2 bytes).
    Removing stm32f1xx_hal_uart.o(i.HAL_UART_Receive), (194 bytes).
    Removing stm32f1xx_hal_uart.o(i.HAL_UART_Receive_DMA), (44 bytes).
    Removing stm32f1xx_hal_uart.o(i.HAL_UART_Receive_IT), (44 bytes).
    Removing stm32f1xx_hal_uart.o(i.HAL_UART_RxHalfCpltCallback), (2 bytes).
    Removing stm32f1xx_hal_uart.o(i.HAL_UART_Transmit_DMA), (140 bytes).
    Removing stm32f1xx_hal_uart.o(i.HAL_UART_Transmit_IT), (56 bytes).
    Removing stm32f1xx_hal_uart.o(i.HAL_UART_TxHalfCpltCallback), (2 bytes).
    Removing stm32f1xx_hal_uart.o(i.UART_DMAError), (80 bytes).
    Removing stm32f1xx_hal_uart.o(i.UART_DMAReceiveCplt), (180 bytes).
    Removing stm32f1xx_hal_uart.o(i.UART_DMARxAbortCallback), (56 bytes).
    Removing stm32f1xx_hal_uart.o(i.UART_DMARxHalfCplt), (36 bytes).
    Removing stm32f1xx_hal_uart.o(i.UART_DMARxOnlyAbortCallback), (28 bytes).
    Removing stm32f1xx_hal_uart.o(i.UART_DMATransmitCplt), (88 bytes).
    Removing stm32f1xx_hal_uart.o(i.UART_DMATxAbortCallback), (56 bytes).
    Removing stm32f1xx_hal_uart.o(i.UART_DMATxHalfCplt), (14 bytes).
    Removing stm32f1xx_hal_uart.o(i.UART_DMATxOnlyAbortCallback), (24 bytes).
    Removing stm32f1xx_hal_uart.o(i.UART_EndTxTransfer), (38 bytes).
    Removing stm32f1xx_hal_uart.o(i.UART_Start_Receive_DMA), (200 bytes).
    Removing stm32f1xx_hal_uart.o(i.UART_Start_Receive_IT), (64 bytes).
    Removing system_stm32f1xx.o(.rev16_text), (4 bytes).
    Removing system_stm32f1xx.o(.revsh_text), (4 bytes).
    Removing system_stm32f1xx.o(.rrx_text), (6 bytes).
    Removing system_stm32f1xx.o(i.SystemCoreClockUpdate), (164 bytes).
    Removing motor.o(.rev16_text), (4 bytes).
    Removing motor.o(.revsh_text), (4 bytes).
    Removing motor.o(.rrx_text), (6 bytes).
    Removing motor.o(i.Motor_SetSpeed), (200 bytes).

381 unused section(s) (total 33490 bytes) removed from the image.

==============================================================================

Image Symbol Table

    Local Symbols

    Symbol Name                              Value     Ov Type        Size  Object(Section)

    ../Core/Src/dma.c                        0x00000000   Number         0  dma.o ABSOLUTE
    ../Core/Src/gpio.c                       0x00000000   Number         0  gpio.o ABSOLUTE
    ../Core/Src/main.c                       0x00000000   Number         0  main.o ABSOLUTE
    ../Core/Src/stm32f1xx_hal_msp.c          0x00000000   Number         0  stm32f1xx_hal_msp.o ABSOLUTE
    ../Core/Src/stm32f1xx_it.c               0x00000000   Number         0  stm32f1xx_it.o ABSOLUTE
    ../Core/Src/system_stm32f1xx.c           0x00000000   Number         0  system_stm32f1xx.o ABSOLUTE
    ../Core/Src/tim.c                        0x00000000   Number         0  tim.o ABSOLUTE
    ../Core/Src/usart.c                      0x00000000   Number         0  usart.o ABSOLUTE
    ../Drivers/STM32F1xx_HAL_Driver/Src/stm32f1xx_hal.c 0x00000000   Number         0  stm32f1xx_hal.o ABSOLUTE
    ../Drivers/STM32F1xx_HAL_Driver/Src/stm32f1xx_hal_cortex.c 0x00000000   Number         0  stm32f1xx_hal_cortex.o ABSOLUTE
    ../Drivers/STM32F1xx_HAL_Driver/Src/stm32f1xx_hal_dma.c 0x00000000   Number         0  stm32f1xx_hal_dma.o ABSOLUTE
    ../Drivers/STM32F1xx_HAL_Driver/Src/stm32f1xx_hal_exti.c 0x00000000   Number         0  stm32f1xx_hal_exti.o ABSOLUTE
    ../Drivers/STM32F1xx_HAL_Driver/Src/stm32f1xx_hal_flash.c 0x00000000   Number         0  stm32f1xx_hal_flash.o ABSOLUTE
    ../Drivers/STM32F1xx_HAL_Driver/Src/stm32f1xx_hal_flash_ex.c 0x00000000   Number         0  stm32f1xx_hal_flash_ex.o ABSOLUTE
    ../Drivers/STM32F1xx_HAL_Driver/Src/stm32f1xx_hal_gpio.c 0x00000000   Number         0  stm32f1xx_hal_gpio.o ABSOLUTE
    ../Drivers/STM32F1xx_HAL_Driver/Src/stm32f1xx_hal_gpio_ex.c 0x00000000   Number         0  stm32f1xx_hal_gpio_ex.o ABSOLUTE
    ../Drivers/STM32F1xx_HAL_Driver/Src/stm32f1xx_hal_pwr.c 0x00000000   Number         0  stm32f1xx_hal_pwr.o ABSOLUTE
    ../Drivers/STM32F1xx_HAL_Driver/Src/stm32f1xx_hal_rcc.c 0x00000000   Number         0  stm32f1xx_hal_rcc.o ABSOLUTE
    ../Drivers/STM32F1xx_HAL_Driver/Src/stm32f1xx_hal_rcc_ex.c 0x00000000   Number         0  stm32f1xx_hal_rcc_ex.o ABSOLUTE
    ../Drivers/STM32F1xx_HAL_Driver/Src/stm32f1xx_hal_tim.c 0x00000000   Number         0  stm32f1xx_hal_tim.o ABSOLUTE
    ../Drivers/STM32F1xx_HAL_Driver/Src/stm32f1xx_hal_tim_ex.c 0x00000000   Number         0  stm32f1xx_hal_tim_ex.o ABSOLUTE
    ../Drivers/STM32F1xx_HAL_Driver/Src/stm32f1xx_hal_uart.c 0x00000000   Number         0  stm32f1xx_hal_uart.o ABSOLUTE
    ../clib/angel/boardlib.s                 0x00000000   Number         0  boardshut.o ABSOLUTE
    ../clib/angel/boardlib.s                 0x00000000   Number         0  boardinit3.o ABSOLUTE
    ../clib/angel/boardlib.s                 0x00000000   Number         0  boardinit2.o ABSOLUTE
    ../clib/angel/boardlib.s                 0x00000000   Number         0  boardinit1.o ABSOLUTE
    ../clib/angel/handlers.s                 0x00000000   Number         0  __scatter_copy.o ABSOLUTE
    ../clib/angel/handlers.s                 0x00000000   Number         0  __scatter_zi.o ABSOLUTE
    ../clib/angel/kernel.s                   0x00000000   Number         0  __rtentry2.o ABSOLUTE
    ../clib/angel/kernel.s                   0x00000000   Number         0  rtexit2.o ABSOLUTE
    ../clib/angel/kernel.s                   0x00000000   Number         0  rtexit.o ABSOLUTE
    ../clib/angel/kernel.s                   0x00000000   Number         0  __rtentry.o ABSOLUTE
    ../clib/angel/kernel.s                   0x00000000   Number         0  __rtentry4.o ABSOLUTE
    ../clib/angel/rt.s                       0x00000000   Number         0  rt_raise.o ABSOLUTE
    ../clib/angel/scatter.s                  0x00000000   Number         0  __scatter.o ABSOLUTE
    ../clib/angel/startup.s                  0x00000000   Number         0  __main.o ABSOLUTE
    ../clib/angel/sys.s                      0x00000000   Number         0  indicate_semi.o ABSOLUTE
    ../clib/angel/sys.s                      0x00000000   Number         0  use_no_semi.o ABSOLUTE
    ../clib/angel/sys.s                      0x00000000   Number         0  sys_stackheap_outer.o ABSOLUTE
    ../clib/angel/sys.s                      0x00000000   Number         0  libspace.o ABSOLUTE
    ../clib/angel/sysapp.c                   0x00000000   Number         0  sys_command.o ABSOLUTE
    ../clib/angel/sysapp.c                   0x00000000   Number         0  sys_exit.o ABSOLUTE
    ../clib/angel/sysapp.c                   0x00000000   Number         0  sys_wrch.o ABSOLUTE
    ../clib/armsys.c                         0x00000000   Number         0  _get_argv_nomalloc.o ABSOLUTE
    ../clib/armsys.c                         0x00000000   Number         0  no_argv.o ABSOLUTE
    ../clib/armsys.c                         0x00000000   Number         0  argv_veneer.o ABSOLUTE
    ../clib/armsys.c                         0x00000000   Number         0  argv_veneer.o ABSOLUTE
    ../clib/heapalloc.c                      0x00000000   Number         0  hrguard.o ABSOLUTE
    ../clib/heapaux.c                        0x00000000   Number         0  heapauxi.o ABSOLUTE
    ../clib/libinit.s                        0x00000000   Number         0  libshutdown.o ABSOLUTE
    ../clib/libinit.s                        0x00000000   Number         0  libinit2.o ABSOLUTE
    ../clib/libinit.s                        0x00000000   Number         0  libshutdown2.o ABSOLUTE
    ../clib/libinit.s                        0x00000000   Number         0  libinit.o ABSOLUTE
    ../clib/longlong.s                       0x00000000   Number         0  llushr.o ABSOLUTE
    ../clib/memcpset.s                       0x00000000   Number         0  rt_memclr_w.o ABSOLUTE
    ../clib/memcpset.s                       0x00000000   Number         0  rt_memcpy_w.o ABSOLUTE
    ../clib/misc.s                           0x00000000   Number         0  printf_stubs.o ABSOLUTE
    ../clib/printf.c                         0x00000000   Number         0  __2sprintf.o ABSOLUTE
    ../clib/printf.c                         0x00000000   Number         0  __printf_nopercent.o ABSOLUTE
    ../clib/printf.c                         0x00000000   Number         0  noretval__2sprintf.o ABSOLUTE
    ../clib/printf.c                         0x00000000   Number         0  _printf_intcommon.o ABSOLUTE
    ../clib/printf.c                         0x00000000   Number         0  _printf_char_common.o ABSOLUTE
    ../clib/printf.c                         0x00000000   Number         0  _sputc.o ABSOLUTE
    ../clib/printf.c                         0x00000000   Number         0  __printf_flags_ss_wp.o ABSOLUTE
    ../clib/printf.c                         0x00000000   Number         0  __printf_ss_wp.o ABSOLUTE
    ../clib/printf.c                         0x00000000   Number         0  __printf_flags_wp.o ABSOLUTE
    ../clib/printf.c                         0x00000000   Number         0  __printf_wp.o ABSOLUTE
    ../clib/printf.c                         0x00000000   Number         0  __printf_flags_ss.o ABSOLUTE
    ../clib/printf.c                         0x00000000   Number         0  __printf_ss.o ABSOLUTE
    ../clib/printf.c                         0x00000000   Number         0  __printf_flags.o ABSOLUTE
    ../clib/printf.c                         0x00000000   Number         0  _printf_dec.o ABSOLUTE
    ../clib/printf.c                         0x00000000   Number         0  _printf_pad.o ABSOLUTE
    ../clib/printf.c                         0x00000000   Number         0  __printf.o ABSOLUTE
    ../clib/printf_percent.s                 0x00000000   Number         0  _printf_percent.o ABSOLUTE
    ../clib/printf_percent.s                 0x00000000   Number         0  _printf_percent_end.o ABSOLUTE
    ../clib/printf_percent.s                 0x00000000   Number         0  _printf_d.o ABSOLUTE
    ../clib/signal.c                         0x00000000   Number         0  defsig_rtmem_outer.o ABSOLUTE
    ../clib/signal.c                         0x00000000   Number         0  defsig_other.o ABSOLUTE
    ../clib/signal.c                         0x00000000   Number         0  defsig_segv_inner.o ABSOLUTE
    ../clib/signal.c                         0x00000000   Number         0  defsig_rtmem_formal.o ABSOLUTE
    ../clib/signal.c                         0x00000000   Number         0  defsig_cppl_inner.o ABSOLUTE
    ../clib/signal.c                         0x00000000   Number         0  defsig_pvfn_inner.o ABSOLUTE
    ../clib/signal.c                         0x00000000   Number         0  defsig_rtred_inner.o ABSOLUTE
    ../clib/signal.c                         0x00000000   Number         0  defsig_fpe_inner.o ABSOLUTE
    ../clib/signal.c                         0x00000000   Number         0  defsig_abrt_inner.o ABSOLUTE
    ../clib/signal.c                         0x00000000   Number         0  defsig_general.o ABSOLUTE
    ../clib/signal.c                         0x00000000   Number         0  __raise.o ABSOLUTE
    ../clib/signal.c                         0x00000000   Number         0  defsig_rtmem_inner.o ABSOLUTE
    ../clib/signal.c                         0x00000000   Number         0  defsig_exit.o ABSOLUTE
    ../clib/signal.c                         0x00000000   Number         0  defsig_stak_inner.o ABSOLUTE
    ../clib/signal.s                         0x00000000   Number         0  defsig.o ABSOLUTE
    ../clib/stdlib.c                         0x00000000   Number         0  exit.o ABSOLUTE
    ../fplib/fpinit.s                        0x00000000   Number         0  fpinit.o ABSOLUTE
    ..\Core\Src\dma.c                        0x00000000   Number         0  dma.o ABSOLUTE
    ..\Core\Src\gpio.c                       0x00000000   Number         0  gpio.o ABSOLUTE
    ..\Core\Src\main.c                       0x00000000   Number         0  main.o ABSOLUTE
    ..\Core\Src\stm32f1xx_hal_msp.c          0x00000000   Number         0  stm32f1xx_hal_msp.o ABSOLUTE
    ..\Core\Src\stm32f1xx_it.c               0x00000000   Number         0  stm32f1xx_it.o ABSOLUTE
    ..\Core\Src\system_stm32f1xx.c           0x00000000   Number         0  system_stm32f1xx.o ABSOLUTE
    ..\Core\Src\tim.c                        0x00000000   Number         0  tim.o ABSOLUTE
    ..\Core\Src\usart.c                      0x00000000   Number         0  usart.o ABSOLUTE
    ..\Drivers\STM32F1xx_HAL_Driver\Src\stm32f1xx_hal.c 0x00000000   Number         0  stm32f1xx_hal.o ABSOLUTE
    ..\Drivers\STM32F1xx_HAL_Driver\Src\stm32f1xx_hal_cortex.c 0x00000000   Number         0  stm32f1xx_hal_cortex.o ABSOLUTE
    ..\Drivers\STM32F1xx_HAL_Driver\Src\stm32f1xx_hal_dma.c 0x00000000   Number         0  stm32f1xx_hal_dma.o ABSOLUTE
    ..\Drivers\STM32F1xx_HAL_Driver\Src\stm32f1xx_hal_exti.c 0x00000000   Number         0  stm32f1xx_hal_exti.o ABSOLUTE
    ..\Drivers\STM32F1xx_HAL_Driver\Src\stm32f1xx_hal_flash.c 0x00000000   Number         0  stm32f1xx_hal_flash.o ABSOLUTE
    ..\Drivers\STM32F1xx_HAL_Driver\Src\stm32f1xx_hal_flash_ex.c 0x00000000   Number         0  stm32f1xx_hal_flash_ex.o ABSOLUTE
    ..\Drivers\STM32F1xx_HAL_Driver\Src\stm32f1xx_hal_gpio.c 0x00000000   Number         0  stm32f1xx_hal_gpio.o ABSOLUTE
    ..\Drivers\STM32F1xx_HAL_Driver\Src\stm32f1xx_hal_gpio_ex.c 0x00000000   Number         0  stm32f1xx_hal_gpio_ex.o ABSOLUTE
    ..\Drivers\STM32F1xx_HAL_Driver\Src\stm32f1xx_hal_pwr.c 0x00000000   Number         0  stm32f1xx_hal_pwr.o ABSOLUTE
    ..\Drivers\STM32F1xx_HAL_Driver\Src\stm32f1xx_hal_rcc.c 0x00000000   Number         0  stm32f1xx_hal_rcc.o ABSOLUTE
    ..\Drivers\STM32F1xx_HAL_Driver\Src\stm32f1xx_hal_rcc_ex.c 0x00000000   Number         0  stm32f1xx_hal_rcc_ex.o ABSOLUTE
    ..\Drivers\STM32F1xx_HAL_Driver\Src\stm32f1xx_hal_tim.c 0x00000000   Number         0  stm32f1xx_hal_tim.o ABSOLUTE
    ..\Drivers\STM32F1xx_HAL_Driver\Src\stm32f1xx_hal_tim_ex.c 0x00000000   Number         0  stm32f1xx_hal_tim_ex.o ABSOLUTE
    ..\Drivers\STM32F1xx_HAL_Driver\Src\stm32f1xx_hal_uart.c 0x00000000   Number         0  stm32f1xx_hal_uart.o ABSOLUTE
    ..\My\motor.c                            0x00000000   Number         0  motor.o ABSOLUTE
    ..\\My\\motor.c                          0x00000000   Number         0  motor.o ABSOLUTE
    dc.s                                     0x00000000   Number         0  dc.o ABSOLUTE
    startup_stm32f103xe.s                    0x00000000   Number         0  startup_stm32f103xe.o ABSOLUTE
    RESET                                    0x08000000   Section      304  startup_stm32f103xe.o(RESET)
    !!!main                                  0x08000130   Section        8  __main.o(!!!main)
    !!!scatter                               0x08000138   Section       52  __scatter.o(!!!scatter)
    !!handler_copy                           0x0800016c   Section       26  __scatter_copy.o(!!handler_copy)
    !!handler_zi                             0x08000188   Section       28  __scatter_zi.o(!!handler_zi)
    .ARM.Collect$$_printf_percent$$00000000  0x080001a4   Section        0  _printf_percent.o(.ARM.Collect$$_printf_percent$$00000000)
    .ARM.Collect$$_printf_percent$$00000009  0x080001a4   Section        6  _printf_d.o(.ARM.Collect$$_printf_percent$$00000009)
    .ARM.Collect$$_printf_percent$$00000017  0x080001aa   Section        4  _printf_percent_end.o(.ARM.Collect$$_printf_percent$$00000017)
    .ARM.Collect$$libinit$$00000000          0x080001ae   Section        2  libinit.o(.ARM.Collect$$libinit$$00000000)
    .ARM.Collect$$libinit$$00000002          0x080001b0   Section        0  libinit2.o(.ARM.Collect$$libinit$$00000002)
    .ARM.Collect$$libinit$$00000004          0x080001b0   Section        0  libinit2.o(.ARM.Collect$$libinit$$00000004)
    .ARM.Collect$$libinit$$0000000A          0x080001b0   Section        0  libinit2.o(.ARM.Collect$$libinit$$0000000A)
    .ARM.Collect$$libinit$$0000000C          0x080001b0   Section        0  libinit2.o(.ARM.Collect$$libinit$$0000000C)
    .ARM.Collect$$libinit$$0000000E          0x080001b0   Section        0  libinit2.o(.ARM.Collect$$libinit$$0000000E)
    .ARM.Collect$$libinit$$00000011          0x080001b0   Section        0  libinit2.o(.ARM.Collect$$libinit$$00000011)
    .ARM.Collect$$libinit$$00000013          0x080001b0   Section        0  libinit2.o(.ARM.Collect$$libinit$$00000013)
    .ARM.Collect$$libinit$$00000015          0x080001b0   Section        0  libinit2.o(.ARM.Collect$$libinit$$00000015)
    .ARM.Collect$$libinit$$00000017          0x080001b0   Section        0  libinit2.o(.ARM.Collect$$libinit$$00000017)
    .ARM.Collect$$libinit$$00000019          0x080001b0   Section        0  libinit2.o(.ARM.Collect$$libinit$$00000019)
    .ARM.Collect$$libinit$$0000001B          0x080001b0   Section        0  libinit2.o(.ARM.Collect$$libinit$$0000001B)
    .ARM.Collect$$libinit$$0000001D          0x080001b0   Section        0  libinit2.o(.ARM.Collect$$libinit$$0000001D)
    .ARM.Collect$$libinit$$0000001F          0x080001b0   Section        0  libinit2.o(.ARM.Collect$$libinit$$0000001F)
    .ARM.Collect$$libinit$$00000021          0x080001b0   Section        0  libinit2.o(.ARM.Collect$$libinit$$00000021)
    .ARM.Collect$$libinit$$00000023          0x080001b0   Section        0  libinit2.o(.ARM.Collect$$libinit$$00000023)
    .ARM.Collect$$libinit$$00000025          0x080001b0   Section        0  libinit2.o(.ARM.Collect$$libinit$$00000025)
    .ARM.Collect$$libinit$$0000002C          0x080001b0   Section        0  libinit2.o(.ARM.Collect$$libinit$$0000002C)
    .ARM.Collect$$libinit$$0000002E          0x080001b0   Section        0  libinit2.o(.ARM.Collect$$libinit$$0000002E)
    .ARM.Collect$$libinit$$00000030          0x080001b0   Section        0  libinit2.o(.ARM.Collect$$libinit$$00000030)
    .ARM.Collect$$libinit$$00000032          0x080001b0   Section        0  libinit2.o(.ARM.Collect$$libinit$$00000032)
    .ARM.Collect$$libinit$$00000033          0x080001b0   Section        2  libinit2.o(.ARM.Collect$$libinit$$00000033)
    .ARM.Collect$$libshutdown$$00000000      0x080001b2   Section        2  libshutdown.o(.ARM.Collect$$libshutdown$$00000000)
    .ARM.Collect$$libshutdown$$00000002      0x080001b4   Section        0  libshutdown2.o(.ARM.Collect$$libshutdown$$00000002)
    .ARM.Collect$$libshutdown$$00000004      0x080001b4   Section        0  libshutdown2.o(.ARM.Collect$$libshutdown$$00000004)
    .ARM.Collect$$libshutdown$$00000006      0x080001b4   Section        0  libshutdown2.o(.ARM.Collect$$libshutdown$$00000006)
    .ARM.Collect$$libshutdown$$00000009      0x080001b4   Section        0  libshutdown2.o(.ARM.Collect$$libshutdown$$00000009)
    .ARM.Collect$$libshutdown$$0000000C      0x080001b4   Section        0  libshutdown2.o(.ARM.Collect$$libshutdown$$0000000C)
    .ARM.Collect$$libshutdown$$0000000E      0x080001b4   Section        0  libshutdown2.o(.ARM.Collect$$libshutdown$$0000000E)
    .ARM.Collect$$libshutdown$$00000011      0x080001b4   Section        0  libshutdown2.o(.ARM.Collect$$libshutdown$$00000011)
    .ARM.Collect$$libshutdown$$00000012      0x080001b4   Section        2  libshutdown2.o(.ARM.Collect$$libshutdown$$00000012)
    .ARM.Collect$$rtentry$$00000000          0x080001b6   Section        0  __rtentry.o(.ARM.Collect$$rtentry$$00000000)
    .ARM.Collect$$rtentry$$00000002          0x080001b6   Section        0  __rtentry2.o(.ARM.Collect$$rtentry$$00000002)
    .ARM.Collect$$rtentry$$00000004          0x080001b6   Section        6  __rtentry4.o(.ARM.Collect$$rtentry$$00000004)
    .ARM.Collect$$rtentry$$00000009          0x080001bc   Section        0  __rtentry2.o(.ARM.Collect$$rtentry$$00000009)
    .ARM.Collect$$rtentry$$0000000A          0x080001bc   Section        4  __rtentry2.o(.ARM.Collect$$rtentry$$0000000A)
    .ARM.Collect$$rtentry$$0000000C          0x080001c0   Section        0  __rtentry2.o(.ARM.Collect$$rtentry$$0000000C)
    .ARM.Collect$$rtentry$$0000000D          0x080001c0   Section        8  __rtentry2.o(.ARM.Collect$$rtentry$$0000000D)
    .ARM.Collect$$rtexit$$00000000           0x080001c8   Section        2  rtexit.o(.ARM.Collect$$rtexit$$00000000)
    .ARM.Collect$$rtexit$$00000002           0x080001ca   Section        0  rtexit2.o(.ARM.Collect$$rtexit$$00000002)
    .ARM.Collect$$rtexit$$00000003           0x080001ca   Section        4  rtexit2.o(.ARM.Collect$$rtexit$$00000003)
    .ARM.Collect$$rtexit$$00000004           0x080001ce   Section        6  rtexit2.o(.ARM.Collect$$rtexit$$00000004)
    .text                                    0x080001d4   Section       64  startup_stm32f103xe.o(.text)
    .text                                    0x08000214   Section        0  __2sprintf.o(.text)
    .text                                    0x08000240   Section        0  _printf_pad.o(.text)
    .text                                    0x08000290   Section        0  _printf_dec.o(.text)
    .text                                    0x08000308   Section        0  __printf_flags_wp.o(.text)
    .text                                    0x08000440   Section      100  rt_memcpy_w.o(.text)
    .text                                    0x080004a4   Section       78  rt_memclr_w.o(.text)
    .text                                    0x080004f2   Section        0  heapauxi.o(.text)
    .text                                    0x080004f8   Section        0  _printf_intcommon.o(.text)
    .text                                    0x080005ac   Section        0  _printf_char_common.o(.text)
    _printf_input_char                       0x080005ad   Thumb Code    10  _printf_char_common.o(.text)
    .text                                    0x080005dc   Section        0  _sputc.o(.text)
    .text                                    0x080005e6   Section       74  sys_stackheap_outer.o(.text)
    .text                                    0x08000630   Section        0  exit.o(.text)
    .text                                    0x08000644   Section        8  libspace.o(.text)
    .text                                    0x0800064c   Section        0  sys_exit.o(.text)
    .text                                    0x08000658   Section        2  use_no_semi.o(.text)
    .text                                    0x0800065a   Section        0  indicate_semi.o(.text)
    i.BusFault_Handler                       0x0800065a   Section        0  stm32f1xx_it.o(i.BusFault_Handler)
    i.DMA1_Channel3_IRQHandler               0x08000660   Section        0  stm32f1xx_it.o(i.DMA1_Channel3_IRQHandler)
    i.DMA1_Channel6_IRQHandler               0x08000670   Section        0  stm32f1xx_it.o(i.DMA1_Channel6_IRQHandler)
    i.DebugMon_Handler                       0x08000680   Section        0  stm32f1xx_it.o(i.DebugMon_Handler)
    i.Error_Handler                          0x08000682   Section        0  main.o(i.Error_Handler)
    i.HAL_DMA_Abort                          0x08000688   Section        0  stm32f1xx_hal_dma.o(i.HAL_DMA_Abort)
    i.HAL_DMA_Abort_IT                       0x080006e0   Section        0  stm32f1xx_hal_dma.o(i.HAL_DMA_Abort_IT)
    i.HAL_DMA_IRQHandler                     0x08000888   Section        0  stm32f1xx_hal_dma.o(i.HAL_DMA_IRQHandler)
    i.HAL_DMA_Init                           0x08000c20   Section        0  stm32f1xx_hal_dma.o(i.HAL_DMA_Init)
    i.HAL_Delay                              0x08000cac   Section        0  stm32f1xx_hal.o(i.HAL_Delay)
    i.HAL_GPIO_Init                          0x08000cd4   Section        0  stm32f1xx_hal_gpio.o(i.HAL_GPIO_Init)
    i.HAL_GPIO_ReadPin                       0x08001014   Section        0  stm32f1xx_hal_gpio.o(i.HAL_GPIO_ReadPin)
    i.HAL_GPIO_WritePin                      0x08001024   Section        0  stm32f1xx_hal_gpio.o(i.HAL_GPIO_WritePin)
    i.HAL_GetTick                            0x08001030   Section        0  stm32f1xx_hal.o(i.HAL_GetTick)
    i.HAL_IncTick                            0x0800103c   Section        0  stm32f1xx_hal.o(i.HAL_IncTick)
    i.HAL_Init                               0x08001054   Section        0  stm32f1xx_hal.o(i.HAL_Init)
    i.HAL_InitTick                           0x0800107c   Section        0  stm32f1xx_hal.o(i.HAL_InitTick)
    i.HAL_MspInit                            0x080010c8   Section        0  stm32f1xx_hal_msp.o(i.HAL_MspInit)
    i.HAL_NVIC_EnableIRQ                     0x0800111c   Section        0  stm32f1xx_hal_cortex.o(i.HAL_NVIC_EnableIRQ)
    i.HAL_NVIC_SetPriority                   0x0800113c   Section        0  stm32f1xx_hal_cortex.o(i.HAL_NVIC_SetPriority)
    i.HAL_NVIC_SetPriorityGrouping           0x080011b8   Section        0  stm32f1xx_hal_cortex.o(i.HAL_NVIC_SetPriorityGrouping)
    i.HAL_RCC_ClockConfig                    0x080011e0   Section        0  stm32f1xx_hal_rcc.o(i.HAL_RCC_ClockConfig)
    i.HAL_RCC_GetHCLKFreq                    0x0800136c   Section        0  stm32f1xx_hal_rcc.o(i.HAL_RCC_GetHCLKFreq)
    i.HAL_RCC_GetPCLK1Freq                   0x08001378   Section        0  stm32f1xx_hal_rcc.o(i.HAL_RCC_GetPCLK1Freq)
    i.HAL_RCC_GetPCLK2Freq                   0x08001398   Section        0  stm32f1xx_hal_rcc.o(i.HAL_RCC_GetPCLK2Freq)
    i.HAL_RCC_GetSysClockFreq                0x080013b8   Section        0  stm32f1xx_hal_rcc.o(i.HAL_RCC_GetSysClockFreq)
    i.HAL_RCC_OscConfig                      0x08001428   Section        0  stm32f1xx_hal_rcc.o(i.HAL_RCC_OscConfig)
    i.HAL_SYSTICK_Config                     0x0800188c   Section        0  stm32f1xx_hal_cortex.o(i.HAL_SYSTICK_Config)
    i.HAL_TIMEx_ConfigBreakDeadTime          0x080018c0   Section        0  stm32f1xx_hal_tim_ex.o(i.HAL_TIMEx_ConfigBreakDeadTime)
    i.HAL_TIMEx_MasterConfigSynchronization  0x08001934   Section        0  stm32f1xx_hal_tim_ex.o(i.HAL_TIMEx_MasterConfigSynchronization)
    i.HAL_TIM_Base_Init                      0x080019d0   Section        0  stm32f1xx_hal_tim.o(i.HAL_TIM_Base_Init)
    i.HAL_TIM_Base_MspInit                   0x08001a38   Section        0  tim.o(i.HAL_TIM_Base_MspInit)
    i.HAL_TIM_ConfigClockSource              0x08001adc   Section        0  stm32f1xx_hal_tim.o(i.HAL_TIM_ConfigClockSource)
    i.HAL_TIM_MspPostInit                    0x08001be8   Section        0  tim.o(i.HAL_TIM_MspPostInit)
    i.HAL_TIM_PWM_ConfigChannel              0x08001d6c   Section        0  stm32f1xx_hal_tim.o(i.HAL_TIM_PWM_ConfigChannel)
    i.HAL_TIM_PWM_Init                       0x08001e70   Section        0  stm32f1xx_hal_tim.o(i.HAL_TIM_PWM_Init)
    i.HAL_TIM_PWM_MspInit                    0x08001ed6   Section        0  stm32f1xx_hal_tim.o(i.HAL_TIM_PWM_MspInit)
    i.HAL_TIM_PWM_Start                      0x08001ed8   Section        0  stm32f1xx_hal_tim.o(i.HAL_TIM_PWM_Start)
    i.HAL_TIM_PWM_Stop                       0x08001fcc   Section        0  stm32f1xx_hal_tim.o(i.HAL_TIM_PWM_Stop)
    i.HAL_UARTEx_RxEventCallback             0x08002074   Section        0  stm32f1xx_hal_uart.o(i.HAL_UARTEx_RxEventCallback)
    i.HAL_UART_ErrorCallback                 0x08002076   Section        0  stm32f1xx_hal_uart.o(i.HAL_UART_ErrorCallback)
    i.HAL_UART_IRQHandler                    0x08002078   Section        0  stm32f1xx_hal_uart.o(i.HAL_UART_IRQHandler)
    i.HAL_UART_Init                          0x0800235c   Section        0  stm32f1xx_hal_uart.o(i.HAL_UART_Init)
    i.HAL_UART_MspInit                       0x080023d4   Section        0  usart.o(i.HAL_UART_MspInit)
    i.HAL_UART_RxCpltCallback                0x08002574   Section        0  stm32f1xx_hal_uart.o(i.HAL_UART_RxCpltCallback)
    i.HAL_UART_Transmit                      0x08002576   Section        0  stm32f1xx_hal_uart.o(i.HAL_UART_Transmit)
    i.HAL_UART_TxCpltCallback                0x08002634   Section        0  stm32f1xx_hal_uart.o(i.HAL_UART_TxCpltCallback)
    i.HardFault_Handler                      0x08002636   Section        0  stm32f1xx_it.o(i.HardFault_Handler)
    i.MX_DMA_Init                            0x0800263c   Section        0  dma.o(i.MX_DMA_Init)
    i.MX_GPIO_Init                           0x08002680   Section        0  gpio.o(i.MX_GPIO_Init)
    i.MX_TIM1_Init                           0x0800279c   Section        0  tim.o(i.MX_TIM1_Init)
    i.MX_TIM2_Init                           0x080028a4   Section        0  tim.o(i.MX_TIM2_Init)
    i.MX_TIM3_Init                           0x08002974   Section        0  tim.o(i.MX_TIM3_Init)
    i.MX_TIM4_Init                           0x08002a48   Section        0  tim.o(i.MX_TIM4_Init)
    i.MX_USART2_UART_Init                    0x08002b1c   Section        0  usart.o(i.MX_USART2_UART_Init)
    i.MX_USART3_UART_Init                    0x08002b54   Section        0  usart.o(i.MX_USART3_UART_Init)
    i.MemManage_Handler                      0x08002b8c   Section        0  stm32f1xx_it.o(i.MemManage_Handler)
    i.Motor_Init                             0x08002b90   Section        0  motor.o(i.Motor_Init)
    i.Motor_Run                              0x08002c1c   Section        0  motor.o(i.Motor_Run)
    i.Motor_SetCCR                           0x08002c90   Section        0  motor.o(i.Motor_SetCCR)
    Motor_SetCCR                             0x08002c91   Thumb Code    94  motor.o(i.Motor_SetCCR)
    i.Motor_Stop                             0x08002cf0   Section        0  motor.o(i.Motor_Stop)
    i.Motor_TestAll                          0x08002d18   Section        0  motor.o(i.Motor_TestAll)
    i.NMI_Handler                            0x08002d6c   Section        0  stm32f1xx_it.o(i.NMI_Handler)
    i.PG_Status_Send                         0x08002d70   Section        0  main.o(i.PG_Status_Send)
    i.PendSV_Handler                         0x08002df4   Section        0  stm32f1xx_it.o(i.PendSV_Handler)
    i.RCC_Delay                              0x08002df8   Section        0  stm32f1xx_hal_rcc.o(i.RCC_Delay)
    RCC_Delay                                0x08002df9   Thumb Code    36  stm32f1xx_hal_rcc.o(i.RCC_Delay)
    i.SVC_Handler                            0x08002e20   Section        0  stm32f1xx_it.o(i.SVC_Handler)
    i.SpeedToCCR                             0x08002e22   Section        0  motor.o(i.SpeedToCCR)
    SpeedToCCR                               0x08002e23   Thumb Code    20  motor.o(i.SpeedToCCR)
    i.SysTick_Handler                        0x08002e36   Section        0  stm32f1xx_it.o(i.SysTick_Handler)
    i.SystemClock_Config                     0x08002e3e   Section        0  main.o(i.SystemClock_Config)
    i.SystemInit                             0x08002ea4   Section        0  system_stm32f1xx.o(i.SystemInit)
    i.TIM_Base_SetConfig                     0x08002ea8   Section        0  stm32f1xx_hal_tim.o(i.TIM_Base_SetConfig)
    i.TIM_CCxChannelCmd                      0x08002f54   Section        0  stm32f1xx_hal_tim.o(i.TIM_CCxChannelCmd)
    i.TIM_ETR_SetConfig                      0x08002f76   Section        0  stm32f1xx_hal_tim.o(i.TIM_ETR_SetConfig)
    i.TIM_ITRx_SetConfig                     0x08002f8c   Section        0  stm32f1xx_hal_tim.o(i.TIM_ITRx_SetConfig)
    TIM_ITRx_SetConfig                       0x08002f8d   Thumb Code    18  stm32f1xx_hal_tim.o(i.TIM_ITRx_SetConfig)
    i.TIM_OC1_SetConfig                      0x08002fa0   Section        0  stm32f1xx_hal_tim.o(i.TIM_OC1_SetConfig)
    TIM_OC1_SetConfig                        0x08002fa1   Thumb Code   104  stm32f1xx_hal_tim.o(i.TIM_OC1_SetConfig)
    i.TIM_OC2_SetConfig                      0x08003010   Section        0  stm32f1xx_hal_tim.o(i.TIM_OC2_SetConfig)
    i.TIM_OC3_SetConfig                      0x0800308c   Section        0  stm32f1xx_hal_tim.o(i.TIM_OC3_SetConfig)
    TIM_OC3_SetConfig                        0x0800308d   Thumb Code   112  stm32f1xx_hal_tim.o(i.TIM_OC3_SetConfig)
    i.TIM_OC4_SetConfig                      0x08003104   Section        0  stm32f1xx_hal_tim.o(i.TIM_OC4_SetConfig)
    TIM_OC4_SetConfig                        0x08003105   Thumb Code    74  stm32f1xx_hal_tim.o(i.TIM_OC4_SetConfig)
    i.TIM_TI1_ConfigInputStage               0x08003158   Section        0  stm32f1xx_hal_tim.o(i.TIM_TI1_ConfigInputStage)
    TIM_TI1_ConfigInputStage                 0x08003159   Thumb Code    38  stm32f1xx_hal_tim.o(i.TIM_TI1_ConfigInputStage)
    i.TIM_TI2_ConfigInputStage               0x0800317e   Section        0  stm32f1xx_hal_tim.o(i.TIM_TI2_ConfigInputStage)
    TIM_TI2_ConfigInputStage                 0x0800317f   Thumb Code    40  stm32f1xx_hal_tim.o(i.TIM_TI2_ConfigInputStage)
    i.UART_DMAAbortOnError                   0x080031a6   Section        0  stm32f1xx_hal_uart.o(i.UART_DMAAbortOnError)
    UART_DMAAbortOnError                     0x080031a7   Thumb Code    20  stm32f1xx_hal_uart.o(i.UART_DMAAbortOnError)
    i.UART_EndRxTransfer                     0x080031ba   Section        0  stm32f1xx_hal_uart.o(i.UART_EndRxTransfer)
    UART_EndRxTransfer                       0x080031bb   Thumb Code   108  stm32f1xx_hal_uart.o(i.UART_EndRxTransfer)
    i.UART_EndTransmit_IT                    0x08003226   Section        0  stm32f1xx_hal_uart.o(i.UART_EndTransmit_IT)
    UART_EndTransmit_IT                      0x08003227   Thumb Code    32  stm32f1xx_hal_uart.o(i.UART_EndTransmit_IT)
    i.UART_Receive_IT                        0x08003246   Section        0  stm32f1xx_hal_uart.o(i.UART_Receive_IT)
    UART_Receive_IT                          0x08003247   Thumb Code   252  stm32f1xx_hal_uart.o(i.UART_Receive_IT)
    i.UART_SetConfig                         0x08003344   Section        0  stm32f1xx_hal_uart.o(i.UART_SetConfig)
    UART_SetConfig                           0x08003345   Thumb Code   248  stm32f1xx_hal_uart.o(i.UART_SetConfig)
    i.UART_Transmit_IT                       0x08003440   Section        0  stm32f1xx_hal_uart.o(i.UART_Transmit_IT)
    UART_Transmit_IT                         0x08003441   Thumb Code    96  stm32f1xx_hal_uart.o(i.UART_Transmit_IT)
    i.UART_WaitOnFlagUntilTimeout            0x080034a0   Section        0  stm32f1xx_hal_uart.o(i.UART_WaitOnFlagUntilTimeout)
    UART_WaitOnFlagUntilTimeout              0x080034a1   Thumb Code   140  stm32f1xx_hal_uart.o(i.UART_WaitOnFlagUntilTimeout)
    i.USART2_IRQHandler                      0x0800352c   Section        0  stm32f1xx_it.o(i.USART2_IRQHandler)
    i.USART3_IRQHandler                      0x0800353c   Section        0  stm32f1xx_it.o(i.USART3_IRQHandler)
    i.UsageFault_Handler                     0x0800354c   Section        0  stm32f1xx_it.o(i.UsageFault_Handler)
    i.__NVIC_GetPriorityGrouping             0x08003550   Section        0  stm32f1xx_hal_cortex.o(i.__NVIC_GetPriorityGrouping)
    __NVIC_GetPriorityGrouping               0x08003551   Thumb Code    10  stm32f1xx_hal_cortex.o(i.__NVIC_GetPriorityGrouping)
    i.__NVIC_SetPriority                     0x08003560   Section        0  stm32f1xx_hal_cortex.o(i.__NVIC_SetPriority)
    __NVIC_SetPriority                       0x08003561   Thumb Code    32  stm32f1xx_hal_cortex.o(i.__NVIC_SetPriority)
    i._is_digit                              0x08003588   Section        0  __printf_wp.o(i._is_digit)
    i.main                                   0x08003596   Section        0  main.o(i.main)
    .constdata                               0x080035d8   Section       96  main.o(.constdata)
    .constdata                               0x08003638   Section       18  stm32f1xx_hal_rcc.o(.constdata)
    aPLLMULFactorTable                       0x08003638   Data          16  stm32f1xx_hal_rcc.o(.constdata)
    aPredivFactorTable                       0x08003648   Data           2  stm32f1xx_hal_rcc.o(.constdata)
    .constdata                               0x0800364a   Section       24  system_stm32f1xx.o(.constdata)
    .constdata                               0x08003664   Section       16  motor.o(.constdata)
    .constdata                               0x08003674   Section       17  __printf_flags_wp.o(.constdata)
    maptable                                 0x08003674   Data          17  __printf_flags_wp.o(.constdata)
    .data                                    0x20000000   Section        9  stm32f1xx_hal.o(.data)
    .data                                    0x2000000c   Section        4  system_stm32f1xx.o(.data)
    .data                                    0x20000010   Section      128  motor.o(.data)
    motor_table                              0x20000010   Data         128  motor.o(.data)
    .bss                                     0x20000090   Section      288  tim.o(.bss)
    .bss                                     0x200001b0   Section      280  usart.o(.bss)
    .bss                                     0x200002c8   Section       96  libspace.o(.bss)
    HEAP                                     0x20000328   Section      512  startup_stm32f103xe.o(HEAP)
    Heap_Mem                                 0x20000328   Data         512  startup_stm32f103xe.o(HEAP)
    STACK                                    0x20000528   Section     1024  startup_stm32f103xe.o(STACK)
    Stack_Mem                                0x20000528   Data        1024  startup_stm32f103xe.o(STACK)
    __initial_sp                             0x20000928   Data           0  startup_stm32f103xe.o(STACK)

    Global Symbols

    Symbol Name                              Value     Ov Type        Size  Object(Section)

    BuildAttributes$$THM_ISAv4$P$D$K$B$S$PE$A:L22UL41UL21$X:L11$S22US41US21$IEEE1$IW$USESV6$~STKCKD$USESV7$~SHL$OSPACE$ROPI$EBA8$UX$STANDARDLIB$REQ8$PRES8$EABIv2 0x00000000   Number         0  anon$$obj.o ABSOLUTE
    __ARM_use_no_argv                        0x00000000   Number         0  main.o ABSOLUTE
    _printf_flags                            0x00000000   Number         0  printf_stubs.o ABSOLUTE
    _printf_return_value                     0x00000000   Number         0  printf_stubs.o ABSOLUTE
    _printf_sizespec                         0x00000000   Number         0  printf_stubs.o ABSOLUTE
    _printf_widthprec                        0x00000000   Number         0  printf_stubs.o ABSOLUTE
    __ARM_exceptions_init                     - Undefined Weak Reference
    __alloca_initialize                       - Undefined Weak Reference
    __arm_fini_                               - Undefined Weak Reference
    __arm_preinit_                            - Undefined Weak Reference
    __cpp_initialize__aeabi_                  - Undefined Weak Reference
    __cxa_finalize                            - Undefined Weak Reference
    __rt_locale                               - Undefined Weak Reference
    __sigvec_lookup                           - Undefined Weak Reference
    _atexit_init                              - Undefined Weak Reference
    _call_atexit_fns                          - Undefined Weak Reference
    _clock_init                               - Undefined Weak Reference
    _fp_trap_init                             - Undefined Weak Reference
    _fp_trap_shutdown                         - Undefined Weak Reference
    _get_lc_collate                           - Undefined Weak Reference
    _get_lc_ctype                             - Undefined Weak Reference
    _get_lc_monetary                          - Undefined Weak Reference
    _get_lc_numeric                           - Undefined Weak Reference
    _get_lc_time                              - Undefined Weak Reference
    _getenv_init                              - Undefined Weak Reference
    _handle_redirection                       - Undefined Weak Reference
    _init_alloc                               - Undefined Weak Reference
    _init_user_alloc                          - Undefined Weak Reference
    _initio                                   - Undefined Weak Reference
    _printf_truncate_signed                   - Undefined Weak Reference
    _printf_truncate_unsigned                 - Undefined Weak Reference
    _rand_init                                - Undefined Weak Reference
    _signal_finish                            - Undefined Weak Reference
    _signal_init                              - Undefined Weak Reference
    _terminate_alloc                          - Undefined Weak Reference
    _terminate_user_alloc                     - Undefined Weak Reference
    _terminateio                              - Undefined Weak Reference
    __Vectors_Size                           0x00000130   Number         0  startup_stm32f103xe.o ABSOLUTE
    __Vectors                                0x08000000   Data           4  startup_stm32f103xe.o(RESET)
    __Vectors_End                            0x08000130   Data           0  startup_stm32f103xe.o(RESET)
    __main                                   0x08000131   Thumb Code     8  __main.o(!!!main)
    __scatterload                            0x08000139   Thumb Code     0  __scatter.o(!!!scatter)
    __scatterload_rt2                        0x08000139   Thumb Code    44  __scatter.o(!!!scatter)
    __scatterload_rt2_thumb_only             0x08000139   Thumb Code     0  __scatter.o(!!!scatter)
    __scatterload_null                       0x08000147   Thumb Code     0  __scatter.o(!!!scatter)
    __scatterload_copy                       0x0800016d   Thumb Code    26  __scatter_copy.o(!!handler_copy)
    __scatterload_zeroinit                   0x08000189   Thumb Code    28  __scatter_zi.o(!!handler_zi)
    _printf_d                                0x080001a5   Thumb Code     0  _printf_d.o(.ARM.Collect$$_printf_percent$$00000009)
    _printf_percent                          0x080001a5   Thumb Code     0  _printf_percent.o(.ARM.Collect$$_printf_percent$$00000000)
    _printf_percent_end                      0x080001ab   Thumb Code     0  _printf_percent_end.o(.ARM.Collect$$_printf_percent$$00000017)
    __rt_lib_init                            0x080001af   Thumb Code     0  libinit.o(.ARM.Collect$$libinit$$00000000)
    __rt_lib_init_alloca_1                   0x080001b1   Thumb Code     0  libinit2.o(.ARM.Collect$$libinit$$0000002E)
    __rt_lib_init_argv_1                     0x080001b1   Thumb Code     0  libinit2.o(.ARM.Collect$$libinit$$0000002C)
    __rt_lib_init_atexit_1                   0x080001b1   Thumb Code     0  libinit2.o(.ARM.Collect$$libinit$$0000001B)
    __rt_lib_init_clock_1                    0x080001b1   Thumb Code     0  libinit2.o(.ARM.Collect$$libinit$$00000021)
    __rt_lib_init_cpp_1                      0x080001b1   Thumb Code     0  libinit2.o(.ARM.Collect$$libinit$$00000032)
    __rt_lib_init_exceptions_1               0x080001b1   Thumb Code     0  libinit2.o(.ARM.Collect$$libinit$$00000030)
    __rt_lib_init_fp_1                       0x080001b1   Thumb Code     0  libinit2.o(.ARM.Collect$$libinit$$00000002)
    __rt_lib_init_fp_trap_1                  0x080001b1   Thumb Code     0  libinit2.o(.ARM.Collect$$libinit$$0000001F)
    __rt_lib_init_getenv_1                   0x080001b1   Thumb Code     0  libinit2.o(.ARM.Collect$$libinit$$00000023)
    __rt_lib_init_heap_1                     0x080001b1   Thumb Code     0  libinit2.o(.ARM.Collect$$libinit$$0000000A)
    __rt_lib_init_lc_collate_1               0x080001b1   Thumb Code     0  libinit2.o(.ARM.Collect$$libinit$$00000011)
    __rt_lib_init_lc_ctype_1                 0x080001b1   Thumb Code     0  libinit2.o(.ARM.Collect$$libinit$$00000013)
    __rt_lib_init_lc_monetary_1              0x080001b1   Thumb Code     0  libinit2.o(.ARM.Collect$$libinit$$00000015)
    __rt_lib_init_lc_numeric_1               0x080001b1   Thumb Code     0  libinit2.o(.ARM.Collect$$libinit$$00000017)
    __rt_lib_init_lc_time_1                  0x080001b1   Thumb Code     0  libinit2.o(.ARM.Collect$$libinit$$00000019)
    __rt_lib_init_preinit_1                  0x080001b1   Thumb Code     0  libinit2.o(.ARM.Collect$$libinit$$00000004)
    __rt_lib_init_rand_1                     0x080001b1   Thumb Code     0  libinit2.o(.ARM.Collect$$libinit$$0000000E)
    __rt_lib_init_return                     0x080001b1   Thumb Code     0  libinit2.o(.ARM.Collect$$libinit$$00000033)
    __rt_lib_init_signal_1                   0x080001b1   Thumb Code     0  libinit2.o(.ARM.Collect$$libinit$$0000001D)
    __rt_lib_init_stdio_1                    0x080001b1   Thumb Code     0  libinit2.o(.ARM.Collect$$libinit$$00000025)
    __rt_lib_init_user_alloc_1               0x080001b1   Thumb Code     0  libinit2.o(.ARM.Collect$$libinit$$0000000C)
    __rt_lib_shutdown                        0x080001b3   Thumb Code     0  libshutdown.o(.ARM.Collect$$libshutdown$$00000000)
    __rt_lib_shutdown_cpp_1                  0x080001b5   Thumb Code     0  libshutdown2.o(.ARM.Collect$$libshutdown$$00000004)
    __rt_lib_shutdown_fini_1                 0x080001b5   Thumb Code     0  libshutdown2.o(.ARM.Collect$$libshutdown$$00000002)
    __rt_lib_shutdown_fp_trap_1              0x080001b5   Thumb Code     0  libshutdown2.o(.ARM.Collect$$libshutdown$$00000009)
    __rt_lib_shutdown_heap_1                 0x080001b5   Thumb Code     0  libshutdown2.o(.ARM.Collect$$libshutdown$$00000011)
    __rt_lib_shutdown_return                 0x080001b5   Thumb Code     0  libshutdown2.o(.ARM.Collect$$libshutdown$$00000012)
    __rt_lib_shutdown_signal_1               0x080001b5   Thumb Code     0  libshutdown2.o(.ARM.Collect$$libshutdown$$0000000C)
    __rt_lib_shutdown_stdio_1                0x080001b5   Thumb Code     0  libshutdown2.o(.ARM.Collect$$libshutdown$$00000006)
    __rt_lib_shutdown_user_alloc_1           0x080001b5   Thumb Code     0  libshutdown2.o(.ARM.Collect$$libshutdown$$0000000E)
    __rt_entry                               0x080001b7   Thumb Code     0  __rtentry.o(.ARM.Collect$$rtentry$$00000000)
    __rt_entry_presh_1                       0x080001b7   Thumb Code     0  __rtentry2.o(.ARM.Collect$$rtentry$$00000002)
    __rt_entry_sh                            0x080001b7   Thumb Code     0  __rtentry4.o(.ARM.Collect$$rtentry$$00000004)
    __rt_entry_li                            0x080001bd   Thumb Code     0  __rtentry2.o(.ARM.Collect$$rtentry$$0000000A)
    __rt_entry_postsh_1                      0x080001bd   Thumb Code     0  __rtentry2.o(.ARM.Collect$$rtentry$$00000009)
    __rt_entry_main                          0x080001c1   Thumb Code     0  __rtentry2.o(.ARM.Collect$$rtentry$$0000000D)
    __rt_entry_postli_1                      0x080001c1   Thumb Code     0  __rtentry2.o(.ARM.Collect$$rtentry$$0000000C)
    __rt_exit                                0x080001c9   Thumb Code     0  rtexit.o(.ARM.Collect$$rtexit$$00000000)
    __rt_exit_ls                             0x080001cb   Thumb Code     0  rtexit2.o(.ARM.Collect$$rtexit$$00000003)
    __rt_exit_prels_1                        0x080001cb   Thumb Code     0  rtexit2.o(.ARM.Collect$$rtexit$$00000002)
    __rt_exit_exit                           0x080001cf   Thumb Code     0  rtexit2.o(.ARM.Collect$$rtexit$$00000004)
    Reset_Handler                            0x080001d5   Thumb Code     8  startup_stm32f103xe.o(.text)
    ADC1_2_IRQHandler                        0x080001ef   Thumb Code     0  startup_stm32f103xe.o(.text)
    ADC3_IRQHandler                          0x080001ef   Thumb Code     0  startup_stm32f103xe.o(.text)
    CAN1_RX1_IRQHandler                      0x080001ef   Thumb Code     0  startup_stm32f103xe.o(.text)
    CAN1_SCE_IRQHandler                      0x080001ef   Thumb Code     0  startup_stm32f103xe.o(.text)
    DMA1_Channel1_IRQHandler                 0x080001ef   Thumb Code     0  startup_stm32f103xe.o(.text)
    DMA1_Channel2_IRQHandler                 0x080001ef   Thumb Code     0  startup_stm32f103xe.o(.text)
    DMA1_Channel4_IRQHandler                 0x080001ef   Thumb Code     0  startup_stm32f103xe.o(.text)
    DMA1_Channel5_IRQHandler                 0x080001ef   Thumb Code     0  startup_stm32f103xe.o(.text)
    DMA1_Channel7_IRQHandler                 0x080001ef   Thumb Code     0  startup_stm32f103xe.o(.text)
    DMA2_Channel1_IRQHandler                 0x080001ef   Thumb Code     0  startup_stm32f103xe.o(.text)
    DMA2_Channel2_IRQHandler                 0x080001ef   Thumb Code     0  startup_stm32f103xe.o(.text)
    DMA2_Channel3_IRQHandler                 0x080001ef   Thumb Code     0  startup_stm32f103xe.o(.text)
    DMA2_Channel4_5_IRQHandler               0x080001ef   Thumb Code     0  startup_stm32f103xe.o(.text)
    EXTI0_IRQHandler                         0x080001ef   Thumb Code     0  startup_stm32f103xe.o(.text)
    EXTI15_10_IRQHandler                     0x080001ef   Thumb Code     0  startup_stm32f103xe.o(.text)
    EXTI1_IRQHandler                         0x080001ef   Thumb Code     0  startup_stm32f103xe.o(.text)
    EXTI2_IRQHandler                         0x080001ef   Thumb Code     0  startup_stm32f103xe.o(.text)
    EXTI3_IRQHandler                         0x080001ef   Thumb Code     0  startup_stm32f103xe.o(.text)
    EXTI4_IRQHandler                         0x080001ef   Thumb Code     0  startup_stm32f103xe.o(.text)
    EXTI9_5_IRQHandler                       0x080001ef   Thumb Code     0  startup_stm32f103xe.o(.text)
    FLASH_IRQHandler                         0x080001ef   Thumb Code     0  startup_stm32f103xe.o(.text)
    FSMC_IRQHandler                          0x080001ef   Thumb Code     0  startup_stm32f103xe.o(.text)
    I2C1_ER_IRQHandler                       0x080001ef   Thumb Code     0  startup_stm32f103xe.o(.text)
    I2C1_EV_IRQHandler                       0x080001ef   Thumb Code     0  startup_stm32f103xe.o(.text)
    I2C2_ER_IRQHandler                       0x080001ef   Thumb Code     0  startup_stm32f103xe.o(.text)
    I2C2_EV_IRQHandler                       0x080001ef   Thumb Code     0  startup_stm32f103xe.o(.text)
    PVD_IRQHandler                           0x080001ef   Thumb Code     0  startup_stm32f103xe.o(.text)
    RCC_IRQHandler                           0x080001ef   Thumb Code     0  startup_stm32f103xe.o(.text)
    RTC_Alarm_IRQHandler                     0x080001ef   Thumb Code     0  startup_stm32f103xe.o(.text)
    RTC_IRQHandler                           0x080001ef   Thumb Code     0  startup_stm32f103xe.o(.text)
    SDIO_IRQHandler                          0x080001ef   Thumb Code     0  startup_stm32f103xe.o(.text)
    SPI1_IRQHandler                          0x080001ef   Thumb Code     0  startup_stm32f103xe.o(.text)
    SPI2_IRQHandler                          0x080001ef   Thumb Code     0  startup_stm32f103xe.o(.text)
    SPI3_IRQHandler                          0x080001ef   Thumb Code     0  startup_stm32f103xe.o(.text)
    TAMPER_IRQHandler                        0x080001ef   Thumb Code     0  startup_stm32f103xe.o(.text)
    TIM1_BRK_IRQHandler                      0x080001ef   Thumb Code     0  startup_stm32f103xe.o(.text)
    TIM1_CC_IRQHandler                       0x080001ef   Thumb Code     0  startup_stm32f103xe.o(.text)
    TIM1_TRG_COM_IRQHandler                  0x080001ef   Thumb Code     0  startup_stm32f103xe.o(.text)
    TIM1_UP_IRQHandler                       0x080001ef   Thumb Code     0  startup_stm32f103xe.o(.text)
    TIM2_IRQHandler                          0x080001ef   Thumb Code     0  startup_stm32f103xe.o(.text)
    TIM3_IRQHandler                          0x080001ef   Thumb Code     0  startup_stm32f103xe.o(.text)
    TIM4_IRQHandler                          0x080001ef   Thumb Code     0  startup_stm32f103xe.o(.text)
    TIM5_IRQHandler                          0x080001ef   Thumb Code     0  startup_stm32f103xe.o(.text)
    TIM6_IRQHandler                          0x080001ef   Thumb Code     0  startup_stm32f103xe.o(.text)
    TIM7_IRQHandler                          0x080001ef   Thumb Code     0  startup_stm32f103xe.o(.text)
    TIM8_BRK_IRQHandler                      0x080001ef   Thumb Code     0  startup_stm32f103xe.o(.text)
    TIM8_CC_IRQHandler                       0x080001ef   Thumb Code     0  startup_stm32f103xe.o(.text)
    TIM8_TRG_COM_IRQHandler                  0x080001ef   Thumb Code     0  startup_stm32f103xe.o(.text)
    TIM8_UP_IRQHandler                       0x080001ef   Thumb Code     0  startup_stm32f103xe.o(.text)
    UART4_IRQHandler                         0x080001ef   Thumb Code     0  startup_stm32f103xe.o(.text)
    UART5_IRQHandler                         0x080001ef   Thumb Code     0  startup_stm32f103xe.o(.text)
    USART1_IRQHandler                        0x080001ef   Thumb Code     0  startup_stm32f103xe.o(.text)
    USBWakeUp_IRQHandler                     0x080001ef   Thumb Code     0  startup_stm32f103xe.o(.text)
    USB_HP_CAN1_TX_IRQHandler                0x080001ef   Thumb Code     0  startup_stm32f103xe.o(.text)
    USB_LP_CAN1_RX0_IRQHandler               0x080001ef   Thumb Code     0  startup_stm32f103xe.o(.text)
    WWDG_IRQHandler                          0x080001ef   Thumb Code     0  startup_stm32f103xe.o(.text)
    __user_initial_stackheap                 0x080001f1   Thumb Code     0  startup_stm32f103xe.o(.text)
    __2sprintf                               0x08000215   Thumb Code    38  __2sprintf.o(.text)
    _printf_pre_padding                      0x08000241   Thumb Code    44  _printf_pad.o(.text)
    _printf_post_padding                     0x0800026d   Thumb Code    34  _printf_pad.o(.text)
    _printf_int_dec                          0x08000291   Thumb Code   104  _printf_dec.o(.text)
    __printf                                 0x08000309   Thumb Code   308  __printf_flags_wp.o(.text)
    __aeabi_memcpy4                          0x08000441   Thumb Code     0  rt_memcpy_w.o(.text)
    __aeabi_memcpy8                          0x08000441   Thumb Code     0  rt_memcpy_w.o(.text)
    __rt_memcpy_w                            0x08000441   Thumb Code   100  rt_memcpy_w.o(.text)
    _memcpy_lastbytes_aligned                0x08000489   Thumb Code     0  rt_memcpy_w.o(.text)
    __aeabi_memclr4                          0x080004a5   Thumb Code     0  rt_memclr_w.o(.text)
    __aeabi_memclr8                          0x080004a5   Thumb Code     0  rt_memclr_w.o(.text)
    __rt_memclr_w                            0x080004a5   Thumb Code    78  rt_memclr_w.o(.text)
    _memset_w                                0x080004a9   Thumb Code     0  rt_memclr_w.o(.text)
    __use_two_region_memory                  0x080004f3   Thumb Code     2  heapauxi.o(.text)
    __rt_heap_escrow$2region                 0x080004f5   Thumb Code     2  heapauxi.o(.text)
    __rt_heap_expand$2region                 0x080004f7   Thumb Code     2  heapauxi.o(.text)
    _printf_int_common                       0x080004f9   Thumb Code   178  _printf_intcommon.o(.text)
    _printf_char_common                      0x080005b7   Thumb Code    32  _printf_char_common.o(.text)
    _sputc                                   0x080005dd   Thumb Code    10  _sputc.o(.text)
    __user_setup_stackheap                   0x080005e7   Thumb Code    74  sys_stackheap_outer.o(.text)
    exit                                     0x08000631   Thumb Code    18  exit.o(.text)
    __user_libspace                          0x08000645   Thumb Code     8  libspace.o(.text)
    __user_perproc_libspace                  0x08000645   Thumb Code     0  libspace.o(.text)
    __user_perthread_libspace                0x08000645   Thumb Code     0  libspace.o(.text)
    _sys_exit                                0x0800064d   Thumb Code     8  sys_exit.o(.text)
    __I$use$semihosting                      0x08000659   Thumb Code     0  use_no_semi.o(.text)
    __use_no_semihosting_swi                 0x08000659   Thumb Code     2  use_no_semi.o(.text)
    BusFault_Handler                         0x0800065b   Thumb Code     4  stm32f1xx_it.o(i.BusFault_Handler)
    __semihosting_library_function           0x0800065b   Thumb Code     0  indicate_semi.o(.text)
    DMA1_Channel3_IRQHandler                 0x08000661   Thumb Code    10  stm32f1xx_it.o(i.DMA1_Channel3_IRQHandler)
    DMA1_Channel6_IRQHandler                 0x08000671   Thumb Code    10  stm32f1xx_it.o(i.DMA1_Channel6_IRQHandler)
    DebugMon_Handler                         0x08000681   Thumb Code     2  stm32f1xx_it.o(i.DebugMon_Handler)
    Error_Handler                            0x08000683   Thumb Code     6  main.o(i.Error_Handler)
    HAL_DMA_Abort                            0x08000689   Thumb Code    86  stm32f1xx_hal_dma.o(i.HAL_DMA_Abort)
    HAL_DMA_Abort_IT                         0x080006e1   Thumb Code   414  stm32f1xx_hal_dma.o(i.HAL_DMA_Abort_IT)
    HAL_DMA_IRQHandler                       0x08000889   Thumb Code   910  stm32f1xx_hal_dma.o(i.HAL_DMA_IRQHandler)
    HAL_DMA_Init                             0x08000c21   Thumb Code   132  stm32f1xx_hal_dma.o(i.HAL_DMA_Init)
    HAL_Delay                                0x08000cad   Thumb Code    36  stm32f1xx_hal.o(i.HAL_Delay)
    HAL_GPIO_Init                            0x08000cd5   Thumb Code   792  stm32f1xx_hal_gpio.o(i.HAL_GPIO_Init)
    HAL_GPIO_ReadPin                         0x08001015   Thumb Code    16  stm32f1xx_hal_gpio.o(i.HAL_GPIO_ReadPin)
    HAL_GPIO_WritePin                        0x08001025   Thumb Code    12  stm32f1xx_hal_gpio.o(i.HAL_GPIO_WritePin)
    HAL_GetTick                              0x08001031   Thumb Code     6  stm32f1xx_hal.o(i.HAL_GetTick)
    HAL_IncTick                              0x0800103d   Thumb Code    16  stm32f1xx_hal.o(i.HAL_IncTick)
    HAL_Init                                 0x08001055   Thumb Code    34  stm32f1xx_hal.o(i.HAL_Init)
    HAL_InitTick                             0x0800107d   Thumb Code    64  stm32f1xx_hal.o(i.HAL_InitTick)
    HAL_MspInit                              0x080010c9   Thumb Code    76  stm32f1xx_hal_msp.o(i.HAL_MspInit)
    HAL_NVIC_EnableIRQ                       0x0800111d   Thumb Code    32  stm32f1xx_hal_cortex.o(i.HAL_NVIC_EnableIRQ)
    HAL_NVIC_SetPriority                     0x0800113d   Thumb Code   124  stm32f1xx_hal_cortex.o(i.HAL_NVIC_SetPriority)
    HAL_NVIC_SetPriorityGrouping             0x080011b9   Thumb Code    32  stm32f1xx_hal_cortex.o(i.HAL_NVIC_SetPriorityGrouping)
    HAL_RCC_ClockConfig                      0x080011e1   Thumb Code   376  stm32f1xx_hal_rcc.o(i.HAL_RCC_ClockConfig)
    HAL_RCC_GetHCLKFreq                      0x0800136d   Thumb Code     6  stm32f1xx_hal_rcc.o(i.HAL_RCC_GetHCLKFreq)
    HAL_RCC_GetPCLK1Freq                     0x08001379   Thumb Code    22  stm32f1xx_hal_rcc.o(i.HAL_RCC_GetPCLK1Freq)
    HAL_RCC_GetPCLK2Freq                     0x08001399   Thumb Code    22  stm32f1xx_hal_rcc.o(i.HAL_RCC_GetPCLK2Freq)
    HAL_RCC_GetSysClockFreq                  0x080013b9   Thumb Code    92  stm32f1xx_hal_rcc.o(i.HAL_RCC_GetSysClockFreq)
    HAL_RCC_OscConfig                        0x08001429   Thumb Code  1114  stm32f1xx_hal_rcc.o(i.HAL_RCC_OscConfig)
    HAL_SYSTICK_Config                       0x0800188d   Thumb Code    52  stm32f1xx_hal_cortex.o(i.HAL_SYSTICK_Config)
    HAL_TIMEx_ConfigBreakDeadTime            0x080018c1   Thumb Code   116  stm32f1xx_hal_tim_ex.o(i.HAL_TIMEx_ConfigBreakDeadTime)
    HAL_TIMEx_MasterConfigSynchronization    0x08001935   Thumb Code   134  stm32f1xx_hal_tim_ex.o(i.HAL_TIMEx_MasterConfigSynchronization)
    HAL_TIM_Base_Init                        0x080019d1   Thumb Code   102  stm32f1xx_hal_tim.o(i.HAL_TIM_Base_Init)
    HAL_TIM_Base_MspInit                     0x08001a39   Thumb Code   148  tim.o(i.HAL_TIM_Base_MspInit)
    HAL_TIM_ConfigClockSource                0x08001add   Thumb Code   268  stm32f1xx_hal_tim.o(i.HAL_TIM_ConfigClockSource)
    HAL_TIM_MspPostInit                      0x08001be9   Thumb Code   358  tim.o(i.HAL_TIM_MspPostInit)
    HAL_TIM_PWM_ConfigChannel                0x08001d6d   Thumb Code   260  stm32f1xx_hal_tim.o(i.HAL_TIM_PWM_ConfigChannel)
    HAL_TIM_PWM_Init                         0x08001e71   Thumb Code   102  stm32f1xx_hal_tim.o(i.HAL_TIM_PWM_Init)
    HAL_TIM_PWM_MspInit                      0x08001ed7   Thumb Code     2  stm32f1xx_hal_tim.o(i.HAL_TIM_PWM_MspInit)
    HAL_TIM_PWM_Start                        0x08001ed9   Thumb Code   222  stm32f1xx_hal_tim.o(i.HAL_TIM_PWM_Start)
    HAL_TIM_PWM_Stop                         0x08001fcd   Thumb Code   160  stm32f1xx_hal_tim.o(i.HAL_TIM_PWM_Stop)
    HAL_UARTEx_RxEventCallback               0x08002075   Thumb Code     2  stm32f1xx_hal_uart.o(i.HAL_UARTEx_RxEventCallback)
    HAL_UART_ErrorCallback                   0x08002077   Thumb Code     2  stm32f1xx_hal_uart.o(i.HAL_UART_ErrorCallback)
    HAL_UART_IRQHandler                      0x08002079   Thumb Code   736  stm32f1xx_hal_uart.o(i.HAL_UART_IRQHandler)
    HAL_UART_Init                            0x0800235d   Thumb Code   118  stm32f1xx_hal_uart.o(i.HAL_UART_Init)
    HAL_UART_MspInit                         0x080023d5   Thumb Code   380  usart.o(i.HAL_UART_MspInit)
    HAL_UART_RxCpltCallback                  0x08002575   Thumb Code     2  stm32f1xx_hal_uart.o(i.HAL_UART_RxCpltCallback)
    HAL_UART_Transmit                        0x08002577   Thumb Code   190  stm32f1xx_hal_uart.o(i.HAL_UART_Transmit)
    HAL_UART_TxCpltCallback                  0x08002635   Thumb Code     2  stm32f1xx_hal_uart.o(i.HAL_UART_TxCpltCallback)
    HardFault_Handler                        0x08002637   Thumb Code     4  stm32f1xx_it.o(i.HardFault_Handler)
    MX_DMA_Init                              0x0800263d   Thumb Code    64  dma.o(i.MX_DMA_Init)
    MX_GPIO_Init                             0x08002681   Thumb Code   264  gpio.o(i.MX_GPIO_Init)
    MX_TIM1_Init                             0x0800279d   Thumb Code   254  tim.o(i.MX_TIM1_Init)
    MX_TIM2_Init                             0x080028a5   Thumb Code   204  tim.o(i.MX_TIM2_Init)
    MX_TIM3_Init                             0x08002975   Thumb Code   202  tim.o(i.MX_TIM3_Init)
    MX_TIM4_Init                             0x08002a49   Thumb Code   202  tim.o(i.MX_TIM4_Init)
    MX_USART2_UART_Init                      0x08002b1d   Thumb Code    46  usart.o(i.MX_USART2_UART_Init)
    MX_USART3_UART_Init                      0x08002b55   Thumb Code    46  usart.o(i.MX_USART3_UART_Init)
    MemManage_Handler                        0x08002b8d   Thumb Code     4  stm32f1xx_it.o(i.MemManage_Handler)
    Motor_Init                               0x08002b91   Thumb Code   134  motor.o(i.Motor_Init)
    Motor_Run                                0x08002c1d   Thumb Code   110  motor.o(i.Motor_Run)
    Motor_Stop                               0x08002cf1   Thumb Code    36  motor.o(i.Motor_Stop)
    Motor_TestAll                            0x08002d19   Thumb Code    84  motor.o(i.Motor_TestAll)
    NMI_Handler                              0x08002d6d   Thumb Code     4  stm32f1xx_it.o(i.NMI_Handler)
    PG_Status_Send                           0x08002d71   Thumb Code   106  main.o(i.PG_Status_Send)
    PendSV_Handler                           0x08002df5   Thumb Code     2  stm32f1xx_it.o(i.PendSV_Handler)
    SVC_Handler                              0x08002e21   Thumb Code     2  stm32f1xx_it.o(i.SVC_Handler)
    SysTick_Handler                          0x08002e37   Thumb Code     8  stm32f1xx_it.o(i.SysTick_Handler)
    SystemClock_Config                       0x08002e3f   Thumb Code   102  main.o(i.SystemClock_Config)
    SystemInit                               0x08002ea5   Thumb Code     2  system_stm32f1xx.o(i.SystemInit)
    TIM_Base_SetConfig                       0x08002ea9   Thumb Code   150  stm32f1xx_hal_tim.o(i.TIM_Base_SetConfig)
    TIM_CCxChannelCmd                        0x08002f55   Thumb Code    34  stm32f1xx_hal_tim.o(i.TIM_CCxChannelCmd)
    TIM_ETR_SetConfig                        0x08002f77   Thumb Code    22  stm32f1xx_hal_tim.o(i.TIM_ETR_SetConfig)
    TIM_OC2_SetConfig                        0x08003011   Thumb Code   114  stm32f1xx_hal_tim.o(i.TIM_OC2_SetConfig)
    USART2_IRQHandler                        0x0800352d   Thumb Code    10  stm32f1xx_it.o(i.USART2_IRQHandler)
    USART3_IRQHandler                        0x0800353d   Thumb Code    10  stm32f1xx_it.o(i.USART3_IRQHandler)
    UsageFault_Handler                       0x0800354d   Thumb Code     4  stm32f1xx_it.o(i.UsageFault_Handler)
    _is_digit                                0x08003589   Thumb Code    14  __printf_wp.o(i._is_digit)
    main                                     0x08003597   Thumb Code    64  main.o(i.main)
    AHBPrescTable                            0x0800364a   Data          16  system_stm32f1xx.o(.constdata)
    APBPrescTable                            0x0800365a   Data           8  system_stm32f1xx.o(.constdata)
    Region$$Table$$Base                      0x08003688   Number         0  anon$$obj.o(Region$$Table)
    Region$$Table$$Limit                     0x080036a8   Number         0  anon$$obj.o(Region$$Table)
    uwTick                                   0x20000000   Data           4  stm32f1xx_hal.o(.data)
    uwTickPrio                               0x20000004   Data           4  stm32f1xx_hal.o(.data)
    uwTickFreq                               0x20000008   Data           1  stm32f1xx_hal.o(.data)
    SystemCoreClock                          0x2000000c   Data           4  system_stm32f1xx.o(.data)
    htim1                                    0x20000090   Data          72  tim.o(.bss)
    htim2                                    0x200000d8   Data          72  tim.o(.bss)
    htim3                                    0x20000120   Data          72  tim.o(.bss)
    htim4                                    0x20000168   Data          72  tim.o(.bss)
    huart2                                   0x200001b0   Data          72  usart.o(.bss)
    huart3                                   0x200001f8   Data          72  usart.o(.bss)
    hdma_usart2_rx                           0x20000240   Data          68  usart.o(.bss)
    hdma_usart3_rx                           0x20000284   Data          68  usart.o(.bss)
    __libspace_start                         0x200002c8   Data          96  libspace.o(.bss)
    __temporary_stack_top$libspace           0x20000328   Data           0  libspace.o(.bss)



==============================================================================

Memory Map of the image

  Image Entry point : 0x08000131

  Load Region LR_IROM1 (Base: 0x08000000, Size: 0x00003738, Max: 0x00040000, ABSOLUTE)

    Execution Region ER_IROM1 (Exec base: 0x08000000, Load base: 0x08000000, Size: 0x000036a8, Max: 0x00040000, ABSOLUTE)

    Exec Addr    Load Addr    Size         Type   Attr      Idx    E Section Name        Object

    0x08000000   0x08000000   0x00000130   Data   RO            3    RESET               startup_stm32f103xe.o
    0x08000130   0x08000130   0x00000008   Code   RO         2992  * !!!main             c_w.l(__main.o)
    0x08000138   0x08000138   0x00000034   Code   RO         3160    !!!scatter          c_w.l(__scatter.o)
    0x0800016c   0x0800016c   0x0000001a   Code   RO         3162    !!handler_copy      c_w.l(__scatter_copy.o)
    0x08000186   0x08000186   0x00000002   PAD
    0x08000188   0x08000188   0x0000001c   Code   RO         3164    !!handler_zi        c_w.l(__scatter_zi.o)
    0x080001a4   0x080001a4   0x00000000   Code   RO         2985    .ARM.Collect$$_printf_percent$$00000000  c_w.l(_printf_percent.o)
    0x080001a4   0x080001a4   0x00000006   Code   RO         2984    .ARM.Collect$$_printf_percent$$00000009  c_w.l(_printf_d.o)
    0x080001aa   0x080001aa   0x00000004   Code   RO         3001    .ARM.Collect$$_printf_percent$$00000017  c_w.l(_printf_percent_end.o)
    0x080001ae   0x080001ae   0x00000002   Code   RO         3028    .ARM.Collect$$libinit$$00000000  c_w.l(libinit.o)
    0x080001b0   0x080001b0   0x00000000   Code   RO         3035    .ARM.Collect$$libinit$$00000002  c_w.l(libinit2.o)
    0x080001b0   0x080001b0   0x00000000   Code   RO         3037    .ARM.Collect$$libinit$$00000004  c_w.l(libinit2.o)
    0x080001b0   0x080001b0   0x00000000   Code   RO         3040    .ARM.Collect$$libinit$$0000000A  c_w.l(libinit2.o)
    0x080001b0   0x080001b0   0x00000000   Code   RO         3042    .ARM.Collect$$libinit$$0000000C  c_w.l(libinit2.o)
    0x080001b0   0x080001b0   0x00000000   Code   RO         3044    .ARM.Collect$$libinit$$0000000E  c_w.l(libinit2.o)
    0x080001b0   0x080001b0   0x00000000   Code   RO         3047    .ARM.Collect$$libinit$$00000011  c_w.l(libinit2.o)
    0x080001b0   0x080001b0   0x00000000   Code   RO         3049    .ARM.Collect$$libinit$$00000013  c_w.l(libinit2.o)
    0x080001b0   0x080001b0   0x00000000   Code   RO         3051    .ARM.Collect$$libinit$$00000015  c_w.l(libinit2.o)
    0x080001b0   0x080001b0   0x00000000   Code   RO         3053    .ARM.Collect$$libinit$$00000017  c_w.l(libinit2.o)
    0x080001b0   0x080001b0   0x00000000   Code   RO         3055    .ARM.Collect$$libinit$$00000019  c_w.l(libinit2.o)
    0x080001b0   0x080001b0   0x00000000   Code   RO         3057    .ARM.Collect$$libinit$$0000001B  c_w.l(libinit2.o)
    0x080001b0   0x080001b0   0x00000000   Code   RO         3059    .ARM.Collect$$libinit$$0000001D  c_w.l(libinit2.o)
    0x080001b0   0x080001b0   0x00000000   Code   RO         3061    .ARM.Collect$$libinit$$0000001F  c_w.l(libinit2.o)
    0x080001b0   0x080001b0   0x00000000   Code   RO         3063    .ARM.Collect$$libinit$$00000021  c_w.l(libinit2.o)
    0x080001b0   0x080001b0   0x00000000   Code   RO         3065    .ARM.Collect$$libinit$$00000023  c_w.l(libinit2.o)
    0x080001b0   0x080001b0   0x00000000   Code   RO         3067    .ARM.Collect$$libinit$$00000025  c_w.l(libinit2.o)
    0x080001b0   0x080001b0   0x00000000   Code   RO         3071    .ARM.Collect$$libinit$$0000002C  c_w.l(libinit2.o)
    0x080001b0   0x080001b0   0x00000000   Code   RO         3073    .ARM.Collect$$libinit$$0000002E  c_w.l(libinit2.o)
    0x080001b0   0x080001b0   0x00000000   Code   RO         3075    .ARM.Collect$$libinit$$00000030  c_w.l(libinit2.o)
    0x080001b0   0x080001b0   0x00000000   Code   RO         3077    .ARM.Collect$$libinit$$00000032  c_w.l(libinit2.o)
    0x080001b0   0x080001b0   0x00000002   Code   RO         3078    .ARM.Collect$$libinit$$00000033  c_w.l(libinit2.o)
    0x080001b2   0x080001b2   0x00000002   Code   RO         3098    .ARM.Collect$$libshutdown$$00000000  c_w.l(libshutdown.o)
    0x080001b4   0x080001b4   0x00000000   Code   RO         3111    .ARM.Collect$$libshutdown$$00000002  c_w.l(libshutdown2.o)
    0x080001b4   0x080001b4   0x00000000   Code   RO         3113    .ARM.Collect$$libshutdown$$00000004  c_w.l(libshutdown2.o)
    0x080001b4   0x080001b4   0x00000000   Code   RO         3115    .ARM.Collect$$libshutdown$$00000006  c_w.l(libshutdown2.o)
    0x080001b4   0x080001b4   0x00000000   Code   RO         3118    .ARM.Collect$$libshutdown$$00000009  c_w.l(libshutdown2.o)
    0x080001b4   0x080001b4   0x00000000   Code   RO         3121    .ARM.Collect$$libshutdown$$0000000C  c_w.l(libshutdown2.o)
    0x080001b4   0x080001b4   0x00000000   Code   RO         3123    .ARM.Collect$$libshutdown$$0000000E  c_w.l(libshutdown2.o)
    0x080001b4   0x080001b4   0x00000000   Code   RO         3126    .ARM.Collect$$libshutdown$$00000011  c_w.l(libshutdown2.o)
    0x080001b4   0x080001b4   0x00000002   Code   RO         3127    .ARM.Collect$$libshutdown$$00000012  c_w.l(libshutdown2.o)
    0x080001b6   0x080001b6   0x00000000   Code   RO         2994    .ARM.Collect$$rtentry$$00000000  c_w.l(__rtentry.o)
    0x080001b6   0x080001b6   0x00000000   Code   RO         3003    .ARM.Collect$$rtentry$$00000002  c_w.l(__rtentry2.o)
    0x080001b6   0x080001b6   0x00000006   Code   RO         3015    .ARM.Collect$$rtentry$$00000004  c_w.l(__rtentry4.o)
    0x080001bc   0x080001bc   0x00000000   Code   RO         3005    .ARM.Collect$$rtentry$$00000009  c_w.l(__rtentry2.o)
    0x080001bc   0x080001bc   0x00000004   Code   RO         3006    .ARM.Collect$$rtentry$$0000000A  c_w.l(__rtentry2.o)
    0x080001c0   0x080001c0   0x00000000   Code   RO         3008    .ARM.Collect$$rtentry$$0000000C  c_w.l(__rtentry2.o)
    0x080001c0   0x080001c0   0x00000008   Code   RO         3009    .ARM.Collect$$rtentry$$0000000D  c_w.l(__rtentry2.o)
    0x080001c8   0x080001c8   0x00000002   Code   RO         3032    .ARM.Collect$$rtexit$$00000000  c_w.l(rtexit.o)
    0x080001ca   0x080001ca   0x00000000   Code   RO         3080    .ARM.Collect$$rtexit$$00000002  c_w.l(rtexit2.o)
    0x080001ca   0x080001ca   0x00000004   Code   RO         3081    .ARM.Collect$$rtexit$$00000003  c_w.l(rtexit2.o)
    0x080001ce   0x080001ce   0x00000006   Code   RO         3082    .ARM.Collect$$rtexit$$00000004  c_w.l(rtexit2.o)
    0x080001d4   0x080001d4   0x00000040   Code   RO            4    .text               startup_stm32f103xe.o
    0x08000214   0x08000214   0x0000002c   Code   RO         2954    .text               c_w.l(__2sprintf.o)
    0x08000240   0x08000240   0x0000004e   Code   RO         2960    .text               c_w.l(_printf_pad.o)
    0x0800028e   0x0800028e   0x00000002   PAD
    0x08000290   0x08000290   0x00000078   Code   RO         2962    .text               c_w.l(_printf_dec.o)
    0x08000308   0x08000308   0x00000138   Code   RO         2976    .text               c_w.l(__printf_flags_wp.o)
    0x08000440   0x08000440   0x00000064   Code   RO         2986    .text               c_w.l(rt_memcpy_w.o)
    0x080004a4   0x080004a4   0x0000004e   Code   RO         2988    .text               c_w.l(rt_memclr_w.o)
    0x080004f2   0x080004f2   0x00000006   Code   RO         2990    .text               c_w.l(heapauxi.o)
    0x080004f8   0x080004f8   0x000000b2   Code   RO         2995    .text               c_w.l(_printf_intcommon.o)
    0x080005aa   0x080005aa   0x00000002   PAD
    0x080005ac   0x080005ac   0x00000030   Code   RO         2997    .text               c_w.l(_printf_char_common.o)
    0x080005dc   0x080005dc   0x0000000a   Code   RO         2999    .text               c_w.l(_sputc.o)
    0x080005e6   0x080005e6   0x0000004a   Code   RO         3019    .text               c_w.l(sys_stackheap_outer.o)
    0x08000630   0x08000630   0x00000012   Code   RO         3021    .text               c_w.l(exit.o)
    0x08000642   0x08000642   0x00000002   PAD
    0x08000644   0x08000644   0x00000008   Code   RO         3029    .text               c_w.l(libspace.o)
    0x0800064c   0x0800064c   0x0000000c   Code   RO         3090    .text               c_w.l(sys_exit.o)
    0x08000658   0x08000658   0x00000002   Code   RO         3101    .text               c_w.l(use_no_semi.o)
    0x0800065a   0x0800065a   0x00000000   Code   RO         3103    .text               c_w.l(indicate_semi.o)
    0x0800065a   0x0800065a   0x00000004   Code   RO          330    i.BusFault_Handler  stm32f1xx_it.o
    0x0800065e   0x0800065e   0x00000002   PAD
    0x08000660   0x08000660   0x00000010   Code   RO          331    i.DMA1_Channel3_IRQHandler  stm32f1xx_it.o
    0x08000670   0x08000670   0x00000010   Code   RO          332    i.DMA1_Channel6_IRQHandler  stm32f1xx_it.o
    0x08000680   0x08000680   0x00000002   Code   RO          333    i.DebugMon_Handler  stm32f1xx_it.o
    0x08000682   0x08000682   0x00000006   Code   RO           13    i.Error_Handler     main.o
    0x08000688   0x08000688   0x00000056   Code   RO         1860    i.HAL_DMA_Abort     stm32f1xx_hal_dma.o
    0x080006de   0x080006de   0x00000002   PAD
    0x080006e0   0x080006e0   0x000001a8   Code   RO         1861    i.HAL_DMA_Abort_IT  stm32f1xx_hal_dma.o
    0x08000888   0x08000888   0x00000398   Code   RO         1865    i.HAL_DMA_IRQHandler  stm32f1xx_hal_dma.o
    0x08000c20   0x08000c20   0x0000008c   Code   RO         1866    i.HAL_DMA_Init      stm32f1xx_hal_dma.o
    0x08000cac   0x08000cac   0x00000028   Code   RO         1481    i.HAL_Delay         stm32f1xx_hal.o
    0x08000cd4   0x08000cd4   0x00000340   Code   RO         1796    i.HAL_GPIO_Init     stm32f1xx_hal_gpio.o
    0x08001014   0x08001014   0x00000010   Code   RO         1798    i.HAL_GPIO_ReadPin  stm32f1xx_hal_gpio.o
    0x08001024   0x08001024   0x0000000c   Code   RO         1800    i.HAL_GPIO_WritePin  stm32f1xx_hal_gpio.o
    0x08001030   0x08001030   0x0000000c   Code   RO         1485    i.HAL_GetTick       stm32f1xx_hal.o
    0x0800103c   0x0800103c   0x00000018   Code   RO         1491    i.HAL_IncTick       stm32f1xx_hal.o
    0x08001054   0x08001054   0x00000028   Code   RO         1492    i.HAL_Init          stm32f1xx_hal.o
    0x0800107c   0x0800107c   0x0000004c   Code   RO         1493    i.HAL_InitTick      stm32f1xx_hal.o
    0x080010c8   0x080010c8   0x00000054   Code   RO          430    i.HAL_MspInit       stm32f1xx_hal_msp.o
    0x0800111c   0x0800111c   0x00000020   Code   RO         1956    i.HAL_NVIC_EnableIRQ  stm32f1xx_hal_cortex.o
    0x0800113c   0x0800113c   0x0000007c   Code   RO         1962    i.HAL_NVIC_SetPriority  stm32f1xx_hal_cortex.o
    0x080011b8   0x080011b8   0x00000028   Code   RO         1963    i.HAL_NVIC_SetPriorityGrouping  stm32f1xx_hal_cortex.o
    0x080011e0   0x080011e0   0x0000018c   Code   RO         1649    i.HAL_RCC_ClockConfig  stm32f1xx_hal_rcc.o
    0x0800136c   0x0800136c   0x0000000c   Code   RO         1654    i.HAL_RCC_GetHCLKFreq  stm32f1xx_hal_rcc.o
    0x08001378   0x08001378   0x00000020   Code   RO         1656    i.HAL_RCC_GetPCLK1Freq  stm32f1xx_hal_rcc.o
    0x08001398   0x08001398   0x00000020   Code   RO         1657    i.HAL_RCC_GetPCLK2Freq  stm32f1xx_hal_rcc.o
    0x080013b8   0x080013b8   0x00000070   Code   RO         1658    i.HAL_RCC_GetSysClockFreq  stm32f1xx_hal_rcc.o
    0x08001428   0x08001428   0x00000464   Code   RO         1661    i.HAL_RCC_OscConfig  stm32f1xx_hal_rcc.o
    0x0800188c   0x0800188c   0x00000034   Code   RO         1967    i.HAL_SYSTICK_Config  stm32f1xx_hal_cortex.o
    0x080018c0   0x080018c0   0x00000074   Code   RO         1210    i.HAL_TIMEx_ConfigBreakDeadTime  stm32f1xx_hal_tim_ex.o
    0x08001934   0x08001934   0x0000009c   Code   RO         1226    i.HAL_TIMEx_MasterConfigSynchronization  stm32f1xx_hal_tim_ex.o
    0x080019d0   0x080019d0   0x00000066   Code   RO          492    i.HAL_TIM_Base_Init  stm32f1xx_hal_tim.o
    0x08001a36   0x08001a36   0x00000002   PAD
    0x08001a38   0x08001a38   0x000000a4   Code   RO          217    i.HAL_TIM_Base_MspInit  tim.o
    0x08001adc   0x08001adc   0x0000010c   Code   RO          501    i.HAL_TIM_ConfigClockSource  stm32f1xx_hal_tim.o
    0x08001be8   0x08001be8   0x00000184   Code   RO          218    i.HAL_TIM_MspPostInit  tim.o
    0x08001d6c   0x08001d6c   0x00000104   Code   RO          564    i.HAL_TIM_PWM_ConfigChannel  stm32f1xx_hal_tim.o
    0x08001e70   0x08001e70   0x00000066   Code   RO          567    i.HAL_TIM_PWM_Init  stm32f1xx_hal_tim.o
    0x08001ed6   0x08001ed6   0x00000002   Code   RO          569    i.HAL_TIM_PWM_MspInit  stm32f1xx_hal_tim.o
    0x08001ed8   0x08001ed8   0x000000f4   Code   RO          572    i.HAL_TIM_PWM_Start  stm32f1xx_hal_tim.o
    0x08001fcc   0x08001fcc   0x000000a8   Code   RO          575    i.HAL_TIM_PWM_Stop  stm32f1xx_hal_tim.o
    0x08002074   0x08002074   0x00000002   Code   RO         2494    i.HAL_UARTEx_RxEventCallback  stm32f1xx_hal_uart.o
    0x08002076   0x08002076   0x00000002   Code   RO         2508    i.HAL_UART_ErrorCallback  stm32f1xx_hal_uart.o
    0x08002078   0x08002078   0x000002e4   Code   RO         2511    i.HAL_UART_IRQHandler  stm32f1xx_hal_uart.o
    0x0800235c   0x0800235c   0x00000076   Code   RO         2512    i.HAL_UART_Init     stm32f1xx_hal_uart.o
    0x080023d2   0x080023d2   0x00000002   PAD
    0x080023d4   0x080023d4   0x000001a0   Code   RO          283    i.HAL_UART_MspInit  usart.o
    0x08002574   0x08002574   0x00000002   Code   RO         2518    i.HAL_UART_RxCpltCallback  stm32f1xx_hal_uart.o
    0x08002576   0x08002576   0x000000be   Code   RO         2520    i.HAL_UART_Transmit  stm32f1xx_hal_uart.o
    0x08002634   0x08002634   0x00000002   Code   RO         2523    i.HAL_UART_TxCpltCallback  stm32f1xx_hal_uart.o
    0x08002636   0x08002636   0x00000004   Code   RO          334    i.HardFault_Handler  stm32f1xx_it.o
    0x0800263a   0x0800263a   0x00000002   PAD
    0x0800263c   0x0800263c   0x00000044   Code   RO          192    i.MX_DMA_Init       dma.o
    0x08002680   0x08002680   0x0000011c   Code   RO          168    i.MX_GPIO_Init      gpio.o
    0x0800279c   0x0800279c   0x00000108   Code   RO          219    i.MX_TIM1_Init      tim.o
    0x080028a4   0x080028a4   0x000000d0   Code   RO          220    i.MX_TIM2_Init      tim.o
    0x08002974   0x08002974   0x000000d4   Code   RO          221    i.MX_TIM3_Init      tim.o
    0x08002a48   0x08002a48   0x000000d4   Code   RO          222    i.MX_TIM4_Init      tim.o
    0x08002b1c   0x08002b1c   0x00000038   Code   RO          284    i.MX_USART2_UART_Init  usart.o
    0x08002b54   0x08002b54   0x00000038   Code   RO          285    i.MX_USART3_UART_Init  usart.o
    0x08002b8c   0x08002b8c   0x00000004   Code   RO          335    i.MemManage_Handler  stm32f1xx_it.o
    0x08002b90   0x08002b90   0x0000008c   Code   RO         2892    i.Motor_Init        motor.o
    0x08002c1c   0x08002c1c   0x00000074   Code   RO         2893    i.Motor_Run         motor.o
    0x08002c90   0x08002c90   0x0000005e   Code   RO         2894    i.Motor_SetCCR      motor.o
    0x08002cee   0x08002cee   0x00000002   PAD
    0x08002cf0   0x08002cf0   0x00000028   Code   RO         2896    i.Motor_Stop        motor.o
    0x08002d18   0x08002d18   0x00000054   Code   RO         2897    i.Motor_TestAll     motor.o
    0x08002d6c   0x08002d6c   0x00000004   Code   RO          336    i.NMI_Handler       stm32f1xx_it.o
    0x08002d70   0x08002d70   0x00000084   Code   RO           14    i.PG_Status_Send    main.o
    0x08002df4   0x08002df4   0x00000002   Code   RO          337    i.PendSV_Handler    stm32f1xx_it.o
    0x08002df6   0x08002df6   0x00000002   PAD
    0x08002df8   0x08002df8   0x00000028   Code   RO         1662    i.RCC_Delay         stm32f1xx_hal_rcc.o
    0x08002e20   0x08002e20   0x00000002   Code   RO          338    i.SVC_Handler       stm32f1xx_it.o
    0x08002e22   0x08002e22   0x00000014   Code   RO         2898    i.SpeedToCCR        motor.o
    0x08002e36   0x08002e36   0x00000008   Code   RO          339    i.SysTick_Handler   stm32f1xx_it.o
    0x08002e3e   0x08002e3e   0x00000066   Code   RO           15    i.SystemClock_Config  main.o
    0x08002ea4   0x08002ea4   0x00000002   Code   RO         2856    i.SystemInit        system_stm32f1xx.o
    0x08002ea6   0x08002ea6   0x00000002   PAD
    0x08002ea8   0x08002ea8   0x000000ac   Code   RO          585    i.TIM_Base_SetConfig  stm32f1xx_hal_tim.o
    0x08002f54   0x08002f54   0x00000022   Code   RO          586    i.TIM_CCxChannelCmd  stm32f1xx_hal_tim.o
    0x08002f76   0x08002f76   0x00000016   Code   RO          596    i.TIM_ETR_SetConfig  stm32f1xx_hal_tim.o
    0x08002f8c   0x08002f8c   0x00000012   Code   RO          597    i.TIM_ITRx_SetConfig  stm32f1xx_hal_tim.o
    0x08002f9e   0x08002f9e   0x00000002   PAD
    0x08002fa0   0x08002fa0   0x00000070   Code   RO          598    i.TIM_OC1_SetConfig  stm32f1xx_hal_tim.o
    0x08003010   0x08003010   0x0000007c   Code   RO          599    i.TIM_OC2_SetConfig  stm32f1xx_hal_tim.o
    0x0800308c   0x0800308c   0x00000078   Code   RO          600    i.TIM_OC3_SetConfig  stm32f1xx_hal_tim.o
    0x08003104   0x08003104   0x00000054   Code   RO          601    i.TIM_OC4_SetConfig  stm32f1xx_hal_tim.o
    0x08003158   0x08003158   0x00000026   Code   RO          603    i.TIM_TI1_ConfigInputStage  stm32f1xx_hal_tim.o
    0x0800317e   0x0800317e   0x00000028   Code   RO          605    i.TIM_TI2_ConfigInputStage  stm32f1xx_hal_tim.o
    0x080031a6   0x080031a6   0x00000014   Code   RO         2525    i.UART_DMAAbortOnError  stm32f1xx_hal_uart.o
    0x080031ba   0x080031ba   0x0000006c   Code   RO         2535    i.UART_EndRxTransfer  stm32f1xx_hal_uart.o
    0x08003226   0x08003226   0x00000020   Code   RO         2536    i.UART_EndTransmit_IT  stm32f1xx_hal_uart.o
    0x08003246   0x08003246   0x000000fc   Code   RO         2538    i.UART_Receive_IT   stm32f1xx_hal_uart.o
    0x08003342   0x08003342   0x00000002   PAD
    0x08003344   0x08003344   0x000000fc   Code   RO         2539    i.UART_SetConfig    stm32f1xx_hal_uart.o
    0x08003440   0x08003440   0x00000060   Code   RO         2542    i.UART_Transmit_IT  stm32f1xx_hal_uart.o
    0x080034a0   0x080034a0   0x0000008c   Code   RO         2543    i.UART_WaitOnFlagUntilTimeout  stm32f1xx_hal_uart.o
    0x0800352c   0x0800352c   0x00000010   Code   RO          340    i.USART2_IRQHandler  stm32f1xx_it.o
    0x0800353c   0x0800353c   0x00000010   Code   RO          341    i.USART3_IRQHandler  stm32f1xx_it.o
    0x0800354c   0x0800354c   0x00000004   Code   RO          342    i.UsageFault_Handler  stm32f1xx_it.o
    0x08003550   0x08003550   0x00000010   Code   RO         1969    i.__NVIC_GetPriorityGrouping  stm32f1xx_hal_cortex.o
    0x08003560   0x08003560   0x00000028   Code   RO         1970    i.__NVIC_SetPriority  stm32f1xx_hal_cortex.o
    0x08003588   0x08003588   0x0000000e   Code   RO         2974    i._is_digit         c_w.l(__printf_wp.o)
    0x08003596   0x08003596   0x00000040   Code   RO           16    i.main              main.o
    0x080035d6   0x080035d6   0x00000002   PAD
    0x080035d8   0x080035d8   0x00000060   Data   RO           17    .constdata          main.o
    0x08003638   0x08003638   0x00000012   Data   RO         1663    .constdata          stm32f1xx_hal_rcc.o
    0x0800364a   0x0800364a   0x00000018   Data   RO         2857    .constdata          system_stm32f1xx.o
    0x08003662   0x08003662   0x00000002   PAD
    0x08003664   0x08003664   0x00000010   Data   RO         2899    .constdata          motor.o
    0x08003674   0x08003674   0x00000011   Data   RO         2977    .constdata          c_w.l(__printf_flags_wp.o)
    0x08003685   0x08003685   0x00000003   PAD
    0x08003688   0x08003688   0x00000020   Data   RO         3158    Region$$Table       anon$$obj.o


    Execution Region RW_IRAM1 (Exec base: 0x20000000, Load base: 0x080036a8, Size: 0x00000928, Max: 0x0000c000, ABSOLUTE)

    Exec Addr    Load Addr    Size         Type   Attr      Idx    E Section Name        Object

    0x20000000   0x080036a8   0x00000009   Data   RW         1499    .data               stm32f1xx_hal.o
    0x20000009   0x080036b1   0x00000003   PAD
    0x2000000c   0x080036b4   0x00000004   Data   RW         2858    .data               system_stm32f1xx.o
    0x20000010   0x080036b8   0x00000080   Data   RW         2900    .data               motor.o
    0x20000090        -       0x00000120   Zero   RW          223    .bss                tim.o
    0x200001b0        -       0x00000118   Zero   RW          286    .bss                usart.o
    0x200002c8        -       0x00000060   Zero   RW         3030    .bss                c_w.l(libspace.o)
    0x20000328        -       0x00000200   Zero   RW            2    HEAP                startup_stm32f103xe.o
    0x20000528        -       0x00000400   Zero   RW            1    STACK               startup_stm32f103xe.o


==============================================================================

Image component sizes


      Code (inc. data)   RO Data    RW Data    ZI Data      Debug   Object Name

        68          4          0          0          0        682   dma.o
       284         20          0          0          0        947   gpio.o
       304         26         96          0          0     487985   main.o
       494         16         16        128          0       3874   motor.o
        64         26        304          0       1536        776   startup_stm32f103xe.o
       192         36          0          9          0       6225   stm32f1xx_hal.o
       304         22          0          0          0      29179   stm32f1xx_hal_cortex.o
      1570         28          0          0          0       3563   stm32f1xx_hal_dma.o
       860         40          0          0          0       3195   stm32f1xx_hal_gpio.o
        84          8          0          0          0        826   stm32f1xx_hal_msp.o
      1748         98         18          0          0       5696   stm32f1xx_hal_rcc.o
      1910         88          0          0          0      12097   stm32f1xx_hal_tim.o
       272         22          0          0          0       2032   stm32f1xx_hal_tim_ex.o
      1956          8          0          0          0      10564   stm32f1xx_hal_uart.o
        98         24          0          0          0       5368   stm32f1xx_it.o
         2          0         24          4          0       1019   system_stm32f1xx.o
      1448         80          0          0        288       4803   tim.o
       528         56          0          0        280       2373   usart.o

    ----------------------------------------------------------------------
     12208        602        492        144       2104     581204   Object Totals
         0          0         32          0          0          0   (incl. Generated)
        22          0          2          3          0          0   (incl. Padding)

    ----------------------------------------------------------------------

      Code (inc. data)   RO Data    RW Data    ZI Data      Debug   Library Member Name

        44          6          0          0          0         84   __2sprintf.o
         8          0          0          0          0         68   __main.o
       312          4         17          0          0         92   __printf_flags_wp.o
        14          0          0          0          0         68   __printf_wp.o
         0          0          0          0          0          0   __rtentry.o
        12          0          0          0          0          0   __rtentry2.o
         6          0          0          0          0          0   __rtentry4.o
        52          8          0          0          0          0   __scatter.o
        26          0          0          0          0          0   __scatter_copy.o
        28          0          0          0          0          0   __scatter_zi.o
        48          6          0          0          0         96   _printf_char_common.o
         6          0          0          0          0          0   _printf_d.o
       120         16          0          0          0         92   _printf_dec.o
       178          0          0          0          0         88   _printf_intcommon.o
        78          0          0          0          0        108   _printf_pad.o
         0          0          0          0          0          0   _printf_percent.o
         4          0          0          0          0          0   _printf_percent_end.o
        10          0          0          0          0         68   _sputc.o
        18          0          0          0          0         80   exit.o
         6          0          0          0          0        152   heapauxi.o
         0          0          0          0          0          0   indicate_semi.o
         2          0          0          0          0          0   libinit.o
         2          0          0          0          0          0   libinit2.o
         2          0          0          0          0          0   libshutdown.o
         2          0          0          0          0          0   libshutdown2.o
         8          4          0          0         96         68   libspace.o
        78          0          0          0          0         80   rt_memclr_w.o
       100          0          0          0          0         80   rt_memcpy_w.o
         2          0          0          0          0          0   rtexit.o
        10          0          0          0          0          0   rtexit2.o
        12          4          0          0          0         68   sys_exit.o
        74          0          0          0          0         80   sys_stackheap_outer.o
         2          0          0          0          0         68   use_no_semi.o

    ----------------------------------------------------------------------
      1272         48         20          0         96       1440   Library Totals
         8          0          3          0          0          0   (incl. Padding)

    ----------------------------------------------------------------------

      Code (inc. data)   RO Data    RW Data    ZI Data      Debug   Library Name

      1264         48         17          0         96       1440   c_w.l

    ----------------------------------------------------------------------
      1272         48         20          0         96       1440   Library Totals

    ----------------------------------------------------------------------

==============================================================================


      Code (inc. data)   RO Data    RW Data    ZI Data      Debug   

     13480        650        512        144       2200     577336   Grand Totals
     13480        650        512        144       2200     577336   ELF Image Totals
     13480        650        512        144          0          0   ROM Totals

==============================================================================

    Total RO  Size (Code + RO Data)                13992 (  13.66kB)
    Total RW  Size (RW Data + ZI Data)              2344 (   2.29kB)
    Total ROM Size (Code + RO Data + RW Data)      14136 (  13.80kB)

==============================================================================

