Archive member included to satisfy reference by file (symbol)

D:/gcc-arm-none-eabi-10.3-2021.10-win32/gcc-arm-none-eabi-10.3-2021.10/bin/../lib/gcc/arm-none-eabi/14.3.1/../../../../arm-none-eabi/lib/thumb/v7-m/nofp\libg.a(libc_a-atoi.o)
                              CMakeFiles/project1.elf.dir/My/command.c.obj (atoi)
D:/gcc-arm-none-eabi-10.3-2021.10-win32/gcc-arm-none-eabi-10.3-2021.10/bin/../lib/gcc/arm-none-eabi/14.3.1/../../../../arm-none-eabi/lib/thumb/v7-m/nofp\libg.a(libc_a-exit.o)
                              D:/gcc-arm-none-eabi-10.3-2021.10-win32/gcc-arm-none-eabi-10.3-2021.10/bin/../lib/gcc/arm-none-eabi/14.3.1/../../../../arm-none-eabi/lib/thumb/v7-m/nofp/crt0.o (exit)
D:/gcc-arm-none-eabi-10.3-2021.10-win32/gcc-arm-none-eabi-10.3-2021.10/bin/../lib/gcc/arm-none-eabi/14.3.1/../../../../arm-none-eabi/lib/thumb/v7-m/nofp\libg.a(libc_a-strtol.o)
                              D:/gcc-arm-none-eabi-10.3-2021.10-win32/gcc-arm-none-eabi-10.3-2021.10/bin/../lib/gcc/arm-none-eabi/14.3.1/../../../../arm-none-eabi/lib/thumb/v7-m/nofp\libg.a(libc_a-atoi.o) (_strtol_r)
D:/gcc-arm-none-eabi-10.3-2021.10-win32/gcc-arm-none-eabi-10.3-2021.10/bin/../lib/gcc/arm-none-eabi/14.3.1/../../../../arm-none-eabi/lib/thumb/v7-m/nofp\libg.a(libc_a-ctype_.o)
                              D:/gcc-arm-none-eabi-10.3-2021.10-win32/gcc-arm-none-eabi-10.3-2021.10/bin/../lib/gcc/arm-none-eabi/14.3.1/../../../../arm-none-eabi/lib/thumb/v7-m/nofp\libg.a(libc_a-strtol.o) (_ctype_)
D:/gcc-arm-none-eabi-10.3-2021.10-win32/gcc-arm-none-eabi-10.3-2021.10/bin/../lib/gcc/arm-none-eabi/14.3.1/../../../../arm-none-eabi/lib/thumb/v7-m/nofp\libg.a(libc_a-findfp.o)
                              D:/gcc-arm-none-eabi-10.3-2021.10-win32/gcc-arm-none-eabi-10.3-2021.10/bin/../lib/gcc/arm-none-eabi/14.3.1/../../../../arm-none-eabi/lib/thumb/v7-m/nofp\libg.a(libc_a-exit.o) (__stdio_exit_handler)
D:/gcc-arm-none-eabi-10.3-2021.10-win32/gcc-arm-none-eabi-10.3-2021.10/bin/../lib/gcc/arm-none-eabi/14.3.1/../../../../arm-none-eabi/lib/thumb/v7-m/nofp\libg.a(libc_a-fwalk.o)
                              D:/gcc-arm-none-eabi-10.3-2021.10-win32/gcc-arm-none-eabi-10.3-2021.10/bin/../lib/gcc/arm-none-eabi/14.3.1/../../../../arm-none-eabi/lib/thumb/v7-m/nofp\libg.a(libc_a-findfp.o) (_fwalk_sglue)
D:/gcc-arm-none-eabi-10.3-2021.10-win32/gcc-arm-none-eabi-10.3-2021.10/bin/../lib/gcc/arm-none-eabi/14.3.1/../../../../arm-none-eabi/lib/thumb/v7-m/nofp\libg.a(libc_a-sprintf.o)
                              CMakeFiles/project1.elf.dir/My/command.c.obj (sprintf)
D:/gcc-arm-none-eabi-10.3-2021.10-win32/gcc-arm-none-eabi-10.3-2021.10/bin/../lib/gcc/arm-none-eabi/14.3.1/../../../../arm-none-eabi/lib/thumb/v7-m/nofp\libg.a(libc_a-stdio.o)
                              D:/gcc-arm-none-eabi-10.3-2021.10-win32/gcc-arm-none-eabi-10.3-2021.10/bin/../lib/gcc/arm-none-eabi/14.3.1/../../../../arm-none-eabi/lib/thumb/v7-m/nofp\libg.a(libc_a-findfp.o) (__sread)
D:/gcc-arm-none-eabi-10.3-2021.10-win32/gcc-arm-none-eabi-10.3-2021.10/bin/../lib/gcc/arm-none-eabi/14.3.1/../../../../arm-none-eabi/lib/thumb/v7-m/nofp\libg.a(libc_a-memset.o)
                              D:/gcc-arm-none-eabi-10.3-2021.10-win32/gcc-arm-none-eabi-10.3-2021.10/bin/../lib/gcc/arm-none-eabi/14.3.1/../../../../arm-none-eabi/lib/thumb/v7-m/nofp/crt0.o (memset)
D:/gcc-arm-none-eabi-10.3-2021.10-win32/gcc-arm-none-eabi-10.3-2021.10/bin/../lib/gcc/arm-none-eabi/14.3.1/../../../../arm-none-eabi/lib/thumb/v7-m/nofp\libg.a(libc_a-strchr.o)
                              CMakeFiles/project1.elf.dir/My/command.c.obj (strchr)
D:/gcc-arm-none-eabi-10.3-2021.10-win32/gcc-arm-none-eabi-10.3-2021.10/bin/../lib/gcc/arm-none-eabi/14.3.1/../../../../arm-none-eabi/lib/thumb/v7-m/nofp\libg.a(libc_a-strncmp.o)
                              CMakeFiles/project1.elf.dir/My/command.c.obj (strncmp)
D:/gcc-arm-none-eabi-10.3-2021.10-win32/gcc-arm-none-eabi-10.3-2021.10/bin/../lib/gcc/arm-none-eabi/14.3.1/../../../../arm-none-eabi/lib/thumb/v7-m/nofp\libg.a(libc_a-strtok.o)
                              CMakeFiles/project1.elf.dir/My/command.c.obj (strtok)
D:/gcc-arm-none-eabi-10.3-2021.10-win32/gcc-arm-none-eabi-10.3-2021.10/bin/../lib/gcc/arm-none-eabi/14.3.1/../../../../arm-none-eabi/lib/thumb/v7-m/nofp\libg.a(libc_a-strtok_r.o)
                              D:/gcc-arm-none-eabi-10.3-2021.10-win32/gcc-arm-none-eabi-10.3-2021.10/bin/../lib/gcc/arm-none-eabi/14.3.1/../../../../arm-none-eabi/lib/thumb/v7-m/nofp\libg.a(libc_a-strtok.o) (__strtok_r)
D:/gcc-arm-none-eabi-10.3-2021.10-win32/gcc-arm-none-eabi-10.3-2021.10/bin/../lib/gcc/arm-none-eabi/14.3.1/../../../../arm-none-eabi/lib/thumb/v7-m/nofp\libg.a(libc_a-closer.o)
                              D:/gcc-arm-none-eabi-10.3-2021.10-win32/gcc-arm-none-eabi-10.3-2021.10/bin/../lib/gcc/arm-none-eabi/14.3.1/../../../../arm-none-eabi/lib/thumb/v7-m/nofp\libg.a(libc_a-stdio.o) (_close_r)
[...]
Memory Configuration

Name             Origin             Length             Attributes
RAM              0x20000000         0x00005000         xrw
FLASH            0x08000000         0x00010000         xr
*default*        0x00000000         0xffffffff

Linker script and memory map

LOAD D:/gcc-arm-none-eabi-10.3-2021.10-win32/gcc-arm-none-eabi-10.3-2021.10/bin/../lib/gcc/arm-none-eabi/14.3.1/thumb/v7-m/nofp/crti.o
LOAD D:/gcc-arm-none-eabi-10.3-2021.10-win32/gcc-arm-none-eabi-10.3-2021.10/bin/../lib/gcc/arm-none-eabi/14.3.1/thumb/v7-m/nofp/crtbegin.o
LOAD D:/gcc-arm-none-eabi-10.3-2021.10-win32/gcc-arm-none-eabi-10.3-2021.10/bin/../lib/gcc/arm-none-eabi/14.3.1/../../../../arm-none-eabi/lib/thumb/v7-m/nofp/crt0.o
LOAD CMakeFiles/project1.elf.dir/Core/Src/dma.c.obj
LOAD CMakeFiles/project1.elf.dir/Core/Src/gpio.c.obj
LOAD CMakeFiles/project1.elf.dir/Core/Src/main.c.obj
LOAD CMakeFiles/project1.elf.dir/Core/Src/stm32f1xx_hal_msp.c.obj
LOAD CMakeFiles/project1.elf.dir/Core/Src/stm32f1xx_it.c.obj
LOAD CMakeFiles/project1.elf.dir/Core/Src/syscalls.c.obj
LOAD CMakeFiles/project1.elf.dir/Core/Src/sysmem.c.obj
LOAD CMakeFiles/project1.elf.dir/Core/Src/system_stm32f1xx.c.obj
LOAD CMakeFiles/project1.elf.dir/Core/Src/tim.c.obj
LOAD CMakeFiles/project1.elf.dir/Core/Src/usart.c.obj
LOAD CMakeFiles/project1.elf.dir/Core/Startup/startup_stm32f103c8tx.s.obj
LOAD CMakeFiles/project1.elf.dir/Drivers/STM32F1xx_HAL_Driver/Src/stm32f1xx_hal.c.obj
LOAD CMakeFiles/project1.elf.dir/Drivers/STM32F1xx_HAL_Driver/Src/stm32f1xx_hal_cortex.c.obj
LOAD CMakeFiles/project1.elf.dir/Drivers/STM32F1xx_HAL_Driver/Src/stm32f1xx_hal_dma.c.obj
LOAD CMakeFiles/project1.elf.dir/Drivers/STM32F1xx_HAL_Driver/Src/stm32f1xx_hal_exti.c.obj
LOAD CMakeFiles/project1.elf.dir/Drivers/STM32F1xx_HAL_Driver/Src/stm32f1xx_hal_flash.c.obj
LOAD CMakeFiles/project1.elf.dir/Drivers/STM32F1xx_HAL_Driver/Src/stm32f1xx_hal_flash_ex.c.obj
LOAD CMakeFiles/project1.elf.dir/Drivers/STM32F1xx_HAL_Driver/Src/stm32f1xx_hal_gpio.c.obj
LOAD CMakeFiles/project1.elf.dir/Drivers/STM32F1xx_HAL_Driver/Src/stm32f1xx_hal_gpio_ex.c.obj
LOAD CMakeFiles/project1.elf.dir/Drivers/STM32F1xx_HAL_Driver/Src/stm32f1xx_hal_pwr.c.obj
LOAD CMakeFiles/project1.elf.dir/Drivers/STM32F1xx_HAL_Driver/Src/stm32f1xx_hal_rcc.c.obj
LOAD CMakeFiles/project1.elf.dir/Drivers/STM32F1xx_HAL_Driver/Src/stm32f1xx_hal_rcc_ex.c.obj
LOAD CMakeFiles/project1.elf.dir/Drivers/STM32F1xx_HAL_Driver/Src/stm32f1xx_hal_tim.c.obj
LOAD CMakeFiles/project1.elf.dir/Drivers/STM32F1xx_HAL_Driver/Src/stm32f1xx_hal_tim_ex.c.obj
LOAD CMakeFiles/project1.elf.dir/Drivers/STM32F1xx_HAL_Driver/Src/stm32f1xx_hal_uart.c.obj
LOAD CMakeFiles/project1.elf.dir/My/command.c.obj
LOAD CMakeFiles/project1.elf.dir/My/motor.c.obj
LOAD CMakeFiles/project1.elf.dir/My/pump.c.obj
START GROUP
LOAD D:/gcc-arm-none-eabi-10.3-2021.10-win32/gcc-arm-none-eabi-10.3-2021.10/bin/../lib/gcc/arm-none-eabi/14.3.1/thumb/v7-m/nofp\libgcc.a
LOAD D:/gcc-arm-none-eabi-10.3-2021.10-win32/gcc-arm-none-eabi-10.3-2021.10/bin/../lib/gcc/arm-none-eabi/14.3.1/../../../../arm-none-eabi/lib/thumb/v7-m/nofp\libg.a
LOAD D:/gcc-arm-none-eabi-10.3-2021.10-win32/gcc-arm-none-eabi-10.3-2021.10/bin/../lib/gcc/arm-none-eabi/14.3.1/../../../../arm-none-eabi/lib/thumb/v7-m/nofp\libc.a
END GROUP
LOAD D:/gcc-arm-none-eabi-10.3-2021.10-win32/gcc-arm-none-eabi-10.3-2021.10/bin/../lib/gcc/arm-none-eabi/14.3.1/thumb/v7-m/nofp/crtend.o
LOAD D:/gcc-arm-none-eabi-10.3-2021.10-win32/gcc-arm-none-eabi-10.3-2021.10/bin/../lib/gcc/arm-none-eabi/14.3.1/thumb/v7-m/nofp/crtn.o
                0x20005000                        _estack = (ORIGIN (RAM) + LENGTH (RAM))
                0x00000200                        _Min_Heap_Size = 0x200
                0x00000400                        _Min_Stack_Size = 0x400

.isr_vector     0x08000000      0x10c
                0x08000000                        . = ALIGN (0x4)
 *(.isr_vector)
 .isr_vector    0x08000000      0x10c CMakeFiles/project1.elf.dir/Core/Startup/startup_stm32f103c8tx.s.obj
                0x08000000                g_pfnVectors
                0x0800010c                        . = ALIGN (0x4)

.text           0x08000110     0xc0f8
                0x08000110                        . = ALIGN (0x4)
 *(.text)
 .text          0x08000110       0xec D:/gcc-arm-none-eabi-10.3-2021.10-win32/gcc-arm-none-eabi-10.3-2021.10/bin/../lib/gcc/arm-none-eabi/14.3.1/../../../../arm-none-eabi/lib/thumb/v7-m/nofp\libg.a(libc_a-memcpy.o)
                0x08000110                memcpy
 .text          0x080001fc      0x378 D:/gcc-arm-none-eabi-10.3-2021.10-win32/gcc-arm-none-eabi-10.3-2021.10/bin/../lib/gcc/arm-none-eabi/14.3.1/thumb/v7-m/nofp\libgcc.a(_arm_addsubdf3.o)
                0x080001fc                __aeabi_drsub
                0x08000204                __aeabi_dsub
                0x08000204                __subdf3
                0x08000208                __aeabi_dadd
                0x08000208                __adddf3
                0x08000480                __floatunsidf
                0x08000480                __aeabi_ui2d
                0x080004a0                __floatsidf
                0x080004a0                __aeabi_i2d
                0x080004c4                __aeabi_f2d
                0x080004c4                __extendsfdf2
                0x08000508                __floatundidf
                0x08000508                __aeabi_ul2d
                0x08000518                __floatdidf
                0x08000518                __aeabi_l2d
 .text          0x08000574      0x424 D:/gcc-arm-none-eabi-10.3-2021.10-win32/gcc-arm-none-eabi-10.3-2021.10/bin/../lib/gcc/arm-none-eabi/14.3.1/thumb/v7-m/nofp\libgcc.a(_arm_muldivdf3.o)
                0x08000574                __aeabi_dmul
                0x08000574                __muldf3
                0x080007c8                __divdf3
                0x080007c8                __aeabi_ddiv
 .text          0x08000998      0x110 D:/gcc-arm-none-eabi-10.3-2021.10-win32/gcc-arm-none-eabi-10.3-2021.10/bin/../lib/gcc/arm-none-eabi/14.3.1/thumb/v7-m/nofp\libgcc.a(_arm_cmpdf2.o)
                0x08000998                __gtdf2
                0x08000998                __gedf2
                0x080009a0                __ltdf2
                0x080009a0                __ledf2
                0x080009a8                __nedf2
                0x080009a8                __eqdf2
                0x080009a8                __cmpdf2
                0x08000a24                __aeabi_cdrcmple
                0x08000a34                __aeabi_cdcmpeq
                0x08000a34                __aeabi_cdcmple
                0x08000a44                __aeabi_dcmpeq
                0x08000a58                __aeabi_dcmplt
                0x08000a6c                __aeabi_dcmple
                0x08000a80                __aeabi_dcmpge
                0x08000a94                __aeabi_dcmpgt
 .text          0x08000aa8       0x2c D:/gcc-arm-none-eabi-10.3-2021.10-win32/gcc-arm-none-eabi-10.3-2021.10/bin/../lib/gcc/arm-none-eabi/14.3.1/thumb/v7-m/nofp\libgcc.a(_arm_unorddf2.o)
                0x08000aa8                __unorddf2
                0x08000aa8                __aeabi_dcmpun
 .text          0x08000ad4       0x50 D:/gcc-arm-none-eabi-10.3-2021.10-win32/gcc-arm-none-eabi-10.3-2021.10/bin/../lib/gcc/arm-none-eabi/14.3.1/thumb/v7-m/nofp\libgcc.a(_arm_fixdfsi.o)
                0x08000ad4                __aeabi_d2iz
                0x08000ad4                __fixdfsi
 *(.text*)
 .text.deregister_tm_clones
                0x08000b24       0x1c D:/gcc-arm-none-eabi-10.3-2021.10-win32/gcc-arm-none-eabi-10.3-2021.10/bin/../lib/gcc/arm-none-eabi/14.3.1/thumb/v7-m/nofp/crtbegin.o
 .text.register_tm_clones
                0x08000b40       0x24 D:/gcc-arm-none-eabi-10.3-2021.10-win32/gcc-arm-none-eabi-10.3-2021.10/bin/../lib/gcc/arm-none-eabi/14.3.1/thumb/v7-m/nofp/crtbegin.o
 .text.__do_global_dtors_aux
                0x08000b64       0x28 D:/gcc-arm-none-eabi-10.3-2021.10-win32/gcc-arm-none-eabi-10.3-2021.10/bin/../lib/gcc/arm-none-eabi/14.3.1/thumb/v7-m/nofp/crtbegin.o
 .text.frame_dummy
                0x08000b8c       0x24 D:/gcc-arm-none-eabi-10.3-2021.10-win32/gcc-arm-none-eabi-10.3-2021.10/bin/../lib/gcc/arm-none-eabi/14.3.1/thumb/v7-m/nofp/crtbegin.o
 .text.MX_DMA_Init
                0x08000bb0       0x44 CMakeFiles/project1.elf.dir/Core/Src/dma.c.obj
                0x08000bb0                MX_DMA_Init
 .text.MX_GPIO_Init
                0x08000bf4       0x9c CMakeFiles/project1.elf.dir/Core/Src/gpio.c.obj
                0x08000bf4                MX_GPIO_Init
 .text.Error_Handler
                0x08000c90        0x4 CMakeFiles/project1.elf.dir/Core/Src/main.c.obj
                0x08000c90                Error_Handler
 .text.SystemClock_Config
                0x08000c94       0x64 CMakeFiles/project1.elf.dir/Core/Src/main.c.obj
                0x08000c94                SystemClock_Config
 .text.main     0x08000cf8      0x7e0 CMakeFiles/project1.elf.dir/Core/Src/main.c.obj
                0x08000cf8                main
 .text.HAL_MspInit
                0x080014d8       0x44 CMakeFiles/project1.elf.dir/Core/Src/stm32f1xx_hal_msp.c.obj
                0x080014d8                HAL_MspInit
 .text.NMI_Handler
                0x0800151c        0x2 CMakeFiles/project1.elf.dir/Core/Src/stm32f1xx_it.c.obj
                0x0800151c                NMI_Handler
 .text.HardFault_Handler
                0x0800151e        0x2 CMakeFiles/project1.elf.dir/Core/Src/stm32f1xx_it.c.obj
                0x0800151e                HardFault_Handler
 .text.MemManage_Handler
                0x08001520        0x2 CMakeFiles/project1.elf.dir/Core/Src/stm32f1xx_it.c.obj
                0x08001520                MemManage_Handler
 .text.BusFault_Handler
                0x08001522        0x2 CMakeFiles/project1.elf.dir/Core/Src/stm32f1xx_it.c.obj
                0x08001522                BusFault_Handler
 .text.UsageFault_Handler
                0x08001524        0x2 CMakeFiles/project1.elf.dir/Core/Src/stm32f1xx_it.c.obj
                0x08001524                UsageFault_Handler
 .text.SVC_Handler
                0x08001526        0x2 CMakeFiles/project1.elf.dir/Core/Src/stm32f1xx_it.c.obj
                0x08001526                SVC_Handler
 .text.DebugMon_Handler
                0x08001528        0x2 CMakeFiles/project1.elf.dir/Core/Src/stm32f1xx_it.c.obj
                0x08001528                DebugMon_Handler
 .text.PendSV_Handler
                0x0800152a        0x2 CMakeFiles/project1.elf.dir/Core/Src/stm32f1xx_it.c.obj
                0x0800152a                PendSV_Handler
 .text.SysTick_Handler
                0x0800152c        0x8 CMakeFiles/project1.elf.dir/Core/Src/stm32f1xx_it.c.obj
                0x0800152c                SysTick_Handler
 .text.DMA1_Channel5_IRQHandler
                0x08001534       0x10 CMakeFiles/project1.elf.dir/Core/Src/stm32f1xx_it.c.obj
                0x08001534                DMA1_Channel5_IRQHandler
 .text.DMA1_Channel6_IRQHandler
                0x08001544       0x10 CMakeFiles/project1.elf.dir/Core/Src/stm32f1xx_it.c.obj
                0x08001544                DMA1_Channel6_IRQHandler
 .text.TIM4_IRQHandler
                0x08001554       0x10 CMakeFiles/project1.elf.dir/Core/Src/stm32f1xx_it.c.obj
                0x08001554                TIM4_IRQHandler
 .text.USART1_IRQHandler
                0x08001564       0x14 CMakeFiles/project1.elf.dir/Core/Src/stm32f1xx_it.c.obj
                0x08001564                USART1_IRQHandler
 .text.USART2_IRQHandler
                0x08001578       0x10 CMakeFiles/project1.elf.dir/Core/Src/stm32f1xx_it.c.obj
                0x08001578                USART2_IRQHandler
 .text._getpid  0x08001588        0x4 CMakeFiles/project1.elf.dir/Core/Src/syscalls.c.obj
                0x08001588                _getpid
 .text._kill    0x0800158c       0x10 CMakeFiles/project1.elf.dir/Core/Src/syscalls.c.obj
                0x0800158c                _kill
 .text._exit    0x0800159c        0xc CMakeFiles/project1.elf.dir/Core/Src/syscalls.c.obj
                0x0800159c                _exit
 .text._read    0x080015a8       0x20 CMakeFiles/project1.elf.dir/Core/Src/syscalls.c.obj
                0x080015a8                _read
 .text._write   0x080015c8       0x1c CMakeFiles/project1.elf.dir/Core/Src/syscalls.c.obj
                0x080015c8                _write
 .text._close   0x080015e4        0x6 CMakeFiles/project1.elf.dir/Core/Src/syscalls.c.obj
                0x080015e4                _close
 .text._fstat   0x080015ea        0xa CMakeFiles/project1.elf.dir/Core/Src/syscalls.c.obj
                0x080015ea                _fstat
 .text._isatty  0x080015f4        0x4 CMakeFiles/project1.elf.dir/Core/Src/syscalls.c.obj
                0x080015f4                _isatty
 .text._lseek   0x080015f8        0x4 CMakeFiles/project1.elf.dir/Core/Src/syscalls.c.obj
                0x080015f8                _lseek
 .text._sbrk    0x080015fc       0x48 CMakeFiles/project1.elf.dir/Core/Src/sysmem.c.obj
                0x080015fc                _sbrk
 .text.SystemInit
                0x08001644        0x2 CMakeFiles/project1.elf.dir/Core/Src/system_stm32f1xx.c.obj
                0x08001644                SystemInit
 *fill*         0x08001646        0x2 
 .text.HAL_TIM_Base_MspInit
                0x08001648       0x9c CMakeFiles/project1.elf.dir/Core/Src/tim.c.obj
                0x08001648                HAL_TIM_Base_MspInit
 .text.HAL_TIM_MspPostInit
                0x080016e4      0x14c CMakeFiles/project1.elf.dir/Core/Src/tim.c.obj
                0x080016e4                HAL_TIM_MspPostInit
 .text.MX_TIM1_Init
                0x08001830      0x120 CMakeFiles/project1.elf.dir/Core/Src/tim.c.obj
                0x08001830                MX_TIM1_Init
 .text.MX_TIM2_Init
                0x08001950       0xe8 CMakeFiles/project1.elf.dir/Core/Src/tim.c.obj
                0x08001950                MX_TIM2_Init
 .text.MX_TIM3_Init
                0x08001a38       0xe8 CMakeFiles/project1.elf.dir/Core/Src/tim.c.obj
                0x08001a38                MX_TIM3_Init
 .text.MX_TIM4_Init
                0x08001b20       0xc0 CMakeFiles/project1.elf.dir/Core/Src/tim.c.obj
                0x08001b20                MX_TIM4_Init
 .text.MX_USART1_UART_Init
                0x08001be0       0x34 CMakeFiles/project1.elf.dir/Core/Src/usart.c.obj
                0x08001be0                MX_USART1_UART_Init
 .text.MX_USART2_UART_Init
                0x08001c14       0x34 CMakeFiles/project1.elf.dir/Core/Src/usart.c.obj
                0x08001c14                MX_USART2_UART_Init
 .text.HAL_UART_MspInit
                0x08001c48      0x170 CMakeFiles/project1.elf.dir/Core/Src/usart.c.obj
                0x08001c48                HAL_UART_MspInit
 .text.Reset_Handler
                0x08001db8       0x48 CMakeFiles/project1.elf.dir/Core/Startup/startup_stm32f103c8tx.s.obj
                0x08001db8                Reset_Handler
 .text.Default_Handler
                0x08001e00        0x2 CMakeFiles/project1.elf.dir/Core/Startup/startup_stm32f103c8tx.s.obj
                0x08001e00                RTC_Alarm_IRQHandler
                0x08001e00                EXTI2_IRQHandler
                0x08001e00                TIM1_CC_IRQHandler
                0x08001e00                PVD_IRQHandler
                0x08001e00                EXTI3_IRQHandler
                0x08001e00                EXTI0_IRQHandler
                0x08001e00                I2C2_EV_IRQHandler
                0x08001e00                ADC1_2_IRQHandler
                0x08001e00                SPI1_IRQHandler
                0x08001e00                TAMPER_IRQHandler
                0x08001e00                DMA1_Channel4_IRQHandler
                0x08001e00                USART3_IRQHandler
                0x08001e00                RTC_IRQHandler
                0x08001e00                DMA1_Channel7_IRQHandler
                0x08001e00                CAN1_RX1_IRQHandler
                0x08001e00                I2C1_EV_IRQHandler
                0x08001e00                TIM3_IRQHandler
                0x08001e00                RCC_IRQHandler
                0x08001e00                TIM1_TRG_COM_IRQHandler
                0x08001e00                DMA1_Channel1_IRQHandler
                0x08001e00                Default_Handler
                0x08001e00                EXTI15_10_IRQHandler
                0x08001e00                EXTI9_5_IRQHandler
                0x08001e00                SPI2_IRQHandler
                0x08001e00                EXTI4_IRQHandler
                0x08001e00                USB_LP_CAN1_RX0_IRQHandler
                0x08001e00                USB_HP_CAN1_TX_IRQHandler
                0x08001e00                DMA1_Channel3_IRQHandler
                0x08001e00                TIM1_UP_IRQHandler
                0x08001e00                WWDG_IRQHandler
                0x08001e00                TIM2_IRQHandler
                0x08001e00                TIM1_BRK_IRQHandler
                0x08001e00                EXTI1_IRQHandler
                0x08001e00                I2C2_ER_IRQHandler
                0x08001e00                DMA1_Channel2_IRQHandler
                0x08001e00                CAN1_SCE_IRQHandler
                0x08001e00                FLASH_IRQHandler
                0x08001e00                I2C1_ER_IRQHandler
                0x08001e00                USBWakeUp_IRQHandler
 *fill*         0x08001e02        0x2 
 .text.HAL_InitTick
                0x08001e04       0x4c CMakeFiles/project1.elf.dir/Drivers/STM32F1xx_HAL_Driver/Src/stm32f1xx_hal.c.obj
                0x08001e04                HAL_InitTick
 .text.HAL_Init
                0x08001e50       0x24 CMakeFiles/project1.elf.dir/Drivers/STM32F1xx_HAL_Driver/Src/stm32f1xx_hal.c.obj
                0x08001e50                HAL_Init
 .text.HAL_IncTick
                0x08001e74       0x18 CMakeFiles/project1.elf.dir/Drivers/STM32F1xx_HAL_Driver/Src/stm32f1xx_hal.c.obj
                0x08001e74                HAL_IncTick
 .text.HAL_GetTick
                0x08001e8c        0xc CMakeFiles/project1.elf.dir/Drivers/STM32F1xx_HAL_Driver/Src/stm32f1xx_hal.c.obj
                0x08001e8c                HAL_GetTick
 .text.HAL_Delay
                0x08001e98       0x28 CMakeFiles/project1.elf.dir/Drivers/STM32F1xx_HAL_Driver/Src/stm32f1xx_hal.c.obj
                0x08001e98                HAL_Delay
 .text.__NVIC_SetPriority
                0x08001ec0       0x28 CMakeFiles/project1.elf.dir/Drivers/STM32F1xx_HAL_Driver/Src/stm32f1xx_hal_cortex.c.obj
 .text.NVIC_EncodePriority
                0x08001ee8       0x3e CMakeFiles/project1.elf.dir/Drivers/STM32F1xx_HAL_Driver/Src/stm32f1xx_hal_cortex.c.obj
 *fill*         0x08001f26        0x2 
 .text.__NVIC_SystemReset
                0x08001f28       0x24 CMakeFiles/project1.elf.dir/Drivers/STM32F1xx_HAL_Driver/Src/stm32f1xx_hal_cortex.c.obj
 .text.HAL_NVIC_SetPriorityGrouping
                0x08001f4c       0x24 CMakeFiles/project1.elf.dir/Drivers/STM32F1xx_HAL_Driver/Src/stm32f1xx_hal_cortex.c.obj
                0x08001f4c                HAL_NVIC_SetPriorityGrouping
 .text.HAL_NVIC_SetPriority
                0x08001f70       0x20 CMakeFiles/project1.elf.dir/Drivers/STM32F1xx_HAL_Driver/Src/stm32f1xx_hal_cortex.c.obj
                0x08001f70                HAL_NVIC_SetPriority
 .text.HAL_NVIC_EnableIRQ
                0x08001f90       0x1c CMakeFiles/project1.elf.dir/Drivers/STM32F1xx_HAL_Driver/Src/stm32f1xx_hal_cortex.c.obj
                0x08001f90                HAL_NVIC_EnableIRQ
 .text.HAL_NVIC_SystemReset
                0x08001fac        0x6 CMakeFiles/project1.elf.dir/Drivers/STM32F1xx_HAL_Driver/Src/stm32f1xx_hal_cortex.c.obj
                0x08001fac                HAL_NVIC_SystemReset
 *fill*         0x08001fb2        0x2 
 .text.HAL_SYSTICK_Config
                0x08001fb4       0x28 CMakeFiles/project1.elf.dir/Drivers/STM32F1xx_HAL_Driver/Src/stm32f1xx_hal_cortex.c.obj
                0x08001fb4                HAL_SYSTICK_Config
 .text.DMA_SetConfig
                0x08001fdc       0x2c CMakeFiles/project1.elf.dir/Drivers/STM32F1xx_HAL_Driver/Src/stm32f1xx_hal_dma.c.obj
 .text.HAL_DMA_Init
                0x08002008       0x68 CMakeFiles/project1.elf.dir/Drivers/STM32F1xx_HAL_Driver/Src/stm32f1xx_hal_dma.c.obj
                0x08002008                HAL_DMA_Init
 .text.HAL_DMA_Start_IT
                0x08002070       0x74 CMakeFiles/project1.elf.dir/Drivers/STM32F1xx_HAL_Driver/Src/stm32f1xx_hal_dma.c.obj
                0x08002070                HAL_DMA_Start_IT
 .text.HAL_DMA_Abort
                0x080020e4       0x44 CMakeFiles/project1.elf.dir/Drivers/STM32F1xx_HAL_Driver/Src/stm32f1xx_hal_dma.c.obj
                0x080020e4                HAL_DMA_Abort
 .text.HAL_DMA_Abort_IT
                0x08002128       0x98 CMakeFiles/project1.elf.dir/Drivers/STM32F1xx_HAL_Driver/Src/stm32f1xx_hal_dma.c.obj
                0x08002128                HAL_DMA_Abort_IT
 .text.HAL_DMA_IRQHandler
                0x080021c0      0x144 CMakeFiles/project1.elf.dir/Drivers/STM32F1xx_HAL_Driver/Src/stm32f1xx_hal_dma.c.obj
                0x080021c0                HAL_DMA_IRQHandler
 .text.FLASH_Program_HalfWord
                0x08002304       0x1c CMakeFiles/project1.elf.dir/Drivers/STM32F1xx_HAL_Driver/Src/stm32f1xx_hal_flash.c.obj
 .text.FLASH_SetErrorCode
                0x08002320       0x70 CMakeFiles/project1.elf.dir/Drivers/STM32F1xx_HAL_Driver/Src/stm32f1xx_hal_flash.c.obj
 .text.HAL_FLASH_Unlock
                0x08002390       0x34 CMakeFiles/project1.elf.dir/Drivers/STM32F1xx_HAL_Driver/Src/stm32f1xx_hal_flash.c.obj
                0x08002390                HAL_FLASH_Unlock
 .text.HAL_FLASH_Lock
                0x080023c4       0x14 CMakeFiles/project1.elf.dir/Drivers/STM32F1xx_HAL_Driver/Src/stm32f1xx_hal_flash.c.obj
                0x080023c4                HAL_FLASH_Lock
 .text.FLASH_WaitForLastOperation
                0x080023d8       0x68 CMakeFiles/project1.elf.dir/Drivers/STM32F1xx_HAL_Driver/Src/stm32f1xx_hal_flash.c.obj
                0x080023d8                FLASH_WaitForLastOperation
 .text.HAL_FLASH_Program
                0x08002440       0xa0 CMakeFiles/project1.elf.dir/Drivers/STM32F1xx_HAL_Driver/Src/stm32f1xx_hal_flash.c.obj
                0x08002440                HAL_FLASH_Program
 .text.FLASH_MassErase
                0x080024e0       0x24 CMakeFiles/project1.elf.dir/Drivers/STM32F1xx_HAL_Driver/Src/stm32f1xx_hal_flash_ex.c.obj
 .text.FLASH_PageErase
                0x08002504       0x24 CMakeFiles/project1.elf.dir/Drivers/STM32F1xx_HAL_Driver/Src/stm32f1xx_hal_flash_ex.c.obj
                0x08002504                FLASH_PageErase
 .text.HAL_FLASHEx_Erase
                0x08002528       0xa4 CMakeFiles/project1.elf.dir/Drivers/STM32F1xx_HAL_Driver/Src/stm32f1xx_hal_flash_ex.c.obj
                0x08002528                HAL_FLASHEx_Erase
 .text.HAL_GPIO_Init
                0x080025cc      0x214 CMakeFiles/project1.elf.dir/Drivers/STM32F1xx_HAL_Driver/Src/stm32f1xx_hal_gpio.c.obj
                0x080025cc                HAL_GPIO_Init
 .text.HAL_GPIO_ReadPin
                0x080027e0        0xe CMakeFiles/project1.elf.dir/Drivers/STM32F1xx_HAL_Driver/Src/stm32f1xx_hal_gpio.c.obj
                0x080027e0                HAL_GPIO_ReadPin
 .text.HAL_GPIO_WritePin
                0x080027ee        0xc CMakeFiles/project1.elf.dir/Drivers/STM32F1xx_HAL_Driver/Src/stm32f1xx_hal_gpio.c.obj
                0x080027ee                HAL_GPIO_WritePin
 *fill*         0x080027fa        0x2 
 .text.RCC_Delay
                0x080027fc       0x2c CMakeFiles/project1.elf.dir/Drivers/STM32F1xx_HAL_Driver/Src/stm32f1xx_hal_rcc.c.obj
 .text.HAL_RCC_OscConfig
                0x08002828      0x410 CMakeFiles/project1.elf.dir/Drivers/STM32F1xx_HAL_Driver/Src/stm32f1xx_hal_rcc.c.obj
                0x08002828                HAL_RCC_OscConfig
 .text.HAL_RCC_GetSysClockFreq
                0x08002c38       0x60 CMakeFiles/project1.elf.dir/Drivers/STM32F1xx_HAL_Driver/Src/stm32f1xx_hal_rcc.c.obj
                0x08002c38                HAL_RCC_GetSysClockFreq
 .text.HAL_RCC_ClockConfig
                0x08002c98      0x16c CMakeFiles/project1.elf.dir/Drivers/STM32F1xx_HAL_Driver/Src/stm32f1xx_hal_rcc.c.obj
                0x08002c98                HAL_RCC_ClockConfig
 .text.HAL_RCC_GetHCLKFreq
                0x08002e04        0xc CMakeFiles/project1.elf.dir/Drivers/STM32F1xx_HAL_Driver/Src/stm32f1xx_hal_rcc.c.obj
                0x08002e04                HAL_RCC_GetHCLKFreq
 .text.HAL_RCC_GetPCLK1Freq
                0x08002e10       0x20 CMakeFiles/project1.elf.dir/Drivers/STM32F1xx_HAL_Driver/Src/stm32f1xx_hal_rcc.c.obj
                0x08002e10                HAL_RCC_GetPCLK1Freq
 .text.HAL_RCC_GetPCLK2Freq
                0x08002e30       0x20 CMakeFiles/project1.elf.dir/Drivers/STM32F1xx_HAL_Driver/Src/stm32f1xx_hal_rcc.c.obj
                0x08002e30                HAL_RCC_GetPCLK2Freq
 .text.TIM_OC1_SetConfig
                0x08002e50       0x54 CMakeFiles/project1.elf.dir/Drivers/STM32F1xx_HAL_Driver/Src/stm32f1xx_hal_tim.c.obj
 .text.TIM_OC3_SetConfig
                0x08002ea4       0x5c CMakeFiles/project1.elf.dir/Drivers/STM32F1xx_HAL_Driver/Src/stm32f1xx_hal_tim.c.obj
 .text.TIM_OC4_SetConfig
                0x08002f00       0x48 CMakeFiles/project1.elf.dir/Drivers/STM32F1xx_HAL_Driver/Src/stm32f1xx_hal_tim.c.obj
 .text.TIM_TI1_ConfigInputStage
                0x08002f48       0x24 CMakeFiles/project1.elf.dir/Drivers/STM32F1xx_HAL_Driver/Src/stm32f1xx_hal_tim.c.obj
 .text.TIM_TI2_ConfigInputStage
                0x08002f6c       0x26 CMakeFiles/project1.elf.dir/Drivers/STM32F1xx_HAL_Driver/Src/stm32f1xx_hal_tim.c.obj
 .text.TIM_ITRx_SetConfig
                0x08002f92       0x10 CMakeFiles/project1.elf.dir/Drivers/STM32F1xx_HAL_Driver/Src/stm32f1xx_hal_tim.c.obj
 *fill*         0x08002fa2        0x2 
 .text.HAL_TIM_Base_Start_IT
                0x08002fa4       0x64 CMakeFiles/project1.elf.dir/Drivers/STM32F1xx_HAL_Driver/Src/stm32f1xx_hal_tim.c.obj
                0x08002fa4                HAL_TIM_Base_Start_IT
 .text.HAL_TIM_Base_Stop_IT
                0x08003008       0x32 CMakeFiles/project1.elf.dir/Drivers/STM32F1xx_HAL_Driver/Src/stm32f1xx_hal_tim.c.obj
                0x08003008                HAL_TIM_Base_Stop_IT
 .text.HAL_TIM_PWM_MspInit
                0x0800303a        0x2 CMakeFiles/project1.elf.dir/Drivers/STM32F1xx_HAL_Driver/Src/stm32f1xx_hal_tim.c.obj
                0x0800303a                HAL_TIM_PWM_MspInit
 .text.HAL_TIM_OC_DelayElapsedCallback
                0x0800303c        0x2 CMakeFiles/project1.elf.dir/Drivers/STM32F1xx_HAL_Driver/Src/stm32f1xx_hal_tim.c.obj
                0x0800303c                HAL_TIM_OC_DelayElapsedCallback
 .text.HAL_TIM_IC_CaptureCallback
                0x0800303e        0x2 CMakeFiles/project1.elf.dir/Drivers/STM32F1xx_HAL_Driver/Src/stm32f1xx_hal_tim.c.obj
                0x0800303e                HAL_TIM_IC_CaptureCallback
 .text.HAL_TIM_PWM_PulseFinishedCallback
                0x08003040        0x2 CMakeFiles/project1.elf.dir/Drivers/STM32F1xx_HAL_Driver/Src/stm32f1xx_hal_tim.c.obj
                0x08003040                HAL_TIM_PWM_PulseFinishedCallback
 .text.HAL_TIM_TriggerCallback
                0x08003042        0x2 CMakeFiles/project1.elf.dir/Drivers/STM32F1xx_HAL_Driver/Src/stm32f1xx_hal_tim.c.obj
                0x08003042                HAL_TIM_TriggerCallback
 .text.HAL_TIM_IRQHandler
                0x08003044      0x15e CMakeFiles/project1.elf.dir/Drivers/STM32F1xx_HAL_Driver/Src/stm32f1xx_hal_tim.c.obj
                0x08003044                HAL_TIM_IRQHandler
 *fill*         0x080031a2        0x2 
 .text.TIM_Base_SetConfig
                0x080031a4       0x84 CMakeFiles/project1.elf.dir/Drivers/STM32F1xx_HAL_Driver/Src/stm32f1xx_hal_tim.c.obj
                0x080031a4                TIM_Base_SetConfig
 .text.HAL_TIM_Base_Init
                0x08003228       0x58 CMakeFiles/project1.elf.dir/Drivers/STM32F1xx_HAL_Driver/Src/stm32f1xx_hal_tim.c.obj
                0x08003228                HAL_TIM_Base_Init
 .text.HAL_TIM_PWM_Init
                0x08003280       0x58 CMakeFiles/project1.elf.dir/Drivers/STM32F1xx_HAL_Driver/Src/stm32f1xx_hal_tim.c.obj
                0x08003280                HAL_TIM_PWM_Init
 .text.TIM_OC2_SetConfig
                0x080032d8       0x5c CMakeFiles/project1.elf.dir/Drivers/STM32F1xx_HAL_Driver/Src/stm32f1xx_hal_tim.c.obj
                0x080032d8                TIM_OC2_SetConfig
 .text.HAL_TIM_PWM_ConfigChannel
                0x08003334       0xdc CMakeFiles/project1.elf.dir/Drivers/STM32F1xx_HAL_Driver/Src/stm32f1xx_hal_tim.c.obj
                0x08003334                HAL_TIM_PWM_ConfigChannel
 .text.TIM_ETR_SetConfig
                0x08003410       0x18 CMakeFiles/project1.elf.dir/Drivers/STM32F1xx_HAL_Driver/Src/stm32f1xx_hal_tim.c.obj
                0x08003410                TIM_ETR_SetConfig
 .text.HAL_TIM_ConfigClockSource
                0x08003428       0xfe CMakeFiles/project1.elf.dir/Drivers/STM32F1xx_HAL_Driver/Src/stm32f1xx_hal_tim.c.obj
                0x08003428                HAL_TIM_ConfigClockSource
 .text.TIM_CCxChannelCmd
                0x08003526       0x1e CMakeFiles/project1.elf.dir/Drivers/STM32F1xx_HAL_Driver/Src/stm32f1xx_hal_tim.c.obj
                0x08003526                TIM_CCxChannelCmd
 .text.HAL_TIM_PWM_Start
                0x08003544       0xd4 CMakeFiles/project1.elf.dir/Drivers/STM32F1xx_HAL_Driver/Src/stm32f1xx_hal_tim.c.obj
                0x08003544                HAL_TIM_PWM_Start
 .text.HAL_TIMEx_MasterConfigSynchronization
                0x08003618       0x6c CMakeFiles/project1.elf.dir/Drivers/STM32F1xx_HAL_Driver/Src/stm32f1xx_hal_tim_ex.c.obj
                0x08003618                HAL_TIMEx_MasterConfigSynchronization
 .text.HAL_TIMEx_ConfigBreakDeadTime
                0x08003684       0x52 CMakeFiles/project1.elf.dir/Drivers/STM32F1xx_HAL_Driver/Src/stm32f1xx_hal_tim_ex.c.obj
                0x08003684                HAL_TIMEx_ConfigBreakDeadTime
 .text.HAL_TIMEx_CommutCallback
                0x080036d6        0x2 CMakeFiles/project1.elf.dir/Drivers/STM32F1xx_HAL_Driver/Src/stm32f1xx_hal_tim_ex.c.obj
                0x080036d6                HAL_TIMEx_CommutCallback
 .text.HAL_TIMEx_BreakCallback
                0x080036d8        0x2 CMakeFiles/project1.elf.dir/Drivers/STM32F1xx_HAL_Driver/Src/stm32f1xx_hal_tim_ex.c.obj
                0x080036d8                HAL_TIMEx_BreakCallback
 .text.UART_EndTxTransfer
                0x080036da       0x20 CMakeFiles/project1.elf.dir/Drivers/STM32F1xx_HAL_Driver/Src/stm32f1xx_hal_uart.c.obj
 .text.UART_EndRxTransfer
                0x080036fa       0x5c CMakeFiles/project1.elf.dir/Drivers/STM32F1xx_HAL_Driver/Src/stm32f1xx_hal_uart.c.obj
 .text.UART_Transmit_IT
                0x08003756       0x5e CMakeFiles/project1.elf.dir/Drivers/STM32F1xx_HAL_Driver/Src/stm32f1xx_hal_uart.c.obj
 .text.UART_SetConfig
                0x080037b4       0x94 CMakeFiles/project1.elf.dir/Drivers/STM32F1xx_HAL_Driver/Src/stm32f1xx_hal_uart.c.obj
 .text.UART_WaitOnFlagUntilTimeout
                0x08003848       0x86 CMakeFiles/project1.elf.dir/Drivers/STM32F1xx_HAL_Driver/Src/stm32f1xx_hal_uart.c.obj
 .text.HAL_UART_Init
                0x080038ce       0x60 CMakeFiles/project1.elf.dir/Drivers/STM32F1xx_HAL_Driver/Src/stm32f1xx_hal_uart.c.obj
                0x080038ce                HAL_UART_Init
 .text.HAL_UART_Transmit
                0x0800392e       0xca CMakeFiles/project1.elf.dir/Drivers/STM32F1xx_HAL_Driver/Src/stm32f1xx_hal_uart.c.obj
                0x0800392e                HAL_UART_Transmit
 .text.HAL_UART_DMAStop
                0x080039f8       0x80 CMakeFiles/project1.elf.dir/Drivers/STM32F1xx_HAL_Driver/Src/stm32f1xx_hal_uart.c.obj
                0x080039f8                HAL_UART_DMAStop
 .text.HAL_UART_TxCpltCallback
                0x08003a78        0x2 CMakeFiles/project1.elf.dir/Drivers/STM32F1xx_HAL_Driver/Src/stm32f1xx_hal_uart.c.obj
                0x08003a78                HAL_UART_TxCpltCallback
 .text.UART_EndTransmit_IT
                0x08003a7a       0x1a CMakeFiles/project1.elf.dir/Drivers/STM32F1xx_HAL_Driver/Src/stm32f1xx_hal_uart.c.obj
 .text.HAL_UART_RxCpltCallback
                0x08003a94        0x2 CMakeFiles/project1.elf.dir/Drivers/STM32F1xx_HAL_Driver/Src/stm32f1xx_hal_uart.c.obj
                0x08003a94                HAL_UART_RxCpltCallback
 .text.HAL_UART_RxHalfCpltCallback
                0x08003a96        0x2 CMakeFiles/project1.elf.dir/Drivers/STM32F1xx_HAL_Driver/Src/stm32f1xx_hal_uart.c.obj
                0x08003a96                HAL_UART_RxHalfCpltCallback
 .text.HAL_UART_ErrorCallback
                0x08003a98        0x2 CMakeFiles/project1.elf.dir/Drivers/STM32F1xx_HAL_Driver/Src/stm32f1xx_hal_uart.c.obj
                0x08003a98                HAL_UART_ErrorCallback
 .text.UART_DMAError
                0x08003a9a       0x54 CMakeFiles/project1.elf.dir/Drivers/STM32F1xx_HAL_Driver/Src/stm32f1xx_hal_uart.c.obj
 .text.UART_DMAAbortOnError
                0x08003aee       0x10 CMakeFiles/project1.elf.dir/Drivers/STM32F1xx_HAL_Driver/Src/stm32f1xx_hal_uart.c.obj
 .text.HAL_UARTEx_RxEventCallback
                0x08003afe        0x2 CMakeFiles/project1.elf.dir/Drivers/STM32F1xx_HAL_Driver/Src/stm32f1xx_hal_uart.c.obj
                0x08003afe                HAL_UARTEx_RxEventCallback
 .text.UART_Receive_IT
                0x08003b00       0xe4 CMakeFiles/project1.elf.dir/Drivers/STM32F1xx_HAL_Driver/Src/stm32f1xx_hal_uart.c.obj
 .text.HAL_UART_IRQHandler
                0x08003be4      0x284 CMakeFiles/project1.elf.dir/Drivers/STM32F1xx_HAL_Driver/Src/stm32f1xx_hal_uart.c.obj
                0x08003be4                HAL_UART_IRQHandler
 .text.UART_DMARxHalfCplt
                0x08003e68       0x1e CMakeFiles/project1.elf.dir/Drivers/STM32F1xx_HAL_Driver/Src/stm32f1xx_hal_uart.c.obj
 .text.UART_DMAReceiveCplt
                0x08003e86       0x9a CMakeFiles/project1.elf.dir/Drivers/STM32F1xx_HAL_Driver/Src/stm32f1xx_hal_uart.c.obj
 .text.UART_Start_Receive_DMA
                0x08003f20       0xa4 CMakeFiles/project1.elf.dir/Drivers/STM32F1xx_HAL_Driver/Src/stm32f1xx_hal_uart.c.obj
                0x08003f20                UART_Start_Receive_DMA
 .text.HAL_UART_Receive_DMA
                0x08003fc4       0x24 CMakeFiles/project1.elf.dir/Drivers/STM32F1xx_HAL_Driver/Src/stm32f1xx_hal_uart.c.obj
                0x08003fc4                HAL_UART_Receive_DMA
 .text.extract_and_store
                0x08003fe8       0x38 CMakeFiles/project1.elf.dir/My/command.c.obj
 .text.UART_Command_Init
                0x08004020       0x20 CMakeFiles/project1.elf.dir/My/command.c.obj
                0x08004020                UART_Command_Init
 .text.page_warn
                0x08004040       0x58 CMakeFiles/project1.elf.dir/My/command.c.obj
                0x08004040                page_warn
 .text.sendMessage
                0x08004098       0x7c CMakeFiles/project1.elf.dir/My/command.c.obj
                0x08004098                sendMessage
 .text.parameter_show_100
                0x08004114      0x130 CMakeFiles/project1.elf.dir/My/command.c.obj
                0x08004114                parameter_show_100
 .text.parameter_show_50
                0x08004244      0x130 CMakeFiles/project1.elf.dir/My/command.c.obj
                0x08004244                parameter_show_50
 .text.UART_Command_Parse
                0x08004374      0x7a0 CMakeFiles/project1.elf.dir/My/command.c.obj
                0x08004374                UART_Command_Parse
 .text.UART_CALLBACK
                0x08004b14       0x54 CMakeFiles/project1.elf.dir/My/command.c.obj
                0x08004b14                UART_CALLBACK
 .text.motor_forward
                0x08004b68       0x14 CMakeFiles/project1.elf.dir/My/motor.c.obj
                0x08004b68                motor_forward
 .text.motor_back
                0x08004b7c       0x14 CMakeFiles/project1.elf.dir/My/motor.c.obj
                0x08004b7c                motor_back
 .text.motor_no
                0x08004b90       0x1c CMakeFiles/project1.elf.dir/My/motor.c.obj
                0x08004b90                motor_no
 .text.motor_no_no_delay
                0x08004bac       0x10 CMakeFiles/project1.elf.dir/My/motor.c.obj
                0x08004bac                motor_no_no_delay
 .text.PG_read_motor
                0x08004bbc       0x38 CMakeFiles/project1.elf.dir/My/motor.c.obj
                0x08004bbc                PG_read_motor
 .text.pump_set_out
                0x08004bf4       0x88 CMakeFiles/project1.elf.dir/My/pump.c.obj
                0x08004bf4                pump_set_out
 .text.pump_set_out_different_times_50ml
                0x08004c7c       0x5c CMakeFiles/project1.elf.dir/My/pump.c.obj
                0x08004c7c                pump_set_out_different_times_50ml
 .text.pump_set_out_different_times_100ml
                0x08004cd8       0x5c CMakeFiles/project1.elf.dir/My/pump.c.obj
                0x08004cd8                pump_set_out_different_times_100ml
 .text.pump_set_in
                0x08004d34       0x88 CMakeFiles/project1.elf.dir/My/pump.c.obj
                0x08004d34                pump_set_in
 .text.pump_set_no
                0x08004dbc       0x8c CMakeFiles/project1.elf.dir/My/pump.c.obj
                0x08004dbc                pump_set_no
 .text.pump_set_no_no_delay
                0x08004e48       0x80 CMakeFiles/project1.elf.dir/My/pump.c.obj
                0x08004e48                pump_set_no_no_delay
 .text.PG_read_pump
                0x08004ec8       0x38 CMakeFiles/project1.elf.dir/My/pump.c.obj
                0x08004ec8                PG_read_pump
 .text.HAL_TIM_PeriodElapsedCallback
                0x08004f00      0x1bc CMakeFiles/project1.elf.dir/My/pump.c.obj
                0x08004f00                HAL_TIM_PeriodElapsedCallback
 .text.WriteToFlash
                0x080050bc       0x78 CMakeFiles/project1.elf.dir/My/pump.c.obj
                0x080050bc                WriteToFlash
 .text.ReadFromFlash
                0x08005134       0x30 CMakeFiles/project1.elf.dir/My/pump.c.obj
                0x08005134                ReadFromFlash
 .text.atoi     0x08005164        0x8 D:/gcc-arm-none-eabi-10.3-2021.10-win32/gcc-arm-none-eabi-10.3-2021.10/bin/../lib/gcc/arm-none-eabi/14.3.1/../../../../arm-none-eabi/lib/thumb/v7-m/nofp\libg.a(libc_a-atoi.o)
                0x08005164                atoi
 .text._strtol_l.isra.0
                0x0800516c      0x138 D:/gcc-arm-none-eabi-10.3-2021.10-win32/gcc-arm-none-eabi-10.3-2021.10/bin/../lib/gcc/arm-none-eabi/14.3.1/../../../../arm-none-eabi/lib/thumb/v7-m/nofp\libg.a(libc_a-strtol.o)
 .text.strtol   0x080052a4       0x1c D:/gcc-arm-none-eabi-10.3-2021.10-win32/gcc-arm-none-eabi-10.3-2021.10/bin/../lib/gcc/arm-none-eabi/14.3.1/../../../../arm-none-eabi/lib/thumb/v7-m/nofp\libg.a(libc_a-strtol.o)
                0x080052a4                strtol
 .text.stdio_exit_handler
                0x080052c0       0x18 D:/gcc-arm-none-eabi-10.3-2021.10-win32/gcc-arm-none-eabi-10.3-2021.10/bin/../lib/gcc/arm-none-eabi/14.3.1/../../../../arm-none-eabi/lib/thumb/v7-m/nofp\libg.a(libc_a-findfp.o)
 .text.cleanup_stdio
                0x080052d8       0x40 D:/gcc-arm-none-eabi-10.3-2021.10-win32/gcc-arm-none-eabi-10.3-2021.10/bin/../lib/gcc/arm-none-eabi/14.3.1/../../../../arm-none-eabi/lib/thumb/v7-m/nofp\libg.a(libc_a-findfp.o)
 .text.global_stdio_init.part.0
                0x08005318       0xf0 D:/gcc-arm-none-eabi-10.3-2021.10-win32/gcc-arm-none-eabi-10.3-2021.10/bin/../lib/gcc/arm-none-eabi/14.3.1/../../../../arm-none-eabi/lib/thumb/v7-m/nofp\libg.a(libc_a-findfp.o)
 .text.__sinit  0x08005408       0x3c D:/gcc-arm-none-eabi-10.3-2021.10-win32/gcc-arm-none-eabi-10.3-2021.10/bin/../lib/gcc/arm-none-eabi/14.3.1/../../../../arm-none-eabi/lib/thumb/v7-m/nofp\libg.a(libc_a-findfp.o)
                0x08005408                __sinit
 .text.__sfp_lock_acquire
                0x08005444        0xc D:/gcc-arm-none-eabi-10.3-2021.10-win32/gcc-arm-none-eabi-10.3-2021.10/bin/../lib/gcc/arm-none-eabi/14.3.1/../../../../arm-none-eabi/lib/thumb/v7-m/nofp\libg.a(libc_a-findfp.o)
                0x08005444                __sfp_lock_acquire
 .text.__sfp_lock_release
                0x08005450        0xc D:/gcc-arm-none-eabi-10.3-2021.10-win32/gcc-arm-none-eabi-10.3-2021.10/bin/../lib/gcc/arm-none-eabi/14.3.1/../../../../arm-none-eabi/lib/thumb/v7-m/nofp\libg.a(libc_a-findfp.o)
                0x08005450                __sfp_lock_release
 .text._fwalk_sglue
                0x0800545c       0x44 D:/gcc-arm-none-eabi-10.3-2021.10-win32/gcc-arm-none-eabi-10.3-2021.10/bin/../lib/gcc/arm-none-eabi/14.3.1/../../../../arm-none-eabi/lib/thumb/v7-m/nofp\libg.a(libc_a-fwalk.o)
                0x0800545c                _fwalk_sglue
 .text.sprintf  0x080054a0       0x44 D:/gcc-arm-none-eabi-10.3-2021.10-win32/gcc-arm-none-eabi-10.3-2021.10/bin/../lib/gcc/arm-none-eabi/14.3.1/../../../../arm-none-eabi/lib/thumb/v7-m/nofp\libg.a(libc_a-sprintf.o)
                0x080054a0                sprintf
 .text.__sread  0x080054e4       0x24 D:/gcc-arm-none-eabi-10.3-2021.10-win32/gcc-arm-none-eabi-10.3-2021.10/bin/../lib/gcc/arm-none-eabi/14.3.1/../../../../arm-none-eabi/lib/thumb/v7-m/nofp\libg.a(libc_a-stdio.o)
                0x080054e4                __sread
 .text.__swrite
                0x08005508       0x40 D:/gcc-arm-none-eabi-10.3-2021.10-win32/gcc-arm-none-eabi-10.3-2021.10/bin/../lib/gcc/arm-none-eabi/14.3.1/../../../../arm-none-eabi/lib/thumb/v7-m/nofp\libg.a(libc_a-stdio.o)
                0x08005508                __swrite
 .text.__sseek  0x08005548       0x24 D:/gcc-arm-none-eabi-10.3-2021.10-win32/gcc-arm-none-eabi-10.3-2021.10/bin/../lib/gcc/arm-none-eabi/14.3.1/../../../../arm-none-eabi/lib/thumb/v7-m/nofp\libg.a(libc_a-stdio.o)
                0x08005548                __sseek
 .text.__sclose
                0x0800556c        0x8 D:/gcc-arm-none-eabi-10.3-2021.10-win32/gcc-arm-none-eabi-10.3-2021.10/bin/../lib/gcc/arm-none-eabi/14.3.1/../../../../arm-none-eabi/lib/thumb/v7-m/nofp\libg.a(libc_a-stdio.o)
                0x0800556c                __sclose
 .text.memset   0x08005574       0x9c D:/gcc-arm-none-eabi-10.3-2021.10-win32/gcc-arm-none-eabi-10.3-2021.10/bin/../lib/gcc/arm-none-eabi/14.3.1/../../../../arm-none-eabi/lib/thumb/v7-m/nofp\libg.a(libc_a-memset.o)
                0x08005574                memset
 .text.strchr   0x08005610       0xd0 D:/gcc-arm-none-eabi-10.3-2021.10-win32/gcc-arm-none-eabi-10.3-2021.10/bin/../lib/gcc/arm-none-eabi/14.3.1/../../../../arm-none-eabi/lib/thumb/v7-m/nofp\libg.a(libc_a-strchr.o)
                0x08005610                strchr
 .text.strncmp  0x080056e0       0x78 D:/gcc-arm-none-eabi-10.3-2021.10-win32/gcc-arm-none-eabi-10.3-2021.10/bin/../lib/gcc/arm-none-eabi/14.3.1/../../../../arm-none-eabi/lib/thumb/v7-m/nofp\libg.a(libc_a-strncmp.o)
                0x080056e0                strncmp
 .text.strtok   0x08005758       0x10 D:/gcc-arm-none-eabi-10.3-2021.10-win32/gcc-arm-none-eabi-10.3-2021.10/bin/../lib/gcc/arm-none-eabi/14.3.1/../../../../arm-none-eabi/lib/thumb/v7-m/nofp\libg.a(libc_a-strtok.o)
                0x08005758                strtok
 .text.__strtok_r
                0x08005768       0x64 D:/gcc-arm-none-eabi-10.3-2021.10-win32/gcc-arm-none-eabi-10.3-2021.10/bin/../lib/gcc/arm-none-eabi/14.3.1/../../../../arm-none-eabi/lib/thumb/v7-m/nofp\libg.a(libc_a-strtok_r.o)
                0x08005768                __strtok_r
 .text._close_r
                0x080057cc       0x24 D:/gcc-arm-none-eabi-10.3-2021.10-win32/gcc-arm-none-eabi-10.3-2021.10/bin/../lib/gcc/arm-none-eabi/14.3.1/../../../../arm-none-eabi/lib/thumb/v7-m/nofp\libg.a(libc_a-closer.o)
                0x080057cc                _close_r
 .text._lseek_r
                0x080057f0       0x2c D:/gcc-arm-none-eabi-10.3-2021.10-win32/gcc-arm-none-eabi-10.3-2021.10/bin/../lib/gcc/arm-none-eabi/14.3.1/../../../../arm-none-eabi/lib/thumb/v7-m/nofp\libg.a(libc_a-lseekr.o)
                0x080057f0                _lseek_r
 .text._read_r  0x0800581c       0x2c D:/gcc-arm-none-eabi-10.3-2021.10-win32/gcc-arm-none-eabi-10.3-2021.10/bin/../lib/gcc/arm-none-eabi/14.3.1/../../../../arm-none-eabi/lib/thumb/v7-m/nofp\libg.a(libc_a-readr.o)
                0x0800581c                _read_r
 .text._write_r
                0x08005848       0x2c D:/gcc-arm-none-eabi-10.3-2021.10-win32/gcc-arm-none-eabi-10.3-2021.10/bin/../lib/gcc/arm-none-eabi/14.3.1/../../../../arm-none-eabi/lib/thumb/v7-m/nofp\libg.a(libc_a-writer.o)
                0x08005848                _write_r
 .text.__errno  0x08005874        0xc D:/gcc-arm-none-eabi-10.3-2021.10-win32/gcc-arm-none-eabi-10.3-2021.10/bin/../lib/gcc/arm-none-eabi/14.3.1/../../../../arm-none-eabi/lib/thumb/v7-m/nofp\libg.a(libc_a-errno.o)
                0x08005874                __errno
 .text.__libc_init_array
                0x08005880       0x50 D:/gcc-arm-none-eabi-10.3-2021.10-win32/gcc-arm-none-eabi-10.3-2021.10/bin/../lib/gcc/arm-none-eabi/14.3.1/../../../../arm-none-eabi/lib/thumb/v7-m/nofp\libg.a(libc_a-init.o)
                0x08005880                __libc_init_array
 .text.__retarget_lock_init_recursive
                0x080058d0        0x4 D:/gcc-arm-none-eabi-10.3-2021.10-win32/gcc-arm-none-eabi-10.3-2021.10/bin/../lib/gcc/arm-none-eabi/14.3.1/../../../../arm-none-eabi/lib/thumb/v7-m/nofp\libg.a(libc_a-lock.o)
                0x080058d0                __retarget_lock_init_recursive
 .text.__retarget_lock_close_recursive
                0x080058d4        0x4 D:/gcc-arm-none-eabi-10.3-2021.10-win32/gcc-arm-none-eabi-10.3-2021.10/bin/../lib/gcc/arm-none-eabi/14.3.1/../../../../arm-none-eabi/lib/thumb/v7-m/nofp\libg.a(libc_a-lock.o)
                0x080058d4                __retarget_lock_close_recursive
 .text.__retarget_lock_acquire_recursive
                0x080058d8        0x4 D:/gcc-arm-none-eabi-10.3-2021.10-win32/gcc-arm-none-eabi-10.3-2021.10/bin/../lib/gcc/arm-none-eabi/14.3.1/../../../../arm-none-eabi/lib/thumb/v7-m/nofp\libg.a(libc_a-lock.o)
                0x080058d8                __retarget_lock_acquire_recursive
 .text.__retarget_lock_release_recursive
                0x080058dc        0x4 D:/gcc-arm-none-eabi-10.3-2021.10-win32/gcc-arm-none-eabi-10.3-2021.10/bin/../lib/gcc/arm-none-eabi/14.3.1/../../../../arm-none-eabi/lib/thumb/v7-m/nofp\libg.a(libc_a-lock.o)
                0x080058dc                __retarget_lock_release_recursive
 .text.strlen   0x080058e0       0x5c D:/gcc-arm-none-eabi-10.3-2021.10-win32/gcc-arm-none-eabi-10.3-2021.10/bin/../lib/gcc/arm-none-eabi/14.3.1/../../../../arm-none-eabi/lib/thumb/v7-m/nofp\libg.a(libc_a-strlen-stub.o)
                0x080058e0                strlen
 .text.startup.register_fini
                0x0800593c       0x14 D:/gcc-arm-none-eabi-10.3-2021.10-win32/gcc-arm-none-eabi-10.3-2021.10/bin/../lib/gcc/arm-none-eabi/14.3.1/../../../../arm-none-eabi/lib/thumb/v7-m/nofp\libg.a(libc_a-__call_atexit.o)
 .text.atexit   0x08005950        0xc D:/gcc-arm-none-eabi-10.3-2021.10-win32/gcc-arm-none-eabi-10.3-2021.10/bin/../lib/gcc/arm-none-eabi/14.3.1/../../../../arm-none-eabi/lib/thumb/v7-m/nofp\libg.a(libc_a-atexit.o)
                0x08005950                atexit
 .text._malloc_trim_r
                0x0800595c       0xb8 D:/gcc-arm-none-eabi-10.3-2021.10-win32/gcc-arm-none-eabi-10.3-2021.10/bin/../lib/gcc/arm-none-eabi/14.3.1/../../../../arm-none-eabi/lib/thumb/v7-m/nofp\libg.a(libc_a-freer.o)
                0x0800595c                _malloc_trim_r
 .text._free_r  0x08005a14      0x1e8 D:/gcc-arm-none-eabi-10.3-2021.10-win32/gcc-arm-none-eabi-10.3-2021.10/bin/../lib/gcc/arm-none-eabi/14.3.1/../../../../arm-none-eabi/lib/thumb/v7-m/nofp\libg.a(libc_a-freer.o)
                0x08005a14                _free_r
 .text._malloc_r
                0x08005bfc      0x57c D:/gcc-arm-none-eabi-10.3-2021.10-win32/gcc-arm-none-eabi-10.3-2021.10/bin/../lib/gcc/arm-none-eabi/14.3.1/../../../../arm-none-eabi/lib/thumb/v7-m/nofp\libg.a(libc_a-mallocr.o)
                0x08005bfc                _malloc_r
 .text.__malloc_lock
                0x08006178        0xc D:/gcc-arm-none-eabi-10.3-2021.10-win32/gcc-arm-none-eabi-10.3-2021.10/bin/../lib/gcc/arm-none-eabi/14.3.1/../../../../arm-none-eabi/lib/thumb/v7-m/nofp\libg.a(libc_a-mlock.o)
                0x08006178                __malloc_lock
 .text.__malloc_unlock
                0x08006184        0xc D:/gcc-arm-none-eabi-10.3-2021.10-win32/gcc-arm-none-eabi-10.3-2021.10/bin/../lib/gcc/arm-none-eabi/14.3.1/../../../../arm-none-eabi/lib/thumb/v7-m/nofp\libg.a(libc_a-mlock.o)
                0x08006184                __malloc_unlock
 .text._svfprintf_r
                0x08006190     0x223c D:/gcc-arm-none-eabi-10.3-2021.10-win32/gcc-arm-none-eabi-10.3-2021.10/bin/../lib/gcc/arm-none-eabi/14.3.1/../../../../arm-none-eabi/lib/thumb/v7-m/nofp\libg.a(libc_a-svfprintf.o)
                0x08006190                _svfprintf_r
 .text.__ssprint_r
                0x080083cc       0x58 D:/gcc-arm-none-eabi-10.3-2021.10-win32/gcc-arm-none-eabi-10.3-2021.10/bin/../lib/gcc/arm-none-eabi/14.3.1/../../../../arm-none-eabi/lib/thumb/v7-m/nofp\libg.a(libc_a-ssprint_r.o)
                0x080083cc                __ssprint_r
 .text._fclose_r
                0x08008424       0xc0 D:/gcc-arm-none-eabi-10.3-2021.10-win32/gcc-arm-none-eabi-10.3-2021.10/bin/../lib/gcc/arm-none-eabi/14.3.1/../../../../arm-none-eabi/lib/thumb/v7-m/nofp\libg.a(libc_a-fclose.o)
                0x08008424                _fclose_r
 .text.__sflush_r
                0x080084e4      0x124 D:/gcc-arm-none-eabi-10.3-2021.10-win32/gcc-arm-none-eabi-10.3-2021.10/bin/../lib/gcc/arm-none-eabi/14.3.1/../../../../arm-none-eabi/lib/thumb/v7-m/nofp\libg.a(libc_a-fflush.o)
                0x080084e4                __sflush_r
 .text._fflush_r
                0x08008608       0x54 D:/gcc-arm-none-eabi-10.3-2021.10-win32/gcc-arm-none-eabi-10.3-2021.10/bin/../lib/gcc/arm-none-eabi/14.3.1/../../../../arm-none-eabi/lib/thumb/v7-m/nofp\libg.a(libc_a-fflush.o)
                0x08008608                _fflush_r
 .text.strncpy  0x0800865c       0x6c D:/gcc-arm-none-eabi-10.3-2021.10-win32/gcc-arm-none-eabi-10.3-2021.10/bin/../lib/gcc/arm-none-eabi/14.3.1/../../../../arm-none-eabi/lib/thumb/v7-m/nofp\libg.a(libc_a-strncpy.o)
                0x0800865c                strncpy
 .text.__locale_mb_cur_max
                0x080086c8        0xc D:/gcc-arm-none-eabi-10.3-2021.10-win32/gcc-arm-none-eabi-10.3-2021.10/bin/../lib/gcc/arm-none-eabi/14.3.1/../../../../arm-none-eabi/lib/thumb/v7-m/nofp\libg.a(libc_a-locale.o)
                0x080086c8                __locale_mb_cur_max
 .text._localeconv_r
                0x080086d4        0x8 D:/gcc-arm-none-eabi-10.3-2021.10-win32/gcc-arm-none-eabi-10.3-2021.10/bin/../lib/gcc/arm-none-eabi/14.3.1/../../../../arm-none-eabi/lib/thumb/v7-m/nofp\libg.a(libc_a-localeconv.o)
                0x080086d4                _localeconv_r
 .text._sbrk_r  0x080086dc       0x24 D:/gcc-arm-none-eabi-10.3-2021.10-win32/gcc-arm-none-eabi-10.3-2021.10/bin/../lib/gcc/arm-none-eabi/14.3.1/../../../../arm-none-eabi/lib/thumb/v7-m/nofp\libg.a(libc_a-sbrkr.o)
                0x080086dc                _sbrk_r
 .text.__libc_fini_array
                0x08008700       0x28 D:/gcc-arm-none-eabi-10.3-2021.10-win32/gcc-arm-none-eabi-10.3-2021.10/bin/../lib/gcc/arm-none-eabi/14.3.1/../../../../arm-none-eabi/lib/thumb/v7-m/nofp\libg.a(libc_a-fini.o)
                0x08008700                __libc_fini_array
 .text.sysconf  0x08008728       0x1c D:/gcc-arm-none-eabi-10.3-2021.10-win32/gcc-arm-none-eabi-10.3-2021.10/bin/../lib/gcc/arm-none-eabi/14.3.1/../../../../arm-none-eabi/lib/thumb/v7-m/nofp\libg.a(libc_a-sysconf.o)
                0x08008728                sysconf
 .text.memchr   0x08008744       0x80 D:/gcc-arm-none-eabi-10.3-2021.10-win32/gcc-arm-none-eabi-10.3-2021.10/bin/../lib/gcc/arm-none-eabi/14.3.1/../../../../arm-none-eabi/lib/thumb/v7-m/nofp\libg.a(libc_a-memchr-stub.o)
                0x08008744                memchr
 .text.frexp    0x080087c4       0x6c D:/gcc-arm-none-eabi-10.3-2021.10-win32/gcc-arm-none-eabi-10.3-2021.10/bin/../lib/gcc/arm-none-eabi/14.3.1/../../../../arm-none-eabi/lib/thumb/v7-m/nofp\libg.a(libm_a-s_frexp.o)
                0x080087c4                frexp
 .text.__register_exitproc
                0x08008830       0x80 D:/gcc-arm-none-eabi-10.3-2021.10-win32/gcc-arm-none-eabi-10.3-2021.10/bin/../lib/gcc/arm-none-eabi/14.3.1/../../../../arm-none-eabi/lib/thumb/v7-m/nofp\libg.a(libc_a-__atexit.o)
                0x08008830                __register_exitproc
 .text.quorem   0x080088b0      0x13c D:/gcc-arm-none-eabi-10.3-2021.10-win32/gcc-arm-none-eabi-10.3-2021.10/bin/../lib/gcc/arm-none-eabi/14.3.1/../../../../arm-none-eabi/lib/thumb/v7-m/nofp\libg.a(libc_a-dtoa.o)
 *fill*         0x080089ec        0x4 
 .text._dtoa_r  0x080089f0     0x102c D:/gcc-arm-none-eabi-10.3-2021.10-win32/gcc-arm-none-eabi-10.3-2021.10/bin/../lib/gcc/arm-none-eabi/14.3.1/../../../../arm-none-eabi/lib/thumb/v7-m/nofp\libg.a(libc_a-dtoa.o)
                0x080089f0                _dtoa_r
 .text.__ascii_mbtowc
                0x08009a1c       0x2c D:/gcc-arm-none-eabi-10.3-2021.10-win32/gcc-arm-none-eabi-10.3-2021.10/bin/../lib/gcc/arm-none-eabi/14.3.1/../../../../arm-none-eabi/lib/thumb/v7-m/nofp\libg.a(libc_a-mbtowc_r.o)
                0x08009a1c                __ascii_mbtowc
 .text._Balloc  0x08009a48       0x4c D:/gcc-arm-none-eabi-10.3-2021.10-win32/gcc-arm-none-eabi-10.3-2021.10/bin/../lib/gcc/arm-none-eabi/14.3.1/../../../../arm-none-eabi/lib/thumb/v7-m/nofp\libg.a(libc_a-mprec.o)
                0x08009a48                _Balloc
 .text._Bfree   0x08009a94       0x14 D:/gcc-arm-none-eabi-10.3-2021.10-win32/gcc-arm-none-eabi-10.3-2021.10/bin/../lib/gcc/arm-none-eabi/14.3.1/../../../../arm-none-eabi/lib/thumb/v7-m/nofp\libg.a(libc_a-mprec.o)
                0x08009a94                _Bfree
 .text.__multadd
                0x08009aa8       0xa4 D:/gcc-arm-none-eabi-10.3-2021.10-win32/gcc-arm-none-eabi-10.3-2021.10/bin/../lib/gcc/arm-none-eabi/14.3.1/../../../../arm-none-eabi/lib/thumb/v7-m/nofp\libg.a(libc_a-mprec.o)
                0x08009aa8                __multadd
 .text.__hi0bits
                0x08009b4c       0x54 D:/gcc-arm-none-eabi-10.3-2021.10-win32/gcc-arm-none-eabi-10.3-2021.10/bin/../lib/gcc/arm-none-eabi/14.3.1/../../../../arm-none-eabi/lib/thumb/v7-m/nofp\libg.a(libc_a-mprec.o)
                0x08009b4c                __hi0bits
 .text.__lo0bits
                0x08009ba0       0x7c D:/gcc-arm-none-eabi-10.3-2021.10-win32/gcc-arm-none-eabi-10.3-2021.10/bin/../lib/gcc/arm-none-eabi/14.3.1/../../../../arm-none-eabi/lib/thumb/v7-m/nofp\libg.a(libc_a-mprec.o)
                0x08009ba0                __lo0bits
 .text.__i2b    0x08009c1c       0x5c D:/gcc-arm-none-eabi-10.3-2021.10-win32/gcc-arm-none-eabi-10.3-2021.10/bin/../lib/gcc/arm-none-eabi/14.3.1/../../../../arm-none-eabi/lib/thumb/v7-m/nofp\libg.a(libc_a-mprec.o)
                0x08009c1c                __i2b
 .text.__multiply
                0x08009c78      0x168 D:/gcc-arm-none-eabi-10.3-2021.10-win32/gcc-arm-none-eabi-10.3-2021.10/bin/../lib/gcc/arm-none-eabi/14.3.1/../../../../arm-none-eabi/lib/thumb/v7-m/nofp\libg.a(libc_a-mprec.o)
                0x08009c78                __multiply
 .text.__pow5mult
                0x08009de0       0xc0 D:/gcc-arm-none-eabi-10.3-2021.10-win32/gcc-arm-none-eabi-10.3-2021.10/bin/../lib/gcc/arm-none-eabi/14.3.1/../../../../arm-none-eabi/lib/thumb/v7-m/nofp\libg.a(libc_a-mprec.o)
                0x08009de0                __pow5mult
 .text.__lshift
                0x08009ea0       0xe8 D:/gcc-arm-none-eabi-10.3-2021.10-win32/gcc-arm-none-eabi-10.3-2021.10/bin/../lib/gcc/arm-none-eabi/14.3.1/../../../../arm-none-eabi/lib/thumb/v7-m/nofp\libg.a(libc_a-mprec.o)
                0x08009ea0                __lshift
 .text.__mcmp   0x08009f88       0x40 D:/gcc-arm-none-eabi-10.3-2021.10-win32/gcc-arm-none-eabi-10.3-2021.10/bin/../lib/gcc/arm-none-eabi/14.3.1/../../../../arm-none-eabi/lib/thumb/v7-m/nofp\libg.a(libc_a-mprec.o)
                0x08009f88                __mcmp
 .text.__mdiff  0x08009fc8      0x164 D:/gcc-arm-none-eabi-10.3-2021.10-win32/gcc-arm-none-eabi-10.3-2021.10/bin/../lib/gcc/arm-none-eabi/14.3.1/../../../../arm-none-eabi/lib/thumb/v7-m/nofp\libg.a(libc_a-mprec.o)
                0x08009fc8                __mdiff
 .text.__d2b    0x0800a12c       0xb8 D:/gcc-arm-none-eabi-10.3-2021.10-win32/gcc-arm-none-eabi-10.3-2021.10/bin/../lib/gcc/arm-none-eabi/14.3.1/../../../../arm-none-eabi/lib/thumb/v7-m/nofp\libg.a(libc_a-mprec.o)
                0x0800a12c                __d2b
 .text.__ascii_wctomb
                0x0800a1e4       0x1c D:/gcc-arm-none-eabi-10.3-2021.10-win32/gcc-arm-none-eabi-10.3-2021.10/bin/../lib/gcc/arm-none-eabi/14.3.1/../../../../arm-none-eabi/lib/thumb/v7-m/nofp\libg.a(libc_a-wctomb_r.o)
                0x0800a1e4                __ascii_wctomb
 .text._wcrtomb_r
                0x0800a200       0x4c D:/gcc-arm-none-eabi-10.3-2021.10-win32/gcc-arm-none-eabi-10.3-2021.10/bin/../lib/gcc/arm-none-eabi/14.3.1/../../../../arm-none-eabi/lib/thumb/v7-m/nofp\libg.a(libc_a-wcrtomb.o)
                0x0800a200                _wcrtomb_r
 .text._wcsrtombs_r
                0x0800a24c       0x18 D:/gcc-arm-none-eabi-10.3-2021.10-win32/gcc-arm-none-eabi-10.3-2021.10/bin/../lib/gcc/arm-none-eabi/14.3.1/../../../../arm-none-eabi/lib/thumb/v7-m/nofp\libg.a(libc_a-wcsrtombs.o)
                0x0800a24c                _wcsrtombs_r
 .text.__ssputs_r
                0x0800a264       0xc0 D:/gcc-arm-none-eabi-10.3-2021.10-win32/gcc-arm-none-eabi-10.3-2021.10/bin/../lib/gcc/arm-none-eabi/14.3.1/../../../../arm-none-eabi/lib/thumb/v7-m/nofp\libg.a(libc_a-ssputs_r.o)
                0x0800a264                __ssputs_r
 .text.memmove  0x0800a324      0x130 D:/gcc-arm-none-eabi-10.3-2021.10-win32/gcc-arm-none-eabi-10.3-2021.10/bin/../lib/gcc/arm-none-eabi/14.3.1/../../../../arm-none-eabi/lib/thumb/v7-m/nofp\libg.a(libc_a-memmove.o)
                0x0800a324                memmove
 .text.__assert_func
                0x0800a454       0x40 D:/gcc-arm-none-eabi-10.3-2021.10-win32/gcc-arm-none-eabi-10.3-2021.10/bin/../lib/gcc/arm-none-eabi/14.3.1/../../../../arm-none-eabi/lib/thumb/v7-m/nofp\libg.a(libc_a-assert.o)
                0x0800a454                __assert_func
 .text._calloc_r
                0x0800a494       0x6c D:/gcc-arm-none-eabi-10.3-2021.10-win32/gcc-arm-none-eabi-10.3-2021.10/bin/../lib/gcc/arm-none-eabi/14.3.1/../../../../arm-none-eabi/lib/thumb/v7-m/nofp\libg.a(libc_a-callocr.o)
                0x0800a494                _calloc_r
 .text._realloc_r
                0x0800a500      0x350 D:/gcc-arm-none-eabi-10.3-2021.10-win32/gcc-arm-none-eabi-10.3-2021.10/bin/../lib/gcc/arm-none-eabi/14.3.1/../../../../arm-none-eabi/lib/thumb/v7-m/nofp\libg.a(libc_a-reallocr.o)
                0x0800a500                _realloc_r
 .text._wcsnrtombs_l
                0x0800a850       0xf0 D:/gcc-arm-none-eabi-10.3-2021.10-win32/gcc-arm-none-eabi-10.3-2021.10/bin/../lib/gcc/arm-none-eabi/14.3.1/../../../../arm-none-eabi/lib/thumb/v7-m/nofp\libg.a(libc_a-wcsnrtombs.o)
                0x0800a850                _wcsnrtombs_l
 .text._wcsnrtombs_r
                0x0800a940       0x24 D:/gcc-arm-none-eabi-10.3-2021.10-win32/gcc-arm-none-eabi-10.3-2021.10/bin/../lib/gcc/arm-none-eabi/14.3.1/../../../../arm-none-eabi/lib/thumb/v7-m/nofp\libg.a(libc_a-wcsnrtombs.o)
                0x0800a940                _wcsnrtombs_r
 .text.fiprintf
                0x0800a964       0x28 D:/gcc-arm-none-eabi-10.3-2021.10-win32/gcc-arm-none-eabi-10.3-2021.10/bin/../lib/gcc/arm-none-eabi/14.3.1/../../../../arm-none-eabi/lib/thumb/v7-m/nofp\libg.a(libc_a-fiprintf.o)
                0x0800a964                fiprintf
 .text._vfiprintf_r
                0x0800a98c     0x1238 D:/gcc-arm-none-eabi-10.3-2021.10-win32/gcc-arm-none-eabi-10.3-2021.10/bin/../lib/gcc/arm-none-eabi/14.3.1/../../../../arm-none-eabi/lib/thumb/v7-m/nofp\libg.a(libc_a-vfiprintf.o)
                0x0800a98c                _vfiprintf_r
 .text.__sbprintf
                0x0800bbc4       0x84 D:/gcc-arm-none-eabi-10.3-2021.10-win32/gcc-arm-none-eabi-10.3-2021.10/bin/../lib/gcc/arm-none-eabi/14.3.1/../../../../arm-none-eabi/lib/thumb/v7-m/nofp\libg.a(libc_a-vfiprintf.o)
 .text.__sprint_r
                0x0800bc48       0x20 D:/gcc-arm-none-eabi-10.3-2021.10-win32/gcc-arm-none-eabi-10.3-2021.10/bin/../lib/gcc/arm-none-eabi/14.3.1/../../../../arm-none-eabi/lib/thumb/v7-m/nofp\libg.a(libc_a-sprint_r.o)
                0x0800bc48                __sprint_r
 .text.__sfvwrite_r
                0x0800bc68      0x2dc D:/gcc-arm-none-eabi-10.3-2021.10-win32/gcc-arm-none-eabi-10.3-2021.10/bin/../lib/gcc/arm-none-eabi/14.3.1/../../../../arm-none-eabi/lib/thumb/v7-m/nofp\libg.a(libc_a-fvwrite.o)
                0x0800bc68                __sfvwrite_r
 .text.__swsetup_r
                0x0800bf44       0xfc D:/gcc-arm-none-eabi-10.3-2021.10-win32/gcc-arm-none-eabi-10.3-2021.10/bin/../lib/gcc/arm-none-eabi/14.3.1/../../../../arm-none-eabi/lib/thumb/v7-m/nofp\libg.a(libc_a-wsetup.o)
                0x0800bf44                __swsetup_r
 .text.abort    0x0800c040       0x10 D:/gcc-arm-none-eabi-10.3-2021.10-win32/gcc-arm-none-eabi-10.3-2021.10/bin/../lib/gcc/arm-none-eabi/14.3.1/../../../../arm-none-eabi/lib/thumb/v7-m/nofp\libg.a(libc_a-abort.o)
                0x0800c040                abort
 .text.__smakebuf_r
                0x0800c050       0xd0 D:/gcc-arm-none-eabi-10.3-2021.10-win32/gcc-arm-none-eabi-10.3-2021.10/bin/../lib/gcc/arm-none-eabi/14.3.1/../../../../arm-none-eabi/lib/thumb/v7-m/nofp\libg.a(libc_a-makebuf.o)
                0x0800c050                __smakebuf_r
 .text.raise    0x0800c120       0x58 D:/gcc-arm-none-eabi-10.3-2021.10-win32/gcc-arm-none-eabi-10.3-2021.10/bin/../lib/gcc/arm-none-eabi/14.3.1/../../../../arm-none-eabi/lib/thumb/v7-m/nofp\libg.a(libc_a-signal.o)
                0x0800c120                raise
 .text._fstat_r
                0x0800c178       0x28 D:/gcc-arm-none-eabi-10.3-2021.10-win32/gcc-arm-none-eabi-10.3-2021.10/bin/../lib/gcc/arm-none-eabi/14.3.1/../../../../arm-none-eabi/lib/thumb/v7-m/nofp\libg.a(libc_a-fstatr.o)
                0x0800c178                _fstat_r
 .text._isatty_r
                0x0800c1a0       0x24 D:/gcc-arm-none-eabi-10.3-2021.10-win32/gcc-arm-none-eabi-10.3-2021.10/bin/../lib/gcc/arm-none-eabi/14.3.1/../../../../arm-none-eabi/lib/thumb/v7-m/nofp\libg.a(libc_a-isattyr.o)
                0x0800c1a0                _isatty_r
 .text._kill_r  0x0800c1c4       0x28 D:/gcc-arm-none-eabi-10.3-2021.10-win32/gcc-arm-none-eabi-10.3-2021.10/bin/../lib/gcc/arm-none-eabi/14.3.1/../../../../arm-none-eabi/lib/thumb/v7-m/nofp\libg.a(libc_a-signalr.o)
                0x0800c1c4                _kill_r
 .text._getpid_r
                0x0800c1ec        0x4 D:/gcc-arm-none-eabi-10.3-2021.10-win32/gcc-arm-none-eabi-10.3-2021.10/bin/../lib/gcc/arm-none-eabi/14.3.1/../../../../arm-none-eabi/lib/thumb/v7-m/nofp\libg.a(libc_a-signalr.o)
                0x0800c1ec                _getpid_r
 *(.glue_7)
 .glue_7        0x0800c1f0        0x0 linker stubs
 *(.glue_7t)
 .glue_7t       0x0800c1f0        0x0 linker stubs
 *(.eh_frame)
 .eh_frame      0x0800c1f0        0x0 D:/gcc-arm-none-eabi-10.3-2021.10-win32/gcc-arm-none-eabi-10.3-2021.10/bin/../lib/gcc/arm-none-eabi/14.3.1/thumb/v7-m/nofp/crtbegin.o
 *(.init)
 .init          0x0800c1f0        0x4 D:/gcc-arm-none-eabi-10.3-2021.10-win32/gcc-arm-none-eabi-10.3-2021.10/bin/../lib/gcc/arm-none-eabi/14.3.1/thumb/v7-m/nofp/crti.o
                0x0800c1f0                _init
 .init          0x0800c1f4        0x8 D:/gcc-arm-none-eabi-10.3-2021.10-win32/gcc-arm-none-eabi-10.3-2021.10/bin/../lib/gcc/arm-none-eabi/14.3.1/thumb/v7-m/nofp/crtn.o
 *(.fini)
 .fini          0x0800c1fc        0x4 D:/gcc-arm-none-eabi-10.3-2021.10-win32/gcc-arm-none-eabi-10.3-2021.10/bin/../lib/gcc/arm-none-eabi/14.3.1/thumb/v7-m/nofp/crti.o
                0x0800c1fc                _fini
 .fini          0x0800c200        0x8 D:/gcc-arm-none-eabi-10.3-2021.10-win32/gcc-arm-none-eabi-10.3-2021.10/bin/../lib/gcc/arm-none-eabi/14.3.1/thumb/v7-m/nofp/crtn.o
                0x0800c208                        . = ALIGN (0x4)
                0x0800c208                        _etext = .

.vfp11_veneer   0x0800c208        0x0
 .vfp11_veneer  0x0800c208        0x0 linker stubs

.v4_bx          0x0800c208        0x0
 .v4_bx         0x0800c208        0x0 linker stubs

.iplt           0x0800c208        0x0
 .iplt          0x0800c208        0x0 D:/gcc-arm-none-eabi-10.3-2021.10-win32/gcc-arm-none-eabi-10.3-2021.10/bin/../lib/gcc/arm-none-eabi/14.3.1/thumb/v7-m/nofp/crtbegin.o

.rodata         0x0800c208      0x668
                0x0800c208                        . = ALIGN (0x4)
 *(.rodata)
 *(.rodata*)
 .rodata.main.str1.4
                0x0800c208      0x367 CMakeFiles/project1.elf.dir/Core/Src/main.c.obj
                                 0x9b (size before relaxing)
 *fill*         0x0800c56f        0x1 
 .rodata.APBPrescTable
                0x0800c570        0x8 CMakeFiles/project1.elf.dir/Core/Src/system_stm32f1xx.c.obj
                0x0800c570                APBPrescTable
 .rodata.AHBPrescTable
                0x0800c578       0x10 CMakeFiles/project1.elf.dir/Core/Src/system_stm32f1xx.c.obj
                0x0800c578                AHBPrescTable
 .rodata.aPredivFactorTable.0
                0x0800c588        0x2 CMakeFiles/project1.elf.dir/Drivers/STM32F1xx_HAL_Driver/Src/stm32f1xx_hal_rcc.c.obj
 *fill*         0x0800c58a        0x2 
 .rodata.aPLLMULFactorTable.1
                0x0800c58c       0x10 CMakeFiles/project1.elf.dir/Drivers/STM32F1xx_HAL_Driver/Src/stm32f1xx_hal_rcc.c.obj
 .rodata.extract_and_store.str1.4
                0x0800c59c        0x2 CMakeFiles/project1.elf.dir/My/command.c.obj
 .rodata.page_warn.str1.4
                0x0800c59c        0xc CMakeFiles/project1.elf.dir/My/command.c.obj
 .rodata.sendMessage.str1.4
                0x0800c59c        0x9 CMakeFiles/project1.elf.dir/My/command.c.obj
 .rodata.parameter_show_100.str1.4
                0x0800c59c       0x2b CMakeFiles/project1.elf.dir/My/command.c.obj
 .rodata.parameter_show_50.str1.4
                0x0800c59c        0x5 CMakeFiles/project1.elf.dir/My/command.c.obj
 .rodata.UART_Command_Parse.str1.4
                0x0800c59c       0xd1 CMakeFiles/project1.elf.dir/My/command.c.obj
 .rodata.PG_GPIO
                0x0800c59c       0x20 CMakeFiles/project1.elf.dir/My/motor.c.obj
 .rodata.PG_GPIO_pump
                0x0800c5bc       0x10 CMakeFiles/project1.elf.dir/My/pump.c.obj
 .rodata.pump_B
                0x0800c5cc       0x30 CMakeFiles/project1.elf.dir/My/pump.c.obj
 .rodata.pump_A
                0x0800c5fc       0x30 CMakeFiles/project1.elf.dir/My/pump.c.obj
 .rodata._ctype_
                0x0800c62c      0x101 D:/gcc-arm-none-eabi-10.3-2021.10-win32/gcc-arm-none-eabi-10.3-2021.10/bin/../lib/gcc/arm-none-eabi/14.3.1/../../../../arm-none-eabi/lib/thumb/v7-m/nofp\libg.a(libc_a-ctype_.o)
                0x0800c62c                _ctype_
 .rodata._svfprintf_r.str1.4
                0x0800c72d       0x42 D:/gcc-arm-none-eabi-10.3-2021.10-win32/gcc-arm-none-eabi-10.3-2021.10/bin/../lib/gcc/arm-none-eabi/14.3.1/../../../../arm-none-eabi/lib/thumb/v7-m/nofp\libg.a(libc_a-svfprintf.o)
 *fill*         0x0800c72d        0x3 
 .rodata.zeroes.0
                0x0800c730       0x10 D:/gcc-arm-none-eabi-10.3-2021.10-win32/gcc-arm-none-eabi-10.3-2021.10/bin/../lib/gcc/arm-none-eabi/14.3.1/../../../../arm-none-eabi/lib/thumb/v7-m/nofp\libg.a(libc_a-svfprintf.o)
 .rodata.blanks.1
                0x0800c740       0x10 D:/gcc-arm-none-eabi-10.3-2021.10-win32/gcc-arm-none-eabi-10.3-2021.10/bin/../lib/gcc/arm-none-eabi/14.3.1/../../../../arm-none-eabi/lib/thumb/v7-m/nofp\libg.a(libc_a-svfprintf.o)
 .rodata.str1.4
                0x0800c750       0x4c D:/gcc-arm-none-eabi-10.3-2021.10-win32/gcc-arm-none-eabi-10.3-2021.10/bin/../lib/gcc/arm-none-eabi/14.3.1/../../../../arm-none-eabi/lib/thumb/v7-m/nofp\libg.a(libc_a-locale.o)
 .rodata._dtoa_r.str1.4
                0x0800c750       0x83 D:/gcc-arm-none-eabi-10.3-2021.10-win32/gcc-arm-none-eabi-10.3-2021.10/bin/../lib/gcc/arm-none-eabi/14.3.1/../../../../arm-none-eabi/lib/thumb/v7-m/nofp\libg.a(libc_a-dtoa.o)
 .rodata.__multadd.str1.4
                0x0800c750       0x70 D:/gcc-arm-none-eabi-10.3-2021.10-win32/gcc-arm-none-eabi-10.3-2021.10/bin/../lib/gcc/arm-none-eabi/14.3.1/../../../../arm-none-eabi/lib/thumb/v7-m/nofp\libg.a(libc_a-mprec.o)
 .rodata.p05.0  0x0800c750        0xc D:/gcc-arm-none-eabi-10.3-2021.10-win32/gcc-arm-none-eabi-10.3-2021.10/bin/../lib/gcc/arm-none-eabi/14.3.1/../../../../arm-none-eabi/lib/thumb/v7-m/nofp\libg.a(libc_a-mprec.o)
 *fill*         0x0800c75c        0x4 
 .rodata.__mprec_bigtens
                0x0800c760       0x28 D:/gcc-arm-none-eabi-10.3-2021.10-win32/gcc-arm-none-eabi-10.3-2021.10/bin/../lib/gcc/arm-none-eabi/14.3.1/../../../../arm-none-eabi/lib/thumb/v7-m/nofp\libg.a(libc_a-mprec.o)
                0x0800c760                __mprec_bigtens
 .rodata.__mprec_tens
                0x0800c788       0xc8 D:/gcc-arm-none-eabi-10.3-2021.10-win32/gcc-arm-none-eabi-10.3-2021.10/bin/../lib/gcc/arm-none-eabi/14.3.1/../../../../arm-none-eabi/lib/thumb/v7-m/nofp\libg.a(libc_a-mprec.o)
                0x0800c788                __mprec_tens
 .rodata.__assert_func.str1.4
                0x0800c850       0x43 D:/gcc-arm-none-eabi-10.3-2021.10-win32/gcc-arm-none-eabi-10.3-2021.10/bin/../lib/gcc/arm-none-eabi/14.3.1/../../../../arm-none-eabi/lib/thumb/v7-m/nofp\libg.a(libc_a-assert.o)
 .rodata._vfiprintf_r.str1.4
                0x0800c850       0x2f D:/gcc-arm-none-eabi-10.3-2021.10-win32/gcc-arm-none-eabi-10.3-2021.10/bin/../lib/gcc/arm-none-eabi/14.3.1/../../../../arm-none-eabi/lib/thumb/v7-m/nofp\libg.a(libc_a-vfiprintf.o)
 .rodata.zeroes.0
                0x0800c850       0x10 D:/gcc-arm-none-eabi-10.3-2021.10-win32/gcc-arm-none-eabi-10.3-2021.10/bin/../lib/gcc/arm-none-eabi/14.3.1/../../../../arm-none-eabi/lib/thumb/v7-m/nofp\libg.a(libc_a-vfiprintf.o)
 .rodata.blanks.1
                0x0800c860       0x10 D:/gcc-arm-none-eabi-10.3-2021.10-win32/gcc-arm-none-eabi-10.3-2021.10/bin/../lib/gcc/arm-none-eabi/14.3.1/../../../../arm-none-eabi/lib/thumb/v7-m/nofp\libg.a(libc_a-vfiprintf.o)
                0x0800c894                        . = ALIGN (0x4)

.ARM.extab      0x0800c870        0x0
                0x0800c870                        . = ALIGN (0x4)
 *(.ARM.extab* .gnu.linkonce.armextab.*)
                0x0800c870                        . = ALIGN (0x4)

.ARM            0x0800c870        0x8
                0x0800c870                        . = ALIGN (0x4)
                0x0800c870                        __exidx_start = .
 *(.ARM.exidx*)
 .ARM.exidx     0x0800c870        0x8 D:/gcc-arm-none-eabi-10.3-2021.10-win32/gcc-arm-none-eabi-10.3-2021.10/bin/../lib/gcc/arm-none-eabi/14.3.1/../../../../arm-none-eabi/lib/thumb/v7-m/nofp\libg.a(libc_a-memcpy.o)
                0x0800c878                        __exidx_end = .
                0x0800c878                        . = ALIGN (0x4)

.preinit_array  0x0800c878        0x0
                0x0800c878                        . = ALIGN (0x4)
                0x0800c878                        PROVIDE (__preinit_array_start = .)
 *(.preinit_array*)
                0x0800c878                        PROVIDE (__preinit_array_end = .)
                0x0800c878                        . = ALIGN (0x4)

.init_array     0x0800c878        0x8
                0x0800c878                        . = ALIGN (0x4)
                0x0800c878                        PROVIDE (__init_array_start = .)
 *(SORT_BY_NAME(.init_array.*))
 .init_array.00000
                0x0800c878        0x4 D:/gcc-arm-none-eabi-10.3-2021.10-win32/gcc-arm-none-eabi-10.3-2021.10/bin/../lib/gcc/arm-none-eabi/14.3.1/../../../../arm-none-eabi/lib/thumb/v7-m/nofp\libg.a(libc_a-__call_atexit.o)
 *(.init_array*)
 .init_array    0x0800c87c        0x4 D:/gcc-arm-none-eabi-10.3-2021.10-win32/gcc-arm-none-eabi-10.3-2021.10/bin/../lib/gcc/arm-none-eabi/14.3.1/thumb/v7-m/nofp/crtbegin.o
                0x0800c880                        PROVIDE (__init_array_end = .)
                0x0800c880                        . = ALIGN (0x4)

.fini_array     0x0800c880        0x4
                0x0800c880                        . = ALIGN (0x4)
                0x0800c880                        PROVIDE (__fini_array_start = .)
 *(SORT_BY_NAME(.fini_array.*))
 *(.fini_array*)
 .fini_array    0x0800c880        0x4 D:/gcc-arm-none-eabi-10.3-2021.10-win32/gcc-arm-none-eabi-10.3-2021.10/bin/../lib/gcc/arm-none-eabi/14.3.1/thumb/v7-m/nofp/crtbegin.o
                0x0800c884                        PROVIDE (__fini_array_end = .)
                0x0800c884                        . = ALIGN (0x4)
                0x0800c884                        _sidata = LOADADDR (.data)

.rel.dyn        0x0800c884        0x0
 .rel.iplt      0x0800c884        0x0 D:/gcc-arm-none-eabi-10.3-2021.10-win32/gcc-arm-none-eabi-10.3-2021.10/bin/../lib/gcc/arm-none-eabi/14.3.1/thumb/v7-m/nofp/crtbegin.o

.data           0x20000000      0x8bc load address 0x0800c884
                0x20000000                        . = ALIGN (0x4)
                0x20000000                        _sdata = .
 *(.data)
 *(.data*)
 .data.SystemCoreClock
                0x20000000        0x4 CMakeFiles/project1.elf.dir/Core/Src/system_stm32f1xx.c.obj
                0x20000000                SystemCoreClock
 .data.uwTickFreq
                0x20000004        0x1 CMakeFiles/project1.elf.dir/Drivers/STM32F1xx_HAL_Driver/Src/stm32f1xx_hal.c.obj
                0x20000004                uwTickFreq
 *fill*         0x20000005        0x3 
 .data.uwTickPrio
                0x20000008        0x4 CMakeFiles/project1.elf.dir/Drivers/STM32F1xx_HAL_Driver/Src/stm32f1xx_hal.c.obj
                0x20000008                uwTickPrio
 .data.pump_delay_time_100
                0x2000000c       0x18 CMakeFiles/project1.elf.dir/My/pump.c.obj
                0x2000000c                pump_delay_time_100
 .data.pump_delay_time_50
                0x20000024       0x18 CMakeFiles/project1.elf.dir/My/pump.c.obj
                0x20000024                pump_delay_time_50
 .data.__sglue  0x2000003c        0xc D:/gcc-arm-none-eabi-10.3-2021.10-win32/gcc-arm-none-eabi-10.3-2021.10/bin/../lib/gcc/arm-none-eabi/14.3.1/../../../../arm-none-eabi/lib/thumb/v7-m/nofp\libg.a(libc_a-findfp.o)
                0x2000003c                __sglue
 .data._impure_ptr
                0x20000048        0x4 D:/gcc-arm-none-eabi-10.3-2021.10-win32/gcc-arm-none-eabi-10.3-2021.10/bin/../lib/gcc/arm-none-eabi/14.3.1/../../../../arm-none-eabi/lib/thumb/v7-m/nofp\libg.a(libc_a-impure.o)
                0x20000048                _impure_ptr
 *fill*         0x2000004c        0x4 
 .data._impure_data
                0x20000050      0x200 D:/gcc-arm-none-eabi-10.3-2021.10-win32/gcc-arm-none-eabi-10.3-2021.10/bin/../lib/gcc/arm-none-eabi/14.3.1/../../../../arm-none-eabi/lib/thumb/v7-m/nofp\libg.a(libc_a-impure.o)
                0x20000050                _impure_data
 .data.__atexit_recursive_mutex
                0x20000250        0x4 D:/gcc-arm-none-eabi-10.3-2021.10-win32/gcc-arm-none-eabi-10.3-2021.10/bin/../lib/gcc/arm-none-eabi/14.3.1/../../../../arm-none-eabi/lib/thumb/v7-m/nofp\libg.a(libc_a-__call_atexit.o)
                0x20000250                __atexit_recursive_mutex
 .data.__malloc_sbrk_base
                0x20000254        0x4 D:/gcc-arm-none-eabi-10.3-2021.10-win32/gcc-arm-none-eabi-10.3-2021.10/bin/../lib/gcc/arm-none-eabi/14.3.1/../../../../arm-none-eabi/lib/thumb/v7-m/nofp\libg.a(libc_a-mallocr.o)
                0x20000254                __malloc_sbrk_base
 .data.__malloc_trim_threshold
                0x20000258        0x4 D:/gcc-arm-none-eabi-10.3-2021.10-win32/gcc-arm-none-eabi-10.3-2021.10/bin/../lib/gcc/arm-none-eabi/14.3.1/../../../../arm-none-eabi/lib/thumb/v7-m/nofp\libg.a(libc_a-mallocr.o)
                0x20000258                __malloc_trim_threshold
 *fill*         0x2000025c        0x4 
 .data.__malloc_av_
                0x20000260      0x408 D:/gcc-arm-none-eabi-10.3-2021.10-win32/gcc-arm-none-eabi-10.3-2021.10/bin/../lib/gcc/arm-none-eabi/14.3.1/../../../../arm-none-eabi/lib/thumb/v7-m/nofp\libg.a(libc_a-mallocr.o)
                0x20000260                __malloc_av_
 .data.__global_locale
                0x20000668      0x254 D:/gcc-arm-none-eabi-10.3-2021.10-win32/gcc-arm-none-eabi-10.3-2021.10/bin/../lib/gcc/arm-none-eabi/14.3.1/../../../../arm-none-eabi/lib/thumb/v7-m/nofp\libg.a(libc_a-locale.o)
                0x20000668                __global_locale
 *(.RamFunc)
 *(.RamFunc*)
                0x200008bc                        . = ALIGN (0x4)
                0x200008bc                        _edata = .

.tm_clone_table
                0x200008bc        0x0 load address 0x0800d140
 .tm_clone_table
                0x200008bc        0x0 D:/gcc-arm-none-eabi-10.3-2021.10-win32/gcc-arm-none-eabi-10.3-2021.10/bin/../lib/gcc/arm-none-eabi/14.3.1/thumb/v7-m/nofp/crtbegin.o
 .tm_clone_table
                0x200008bc        0x0 D:/gcc-arm-none-eabi-10.3-2021.10-win32/gcc-arm-none-eabi-10.3-2021.10/bin/../lib/gcc/arm-none-eabi/14.3.1/thumb/v7-m/nofp/crtend.o

.igot.plt       0x200008bc        0x0 load address 0x0800d140
 .igot.plt      0x200008bc        0x0 D:/gcc-arm-none-eabi-10.3-2021.10-win32/gcc-arm-none-eabi-10.3-2021.10/bin/../lib/gcc/arm-none-eabi/14.3.1/thumb/v7-m/nofp/crtbegin.o
                0x200008bc                        . = ALIGN (0x4)

.bss            0x200008c0      0x618 load address 0x0800d140
                0x200008c0                        _sbss = .
                0x200008c0                        __bss_start__ = _sbss
 *(.bss)
 *(.bss*)
 .bss.completed.1
                0x200008c0        0x1 D:/gcc-arm-none-eabi-10.3-2021.10-win32/gcc-arm-none-eabi-10.3-2021.10/bin/../lib/gcc/arm-none-eabi/14.3.1/thumb/v7-m/nofp/crtbegin.o
 *fill*         0x200008c1        0x3 
 .bss.object.0  0x200008c4       0x18 D:/gcc-arm-none-eabi-10.3-2021.10-win32/gcc-arm-none-eabi-10.3-2021.10/bin/../lib/gcc/arm-none-eabi/14.3.1/thumb/v7-m/nofp/crtbegin.o
 .bss.__sbrk_heap_end
                0x200008dc        0x4 CMakeFiles/project1.elf.dir/Core/Src/sysmem.c.obj
 .bss.htim4     0x200008e0       0x48 CMakeFiles/project1.elf.dir/Core/Src/tim.c.obj
                0x200008e0                htim4
 .bss.htim3     0x20000928       0x48 CMakeFiles/project1.elf.dir/Core/Src/tim.c.obj
                0x20000928                htim3
 .bss.htim2     0x20000970       0x48 CMakeFiles/project1.elf.dir/Core/Src/tim.c.obj
                0x20000970                htim2
 .bss.htim1     0x200009b8       0x48 CMakeFiles/project1.elf.dir/Core/Src/tim.c.obj
                0x200009b8                htim1
 .bss.hdma_usart2_rx
                0x20000a00       0x44 CMakeFiles/project1.elf.dir/Core/Src/usart.c.obj
                0x20000a00                hdma_usart2_rx
 .bss.hdma_usart1_rx
                0x20000a44       0x44 CMakeFiles/project1.elf.dir/Core/Src/usart.c.obj
                0x20000a44                hdma_usart1_rx
 .bss.huart2    0x20000a88       0x48 CMakeFiles/project1.elf.dir/Core/Src/usart.c.obj
                0x20000a88                huart2
 .bss.huart1    0x20000ad0       0x48 CMakeFiles/project1.elf.dir/Core/Src/usart.c.obj
                0x20000ad0                huart1
 .bss.uwTick    0x20000b18        0x4 CMakeFiles/project1.elf.dir/Drivers/STM32F1xx_HAL_Driver/Src/stm32f1xx_hal.c.obj
                0x20000b18                uwTick
 *fill*         0x20000b1c        0x4 
 .bss.pFlash    0x20000b20       0x20 CMakeFiles/project1.elf.dir/Drivers/STM32F1xx_HAL_Driver/Src/stm32f1xx_hal_flash.c.obj
                0x20000b20                pFlash
 .bss.rx_buffer
                0x20000b40       0x64 CMakeFiles/project1.elf.dir/My/command.c.obj
                0x20000b40                rx_buffer
 .bss.flag_show
                0x20000ba4        0x1 CMakeFiles/project1.elf.dir/My/command.c.obj
                0x20000ba4                flag_show
 .bss.flag_reset
                0x20000ba5        0x1 CMakeFiles/project1.elf.dir/My/command.c.obj
                0x20000ba5                flag_reset
 .bss.flag_S50  0x20000ba6        0x1 CMakeFiles/project1.elf.dir/My/command.c.obj
                0x20000ba6                flag_S50
 .bss.flag_S200
                0x20000ba7        0x1 CMakeFiles/project1.elf.dir/My/command.c.obj
                0x20000ba7                flag_S200
 .bss.flag_S100
                0x20000ba8        0x1 CMakeFiles/project1.elf.dir/My/command.c.obj
                0x20000ba8                flag_S100
 .bss.flag_pi   0x20000ba9        0x1 CMakeFiles/project1.elf.dir/My/command.c.obj
                0x20000ba9                flag_pi
 .bss.flag_ps   0x20000baa        0x1 CMakeFiles/project1.elf.dir/My/command.c.obj
                0x20000baa                flag_ps
 .bss.flag_po   0x20000bab        0x1 CMakeFiles/project1.elf.dir/My/command.c.obj
                0x20000bab                flag_po
 .bss.flag_mb   0x20000bac        0x1 CMakeFiles/project1.elf.dir/My/command.c.obj
                0x20000bac                flag_mb
 .bss.flag_ms   0x20000bad        0x1 CMakeFiles/project1.elf.dir/My/command.c.obj
                0x20000bad                flag_ms
 .bss.flag_mf   0x20000bae        0x1 CMakeFiles/project1.elf.dir/My/command.c.obj
                0x20000bae                flag_mf
 .bss.flag_xiqu
                0x20000baf        0x1 CMakeFiles/project1.elf.dir/My/command.c.obj
                0x20000baf                flag_xiqu
 .bss.flag_shouqu
                0x20000bb0        0x1 CMakeFiles/project1.elf.dir/My/command.c.obj
                0x20000bb0                flag_shouqu
 .bss.flag_50   0x20000bb1        0x1 CMakeFiles/project1.elf.dir/My/command.c.obj
                0x20000bb1                flag_50
 .bss.flag_200  0x20000bb2        0x1 CMakeFiles/project1.elf.dir/My/command.c.obj
                0x20000bb2                flag_200
 .bss.flag_100  0x20000bb3        0x1 CMakeFiles/project1.elf.dir/My/command.c.obj
                0x20000bb3                flag_100
 .bss.flag_PG_motor
                0x20000bb4        0x4 CMakeFiles/project1.elf.dir/My/motor.c.obj
                0x20000bb4                flag_PG_motor
 .bss.flag_PG_pump
                0x20000bb8        0x2 CMakeFiles/project1.elf.dir/My/pump.c.obj
                0x20000bb8                flag_PG_pump
 .bss.flag_pump_delay_100
                0x20000bba        0x1 CMakeFiles/project1.elf.dir/My/pump.c.obj
                0x20000bba                flag_pump_delay_100
 .bss.flag_pump_delay_50
                0x20000bbb        0x1 CMakeFiles/project1.elf.dir/My/pump.c.obj
                0x20000bbb                flag_pump_delay_50
 .bss.time_count
                0x20000bbc        0x4 CMakeFiles/project1.elf.dir/My/pump.c.obj
                0x20000bbc                time_count
 .bss.all_delay_done
                0x20000bc0        0x1 CMakeFiles/project1.elf.dir/My/pump.c.obj
                0x20000bc0                all_delay_done
 *fill*         0x20000bc1        0x3 
 .bss.__sf      0x20000bc4      0x138 D:/gcc-arm-none-eabi-10.3-2021.10-win32/gcc-arm-none-eabi-10.3-2021.10/bin/../lib/gcc/arm-none-eabi/14.3.1/../../../../arm-none-eabi/lib/thumb/v7-m/nofp\libg.a(libc_a-findfp.o)
                0x20000bc4                __sf
 .bss.__stdio_exit_handler
                0x20000cfc        0x4 D:/gcc-arm-none-eabi-10.3-2021.10-win32/gcc-arm-none-eabi-10.3-2021.10/bin/../lib/gcc/arm-none-eabi/14.3.1/../../../../arm-none-eabi/lib/thumb/v7-m/nofp\libg.a(libc_a-findfp.o)
                0x20000cfc                __stdio_exit_handler
 .bss.errno     0x20000d00        0x4 D:/gcc-arm-none-eabi-10.3-2021.10-win32/gcc-arm-none-eabi-10.3-2021.10/bin/../lib/gcc/arm-none-eabi/14.3.1/../../../../arm-none-eabi/lib/thumb/v7-m/nofp\libg.a(libc_a-reent.o)
                0x20000d00                errno
 .bss.__lock___malloc_recursive_mutex
                0x20000d04        0x1 D:/gcc-arm-none-eabi-10.3-2021.10-win32/gcc-arm-none-eabi-10.3-2021.10/bin/../lib/gcc/arm-none-eabi/14.3.1/../../../../arm-none-eabi/lib/thumb/v7-m/nofp\libg.a(libc_a-lock.o)
                0x20000d04                __lock___malloc_recursive_mutex
 *fill*         0x20000d05        0x3 
 .bss.__lock___atexit_recursive_mutex
                0x20000d08        0x1 D:/gcc-arm-none-eabi-10.3-2021.10-win32/gcc-arm-none-eabi-10.3-2021.10/bin/../lib/gcc/arm-none-eabi/14.3.1/../../../../arm-none-eabi/lib/thumb/v7-m/nofp\libg.a(libc_a-lock.o)
                0x20000d08                __lock___atexit_recursive_mutex
 *fill*         0x20000d09        0x3 
 .bss.__lock___sfp_recursive_mutex
                0x20000d0c        0x1 D:/gcc-arm-none-eabi-10.3-2021.10-win32/gcc-arm-none-eabi-10.3-2021.10/bin/../lib/gcc/arm-none-eabi/14.3.1/../../../../arm-none-eabi/lib/thumb/v7-m/nofp\libg.a(libc_a-lock.o)
                0x20000d0c                __lock___sfp_recursive_mutex
 *fill*         0x20000d0d        0x3 
 .bss.__atexit  0x20000d10        0x4 D:/gcc-arm-none-eabi-10.3-2021.10-win32/gcc-arm-none-eabi-10.3-2021.10/bin/../lib/gcc/arm-none-eabi/14.3.1/../../../../arm-none-eabi/lib/thumb/v7-m/nofp\libg.a(libc_a-__call_atexit.o)
                0x20000d10                __atexit
 .bss.__malloc_current_mallinfo
                0x20000d14       0x28 D:/gcc-arm-none-eabi-10.3-2021.10-win32/gcc-arm-none-eabi-10.3-2021.10/bin/../lib/gcc/arm-none-eabi/14.3.1/../../../../arm-none-eabi/lib/thumb/v7-m/nofp\libg.a(libc_a-mallocr.o)
                0x20000d14                __malloc_current_mallinfo
 .bss.__malloc_max_total_mem
                0x20000d3c        0x4 D:/gcc-arm-none-eabi-10.3-2021.10-win32/gcc-arm-none-eabi-10.3-2021.10/bin/../lib/gcc/arm-none-eabi/14.3.1/../../../../arm-none-eabi/lib/thumb/v7-m/nofp\libg.a(libc_a-mallocr.o)
                0x20000d3c                __malloc_max_total_mem
 .bss.__malloc_max_sbrked_mem
                0x20000d40        0x4 D:/gcc-arm-none-eabi-10.3-2021.10-win32/gcc-arm-none-eabi-10.3-2021.10/bin/../lib/gcc/arm-none-eabi/14.3.1/../../../../arm-none-eabi/lib/thumb/v7-m/nofp\libg.a(libc_a-mallocr.o)
                0x20000d40                __malloc_max_sbrked_mem
 .bss.__malloc_top_pad
                0x20000d44        0x4 D:/gcc-arm-none-eabi-10.3-2021.10-win32/gcc-arm-none-eabi-10.3-2021.10/bin/../lib/gcc/arm-none-eabi/14.3.1/../../../../arm-none-eabi/lib/thumb/v7-m/nofp\libg.a(libc_a-mallocr.o)
                0x20000d44                __malloc_top_pad
 .bss.__atexit0
                0x20000d48      0x190 D:/gcc-arm-none-eabi-10.3-2021.10-win32/gcc-arm-none-eabi-10.3-2021.10/bin/../lib/gcc/arm-none-eabi/14.3.1/../../../../arm-none-eabi/lib/thumb/v7-m/nofp\libg.a(libc_a-__atexit.o)
                0x20000d48                __atexit0
 *(COMMON)
                0x20000ed8                        . = ALIGN (0x4)
                0x20000ed8                        _ebss = .
                0x20000ed8                        __bss_end__ = _ebss

._user_heap_stack
                0x20000ed8      0x600 load address 0x0800d140
                0x20000ed8                        . = ALIGN (0x8)
                [!provide]                        PROVIDE (end = .)
                0x20000ed8                        PROVIDE (_end = .)
                0x200010d8                        . = (. + _Min_Heap_Size)
 *fill*         0x20000ed8      0x200 
                0x200014d8                        . = (. + _Min_Stack_Size)
 *fill*         0x200010d8      0x400 
                0x200014d8                        . = ALIGN (0x8)

/DISCARD/
 libc.a(*)
 libm.a(*)
 libgcc.a(*)

.ARM.attributes
                0x00000000       0x29
 *(.ARM.attributes)
 .ARM.attributes
                0x00000000       0x1d D:/gcc-arm-none-eabi-10.3-2021.10-win32/gcc-arm-none-eabi-10.3-2021.10/bin/../lib/gcc/arm-none-eabi/14.3.1/thumb/v7-m/nofp/crti.o
 .ARM.attributes
                0x0000001d       0x2d D:/gcc-arm-none-eabi-10.3-2021.10-win32/gcc-arm-none-eabi-10.3-2021.10/bin/../lib/gcc/arm-none-eabi/14.3.1/thumb/v7-m/nofp/crtbegin.o
 .ARM.attributes
                0x0000004a       0x2d CMakeFiles/project1.elf.dir/Core/Src/dma.c.obj
 .ARM.attributes
                0x00000077       0x2d CMakeFiles/project1.elf.dir/Core/Src/gpio.c.obj
 .ARM.attributes
                0x000000a4       0x2d CMakeFiles/project1.elf.dir/Core/Src/main.c.obj
 .ARM.attributes
                0x000000d1       0x2d CMakeFiles/project1.elf.dir/Core/Src/stm32f1xx_hal_msp.c.obj
 .ARM.attributes
                0x000000fe       0x2d CMakeFiles/project1.elf.dir/Core/Src/stm32f1xx_it.c.obj
 .ARM.attributes
                0x0000012b       0x2d CMakeFiles/project1.elf.dir/Core/Src/syscalls.c.obj
 .ARM.attributes
                0x00000158       0x2d CMakeFiles/project1.elf.dir/Core/Src/sysmem.c.obj
 .ARM.attributes
                0x00000185       0x2d CMakeFiles/project1.elf.dir/Core/Src/system_stm32f1xx.c.obj
 .ARM.attributes
                0x000001b2       0x2d CMakeFiles/project1.elf.dir/Core/Src/tim.c.obj
 .ARM.attributes
                0x000001df       0x2d CMakeFiles/project1.elf.dir/Core/Src/usart.c.obj
 .ARM.attributes
                0x0000020c       0x21 CMakeFiles/project1.elf.dir/Core/Startup/startup_stm32f103c8tx.s.obj
 .ARM.attributes
                0x0000022d       0x2d CMakeFiles/project1.elf.dir/Drivers/STM32F1xx_HAL_Driver/Src/stm32f1xx_hal.c.obj
 .ARM.attributes
                0x0000025a       0x2d CMakeFiles/project1.elf.dir/Drivers/STM32F1xx_HAL_Driver/Src/stm32f1xx_hal_cortex.c.obj
 .ARM.attributes
                0x00000287       0x2d CMakeFiles/project1.elf.dir/Drivers/STM32F1xx_HAL_Driver/Src/stm32f1xx_hal_dma.c.obj
 .ARM.attributes
                0x000002b4       0x2d CMakeFiles/project1.elf.dir/Drivers/STM32F1xx_HAL_Driver/Src/stm32f1xx_hal_flash.c.obj
 .ARM.attributes
                0x000002e1       0x2d CMakeFiles/project1.elf.dir/Drivers/STM32F1xx_HAL_Driver/Src/stm32f1xx_hal_flash_ex.c.obj
 .ARM.attributes
                0x0000030e       0x2d CMakeFiles/project1.elf.dir/Drivers/STM32F1xx_HAL_Driver/Src/stm32f1xx_hal_gpio.c.obj
 .ARM.attributes
                0x0000033b       0x2d CMakeFiles/project1.elf.dir/Drivers/STM32F1xx_HAL_Driver/Src/stm32f1xx_hal_rcc.c.obj
 .ARM.attributes
                0x00000368       0x2d CMakeFiles/project1.elf.dir/Drivers/STM32F1xx_HAL_Driver/Src/stm32f1xx_hal_tim.c.obj
 .ARM.attributes
                0x00000395       0x2d CMakeFiles/project1.elf.dir/Drivers/STM32F1xx_HAL_Driver/Src/stm32f1xx_hal_tim_ex.c.obj
 .ARM.attributes
                0x000003c2       0x2d CMakeFiles/project1.elf.dir/Drivers/STM32F1xx_HAL_Driver/Src/stm32f1xx_hal_uart.c.obj
 .ARM.attributes
                0x000003ef       0x2d CMakeFiles/project1.elf.dir/My/command.c.obj
 .ARM.attributes
                0x0000041c       0x2d CMakeFiles/project1.elf.dir/My/motor.c.obj
 .ARM.attributes
                0x00000449       0x2d CMakeFiles/project1.elf.dir/My/pump.c.obj
 .ARM.attributes
                0x00000476       0x2d D:/gcc-arm-none-eabi-10.3-2021.10-win32/gcc-arm-none-eabi-10.3-2021.10/bin/../lib/gcc/arm-none-eabi/14.3.1/../../../../arm-none-eabi/lib/thumb/v7-m/nofp\libg.a(libc_a-atoi.o)
 .ARM.attributes
                0x000004a3       0x2d D:/gcc-arm-none-eabi-10.3-2021.10-win32/gcc-arm-none-eabi-10.3-2021.10/bin/../lib/gcc/arm-none-eabi/14.3.1/../../../../arm-none-eabi/lib/thumb/v7-m/nofp\libg.a(libc_a-strtol.o)
 .ARM.attributes
                0x000004d0       0x2d D:/gcc-arm-none-eabi-10.3-2021.10-win32/gcc-arm-none-eabi-10.3-2021.10/bin/../lib/gcc/arm-none-eabi/14.3.1/../../../../arm-none-eabi/lib/thumb/v7-m/nofp\libg.a(libc_a-ctype_.o)
 .ARM.attributes
                0x000004fd       0x2d D:/gcc-arm-none-eabi-10.3-2021.10-win32/gcc-arm-none-eabi-10.3-2021.10/bin/../lib/gcc/arm-none-eabi/14.3.1/../../../../arm-none-eabi/lib/thumb/v7-m/nofp\libg.a(libc_a-findfp.o)
 .ARM.attributes
                0x0000052a       0x2d D:/gcc-arm-none-eabi-10.3-2021.10-win32/gcc-arm-none-eabi-10.3-2021.10/bin/../lib/gcc/arm-none-eabi/14.3.1/../../../../arm-none-eabi/lib/thumb/v7-m/nofp\libg.a(libc_a-fwalk.o)
 .ARM.attributes
                0x00000557       0x2d D:/gcc-arm-none-eabi-10.3-2021.10-win32/gcc-arm-none-eabi-10.3-2021.10/bin/../lib/gcc/arm-none-eabi/14.3.1/../../../../arm-none-eabi/lib/thumb/v7-m/nofp\libg.a(libc_a-sprintf.o)
 .ARM.attributes
                0x00000584       0x2d D:/gcc-arm-none-eabi-10.3-2021.10-win32/gcc-arm-none-eabi-10.3-2021.10/bin/../lib/gcc/arm-none-eabi/14.3.1/../../../../arm-none-eabi/lib/thumb/v7-m/nofp\libg.a(libc_a-stdio.o)
 .ARM.attributes
                0x000005b1       0x2d D:/gcc-arm-none-eabi-10.3-2021.10-win32/gcc-arm-none-eabi-10.3-2021.10/bin/../lib/gcc/arm-none-eabi/14.3.1/../../../../arm-none-eabi/lib/thumb/v7-m/nofp\libg.a(libc_a-memset.o)
 .ARM.attributes
                0x000005de       0x2d D:/gcc-arm-none-eabi-10.3-2021.10-win32/gcc-arm-none-eabi-10.3-2021.10/bin/../lib/gcc/arm-none-eabi/14.3.1/../../../../arm-none-eabi/lib/thumb/v7-m/nofp\libg.a(libc_a-strchr.o)
 .ARM.attributes
                0x0000060b       0x2d D:/gcc-arm-none-eabi-10.3-2021.10-win32/gcc-arm-none-eabi-10.3-2021.10/bin/../lib/gcc/arm-none-eabi/14.3.1/../../../../arm-none-eabi/lib/thumb/v7-m/nofp\libg.a(libc_a-strncmp.o)
 .ARM.attributes
                0x00000638       0x2d D:/gcc-arm-none-eabi-10.3-2021.10-win32/gcc-arm-none-eabi-10.3-2021.10/bin/../lib/gcc/arm-none-eabi/14.3.1/../../../../arm-none-eabi/lib/thumb/v7-m/nofp\libg.a(libc_a-strtok.o)
 .ARM.attributes
                0x00000665       0x2d D:/gcc-arm-none-eabi-10.3-2021.10-win32/gcc-arm-none-eabi-10.3-2021.10/bin/../lib/gcc/arm-none-eabi/14.3.1/../../../../arm-none-eabi/lib/thumb/v7-m/nofp\libg.a(libc_a-strtok_r.o)
 .ARM.attributes
                0x00000692       0x2d D:/gcc-arm-none-eabi-10.3-2021.10-win32/gcc-arm-none-eabi-10.3-2021.10/bin/../lib/gcc/arm-none-eabi/14.3.1/../../../../arm-none-eabi/lib/thumb/v7-m/nofp\libg.a(libc_a-closer.o)
 .ARM.attributes
                0x000006bf       0x2d D:/gcc-arm-none-eabi-10.3-2021.10-win32/gcc-arm-none-eabi-10.3-2021.10/bin/../lib/gcc/arm-none-eabi/14.3.1/../../../../arm-none-eabi/lib/thumb/v7-m/nofp\libg.a(libc_a-reent.o)
 .ARM.attributes